80100000 T _start
80100020 t _undefined_instruction
80100024 t _software_interrupt
80100028 t _prefetch_abort
8010002c t _data_abort
80100030 t _not_used
80100034 t _irq
80100038 t _fiq
80100040 t _TEXT_BASE
80100044 T _armboot_start
80100048 T _bss_start
8010004c T _bss_end
80100050 t reset
80100064 t relocate
80100084 t copy_loop
80100094 t stack_setup
801000a4 t clear_bss
801000b0 t clbss_l
801000cc t _start_armboot
801000d0 t cpu_init_crit
80100120 t undefined_instruction
80100180 t software_interrupt
801001e0 t prefetch_abort
80100240 t data_abort
801002a0 t not_used
80100300 t irq
80100360 t fiq
801003c0 T lowlevel_init
801003cc T dram_init
801003f0 T arch_misc_init
801003f8 T arch_preboot_os
801003fc T print_cpuinfo
80100464 T arch_cpu_init
801004a0 T cpu_get_clock_hz
801005f8 T cpu_cfg_info
80100910 T mem_cfg_info
80100bb8 T cpu_stat_info
80100bdc T cpu_mach_init
80100f08 T cpu_mach_wakeup
8010100c T goto_wakeup_asm
80101074 t fail_size
80101084 t loop
80101090 t verify_sum
801010b0 t exit_wakeup
801010b4 T asm_cpu_wakeup
80101190 T serial_setbrg
80101194 T serial_tstc
801011b0 T serial_getc
801011ec t uart_tx_byte
80101228 T serial_putc
8010124c T serial_puts
8010127c T serial_init
80101434 t sdhc_init
8010143c T board_mmc_init
801014f4 t sdhc_set_ios
8010170c t sdhc_request
80101edc T sdhc_arch_init
801020d8 T do_info
80102244 T do_zimage
801023a4 T iUSBBOOT
8010293c T do_usbdown
801029c4 T MemoryInitWithRstCfg
80102b64 T ProcessBootHeader
80102bb0 T NX_ALIVE_Initialize
80102bdc T NX_ALIVE_GetNumberOfModule
80102be4 T NX_ALIVE_GetPhysicalAddress
80102bf0 T NX_ALIVE_GetSizeOfRegisterSet
80102bf8 T NX_ALIVE_SetBaseAddress
80102c08 T NX_ALIVE_GetBaseAddress
80102c18 T NX_ALIVE_OpenModule
80102c20 T NX_ALIVE_CloseModule
80102c28 T NX_ALIVE_CheckBusy
80102c30 T NX_ALIVE_CanPowerDown
80102c38 T NX_ALIVE_GetInterruptNumber
80102c40 T NX_ALIVE_SetInterruptEnable
80102c68 T NX_ALIVE_GetInterruptEnable
80102c84 T NX_ALIVE_SetInterruptEnable32
80102ca8 T NX_ALIVE_GetInterruptEnable32
80102cc0 T NX_ALIVE_GetInterruptPending
80102cdc T NX_ALIVE_GetInterruptPending32
80102cf4 T NX_ALIVE_ClearInterruptPending
80102d10 T NX_ALIVE_ClearInterruptPending32
80102d28 T NX_ALIVE_SetInterruptEnableAll
80102d50 T NX_ALIVE_GetInterruptEnableAll
80102d6c T NX_ALIVE_GetInterruptPendingAll
80102d88 T NX_ALIVE_ClearInterruptPendingAll
80102da0 T NX_ALIVE_GetInterruptPendingNumber
80102ddc T NX_ALIVE_SetWriteEnable
80102df0 T NX_ALIVE_GetWriteEnable
80102e08 T NX_ALIVE_SetScratchReg
80102e24 T NX_ALIVE_GetScratchReg
80102e38 T NX_ALIVE_SetPullUpEnable
80102e60 T NX_ALIVE_GetPullUpEnable
80102e7c T NX_ALIVE_SetPadRetentionEnable
80102eb0 T NX_ALIVE_GetPadRetentionEnable
80102ed0 T NX_ALIVE_SetPadRetentionHold
80102f04 T NX_ALIVE_GetPadRetentionHold
80102f24 T NX_ALIVE_SetDetectEnable
80102f4c T NX_ALIVE_GetDetectEnable
80102f68 T NX_ALIVE_SetDetectMode
80103030 T NX_ALIVE_GetDetectMode
801030d0 T NX_ALIVE_GetVDDPWRTOGGLE
801030ec T NX_ALIVE_SetOutputEnable
80103114 T NX_ALIVE_GetOutputEnable
80103130 T NX_ALIVE_SetOutputValue
80103158 T NX_ALIVE_GetOutputValue
80103174 T NX_ALIVE_SetVDDPWRON
801031a8 T NX_ALIVE_GetVDDPWRON
801031c0 T NX_ALIVE_GetVDDPWRON_DDR
801031dc T NX_CLKPWR_Initialize
80103208 T NX_CLKPWR_GetNumberOfModule
80103210 T NX_CLKPWR_GetPhysicalAddress
8010321c T NX_CLKPWR_GetSizeOfRegisterSet
80103224 T NX_CLKPWR_SetBaseAddress
80103234 T NX_CLKPWR_GetBaseAddress
80103244 T NX_CLKPWR_OpenModule
8010324c T NX_CLKPWR_CloseModule
80103254 T NX_CLKPWR_CheckBusy
80103270 T NX_CLKPWR_CanPowerDown
80103290 T NX_CLKPWR_GetInterruptNumber
80103298 T NX_CLKPWR_SetInterruptEnable
801032f0 T NX_CLKPWR_GetInterruptEnable
80103324 T NX_CLKPWR_SetInterruptEnable32
8010334c T NX_CLKPWR_GetInterruptEnable32
80103374 T NX_CLKPWR_GetInterruptPending
801033a8 T NX_CLKPWR_GetInterruptPending32
801033d0 T NX_CLKPWR_ClearInterruptPending
80103404 T NX_CLKPWR_ClearInterruptPending32
8010342c T NX_CLKPWR_SetInterruptEnableAll
80103460 T NX_CLKPWR_GetInterruptEnableAll
80103494 T NX_CLKPWR_GetInterruptPendingAll
801034c8 T NX_CLKPWR_ClearInterruptPendingAll
801034ec T NX_CLKPWR_GetInterruptPendingNumber
80103544 T NX_CLKPWR_SetPLLPMS
80103564 T NX_CLKPWR_SetPLLPowerOn
80103588 T NX_CLKPWR_DoPLLChange
801035a4 T NX_CLKPWR_IsPLLStable
801035c4 T NX_CLKPWR_SetClockCPU
801035e8 T NX_CLKPWR_SetClockMCLK
80103614 T NX_CLKPWR_SetCPUBUSSyncMode
80103638 T NX_CLKPWR_GetCPUBUSSyncMode
80103654 T NX_CLKPWR_SetRTCWakeUpEnable
80103674 T NX_CLKPWR_GetRTCWakeUpEnable
80103690 T NX_CLKPWR_SetALIVEGPIOWakeupEnable
801036b4 T NX_CLKPWR_GetALIVEGPIOWakeupEnable
801036d0 T NX_CLKPWR_SetALIVEGPIOWakeUpRiseEdgeDetectEnable
801036f4 T NX_CLKPWR_GetALIVEGPIOWakeUpRiseEdgeDetectEnable
80103710 T NX_CLKPWR_SetALIVEGPIOWakeUpFallEdgeDetectEnable
80103734 T NX_CLKPWR_GetALIVEGPIOWakeUpFallEdgeDetectEnable
80103750 T NX_CLKPWR_SetSoftwareResetEnable
80103770 T NX_CLKPWR_GetSoftwareResetEnable
8010378c T NX_CLKPWR_DoSoftwareReset
801037a4 T NX_CLKPWR_SetALIVEGPIOResetEnable
801037c8 T NX_CLKPWR_GetALIVEGPIOResetEnable
801037e4 T NX_CLKPWR_GetResetStatus
801037fc T NX_CLKPWR_GoStopMode
80103814 T NX_CLKPWR_GoIdleMode
8010382c T NX_CLKPWR_GetLastPowerMode
80103844 T NX_CLKPWR_SetScratchPad
8010385c T NX_CLKPWR_GetScratchPad
80103874 T NX_CLKPWR_GetSystemResetConfiguration
80103888 T NX_CLKPWR_SetGPIOPadStrength
801038f4 T NX_CLKPWR_GetGPIOPadStrength
80103970 T NX_CLKPWR_SetBusPadStrength
801039bc T NX_CLKPWR_GetBusPadStrength
80103a18 T NX_DPC_Initialize
80103a44 T NX_DPC_GetNumberOfModule
80103a4c T NX_DPC_GetPhysicalAddress
80103a5c T NX_DPC_GetSizeOfRegisterSet
80103a64 T NX_DPC_SetBaseAddress
80103a74 T NX_DPC_GetBaseAddress
80103a84 T NX_DPC_OpenModule
80103a8c T NX_DPC_CloseModule
80103a94 T NX_DPC_CheckBusy
80103a9c T NX_DPC_CanPowerDown
80103aa4 T NX_DPC_GetInterruptNumber
80103ab4 T NX_DPC_SetInterruptEnable
80103adc T NX_DPC_GetInterruptEnable
80103af8 T NX_DPC_SetInterruptEnable32
80103b1c T NX_DPC_GetInterruptEnable32
80103b38 T NX_DPC_GetInterruptPending
80103b54 T NX_DPC_GetInterruptPending32
80103b70 T NX_DPC_ClearInterruptPending
80103b8c T NX_DPC_ClearInterruptPending32
80103bb0 T NX_DPC_SetInterruptEnableAll
80103bd8 T NX_DPC_GetInterruptEnableAll
80103bf4 T NX_DPC_GetInterruptPendingAll
80103c10 T NX_DPC_ClearInterruptPendingAll
80103c2c T NX_DPC_GetInterruptPendingNumber
80103c64 T NX_DPC_SetClockPClkMode
80103c90 T NX_DPC_GetClockPClkMode
80103cac T NX_DPC_SetClockSource
80103cd4 T NX_DPC_GetClockSource
80103cf4 T NX_DPC_SetClockDivisor
80103d24 T NX_DPC_GetClockDivisor
80103d50 T NX_DPC_SetClockOutInv
80103d78 T NX_DPC_GetClockOutInv
80103d98 T NX_DPC_SetClockOutSelect
80103dc4 T NX_DPC_GetClockOutSelect
80103de4 T NX_DPC_SetClockPolarity
80103e08 T NX_DPC_GetClockPolarity
80103e24 T NX_DPC_SetClockOutEnb
80103e50 T NX_DPC_GetClockOutEnb
80103e74 T NX_DPC_SetClockOutDelay
80103ea4 T NX_DPC_GetClockOutDelay
80103ec0 T NX_DPC_SetClockDivisorEnable
80103ee0 T NX_DPC_GetClockDivisorEnable
80103efc T NX_DPC_SetDPCEnable
80103f24 T NX_DPC_GetDPCEnable
80103f3c T NX_DPC_SetDelay
80103f90 T NX_DPC_GetDelay
80104008 T NX_DPC_SetDither
80104038 T NX_DPC_GetDither
80104080 T NX_DPC_SetMode
801041bc T NX_DPC_GetMode
801042f0 T NX_DPC_SetHSync
80104398 T NX_DPC_GetHSync
8010441c T NX_DPC_SetVSync
80104538 T NX_DPC_GetVSync
80104628 T NX_DPC_SetVSyncOffset
8010466c T NX_DPC_GetVSyncOffset
801046cc T NX_DPC_SetHorizontalUpScaler
8010472c T NX_DPC_GetHorizontalUpScaler
801047ac T NX_GPIO_SetBit
801047c4 T NX_GPIO_GetBit
801047d0 T NX_GPIO_SetBit2
801047ec T NX_GPIO_GetBit2
801047fc T NX_GPIO_Initialize
80104834 T NX_GPIO_GetNumberOfModule
8010483c T NX_GPIO_GetPhysicalAddress
8010484c T NX_GPIO_GetSizeOfRegisterSet
80104854 T NX_GPIO_SetBaseAddress
80104864 T NX_GPIO_GetBaseAddress
80104874 T NX_GPIO_OpenModule
8010487c T NX_GPIO_CloseModule
80104884 T NX_GPIO_CheckBusy
8010488c T NX_GPIO_CanPowerDown
80104894 T NX_GPIO_GetInterruptNumber
8010489c T NX_GPIO_SetInterruptEnable
801048e0 T NX_GPIO_GetInterruptEnable
801048fc T NX_GPIO_SetInterruptEnable32
80104928 T NX_GPIO_GetInterruptEnable32
8010494c T NX_GPIO_GetInterruptPending
80104968 T NX_GPIO_GetInterruptPending32
8010498c T NX_GPIO_ClearInterruptPending
801049a8 T NX_GPIO_ClearInterruptPending32
801049cc T NX_GPIO_SetInterruptEnableAll
80104a08 T NX_GPIO_GetInterruptEnableAll
80104a24 T NX_GPIO_GetInterruptPendingAll
80104a40 T NX_GPIO_ClearInterruptPendingAll
80104a58 T NX_GPIO_GetInterruptPendingNumber
80104a9c T NX_GPIO_SetInterruptMode
80104ad4 T NX_GPIO_GetInterruptMode
80104b00 T NX_GPIO_SetOutputEnable
80104b24 T NX_GPIO_GetDetectEnable
80104b40 T NX_GPIO_GetDetectEnable32
80104b54 T NX_GPIO_SetDetectEnable
80104b78 T NX_GPIO_SetDetectEnable32
80104b8c T NX_GPIO_GetOutputEnable
80104ba8 T NX_GPIO_SetOutputValue
80104bcc T NX_GPIO_GetOutputValue
80104be8 T NX_GPIO_GetInputValue
80104c04 T NX_GPIO_SetPullUpEnable
80104c28 T NX_GPIO_GetPullUpEnable
80104c44 T NX_GPIO_SetPadFunction
80104c7c T NX_GPIO_GetPadFunction
80104ca8 T NX_GPIO_GetValidBit
80104cb8 T NX_INTC_Initialize
80104ce4 T NX_INTC_GetNumberOfModule
80104cec T NX_INTC_GetPhysicalAddress
80104cf8 T NX_INTC_GetSizeOfRegisterSet
80104d00 T NX_INTC_SetBaseAddress
80104d10 T NX_INTC_GetBaseAddress
80104d20 T NX_INTC_OpenModule
80104d28 T NX_INTC_CloseModule
80104d30 T NX_INTC_CheckBusy
80104d38 T NX_INTC_CanPowerDown
80104d40 T NX_INTC_SetInterruptEnable
80104d78 T NX_INTC_GetInterruptEnable
80104da8 T NX_INTC_SetInterruptEnable64
80104dd4 T NX_INTC_GetInterruptEnable64
80104e08 T NX_INTC_GetInterruptPending
80104e34 T NX_INTC_GetInterruptPending64
80104e68 T NX_INTC_ClearInterruptPending
80104e94 T NX_INTC_ClearInterruptPending64
80104ec0 T NX_INTC_SetInterruptEnableAll
80104ee4 T NX_INTC_GetInterruptEnableAll
80104f10 T NX_INTC_GetInterruptPendingAll
80104f3c T NX_INTC_ClearInterruptPendingAll
80104f58 T NX_INTC_GetInterruptPendingNumber
80104fa4 T NX_INTC_SetInterruptMode
80104fdc T NX_INTC_SetPriorityMode
80105018 T NX_MCUD_Initialize
80105044 T NX_MCUD_GetNumberOfModule
8010504c T NX_MCUD_GetPhysicalAddress
80105058 T NX_MCUD_GetSizeOfRegisterSet
80105060 T NX_MCUD_SetBaseAddress
80105070 T NX_MCUD_GetBaseAddress
80105080 T NX_MCUD_OpenModule
80105088 T NX_MCUD_CloseModule
80105090 T NX_MCUD_CheckBusy
80105098 T NX_MCUD_CanPowerDown
801050a0 T NX_MCUD_SetEnable
801050c4 T NX_MCUD_GetEnable
801050e0 T NX_MCUD_SetDLLReset
80105104 T NX_MCUD_GetDLLReset
80105120 T NX_MCUD_SetMCLKConfig
80105150 T NX_MCUD_GetMCLKConfig
80105180 T NX_MCUD_ApplyModeSetting
8010519c T NX_MCUD_IsBusyModeSetting
801051b8 T NX_MCUD_SetType
801051d8 T NX_MCUD_GetType
801051f4 T NX_MCUD_SetBusWidth
80105218 T NX_MCUD_GetBusWidth
80105234 T NX_MCUD_SetDataWidth
80105258 T NX_MCUD_GetDataWidth
80105270 T NX_MCUD_SetCapacity
80105298 T NX_MCUD_GetCapacity
801052bc T NX_MCUD_SetCASLatency
801052dc T NX_MCUD_GetCASLatency
801052f8 T NX_MCUD_SetAdditiveLatency
80105318 T NX_MCUD_GetAdditiveLatency
80105334 T NX_MCUD_SetDelayLatency
80105358 T NX_MCUD_GetDelayLatency
80105378 T NX_MCUD_SetDIC
8010539c T NX_MCUD_GetDIC
801053b8 T NX_MCUD_SetODT
801053d8 T NX_MCUD_GetODT
801053f4 T NX_MCUD_SetDQSMode
80105428 T NX_MCUD_GetDQSMode
80105444 T NX_MCUD_SetDLLEnable
80105468 T NX_MCUD_GetDLLEnable
80105488 T NX_MCUD_SetRCD
801054ac T NX_MCUD_GetRCD
801054c8 T NX_MCUD_SetRP
801054ec T NX_MCUD_GetRP
8010550c T NX_MCUD_SetRAS
80105530 T NX_MCUD_GetRAS
80105550 T NX_MCUD_SetRFC
80105574 T NX_MCUD_GetRFC
80105590 T NX_MCUD_SetMRD
801055b4 T NX_MCUD_GetMRD
801055d4 T NX_MCUD_SetRTP
801055f8 T NX_MCUD_GetRTP
80105618 T NX_MCUD_SetWR
8010563c T NX_MCUD_GetWR
8010565c T NX_MCUD_SetWTR
80105680 T NX_MCUD_GetWTR
8010569c T NX_MCUD_SetActivePowerDownEnable
801056c0 T NX_MCUD_GetActivePowerDownEnable
801056dc T NX_MCUD_SetActivePowerDownPeriod
80105700 T NX_MCUD_GetActivePowerDownPeriod
8010571c T NX_MCUD_SetRefreshPeriod
80105750 T NX_MCUD_GetRefreshPeriod
80105778 T NX_MCUD_PHYDLL_SetAutoMode
8010579c T NX_MCUD_PHYDLL_GetAutoMode
801057b8 T NX_MCUD_PHYDLL_SetConfig
801057fc T NX_MCUD_PHYDLL_GetConfig
80105850 T NX_MCUD_PHYDLL_Run
8010586c T NX_MCUD_PHYDLL_Stop
80105888 T NX_MCUD_PHYDLL_IsRun
801058a0 T NX_MCUD_PHYDLL_IsLockCoarse
801058bc T NX_MCUD_PHYDLL_IsLockFine
801058d8 T NX_MCUD_PHYDLL_GetAutoDelay
8010591c T NX_MCUD_PHYDLL_SetManualDelay
8010593c T NX_MCUD_PHYDLL_GetManualDelay
80105954 T NX_MCUD_PHYDLL_SetDQSDelay
801059a0 T NX_MCUD_PHYDLL_GetDQSDelay
801059e8 T NX_MCUD_PHYZQ_SetAutoMode
80105a0c T NX_MCUD_PHYZQ_GetAutoMode
80105a2c T NX_MCUD_PHYZQ_SetODT
80105a58 T NX_MCUD_PHYZQ_GetODT
80105a98 T NX_MCUD_PHYZQ_SetControlCode
80105abc T NX_MCUD_PHYZQ_GetControlCode
80105aec T NX_MCUD_PHYZQ_GetAutoResult
80105b20 T NX_MCUD_PHYZQ_Run
80105b3c T NX_MCUD_PHYZQ_Stop
80105b58 T NX_MCUD_PHYZQ_IsRun
80105b70 T NX_MCUD_PHYZQ_IsError
80105b8c T NX_MCUD_PHYZQ_IsCompleted
80105ba8 T NX_MCUD_PHYZQ_Update
80105bc0 T NX_MCUD_SetFastArbiter
80105c1c T NX_MCUD_GetFastArbiter
80105c68 T NX_MCUD_SetSlowArbiter
80105cc8 T NX_MCUD_GetSlowArbiter
80105d18 T NX_MCUD_SetInitPerformanceCounter
80105d2c T NX_MCUD_GetInitPerformanceCounter
80105d40 T NX_MCUD_GetPerformanceCounter
80105d5c T NX_MCUS_Initialize
80105d88 T NX_MCUS_GetNumberOfModule
80105d90 T NX_MCUS_GetPhysicalAddress
80105d9c T NX_MCUS_GetSizeOfRegisterSet
80105da4 T NX_MCUS_SetBaseAddress
80105db4 T NX_MCUS_GetBaseAddress
80105dc4 T NX_MCUS_OpenModule
80105dcc T NX_MCUS_CloseModule
80105dd4 T NX_MCUS_CheckBusy
80105ddc T NX_MCUS_CanPowerDown
80105de4 T NX_MCUS_GetInterruptNumber
80105dec T NX_MCUS_SetInterruptEnable
80105e0c T NX_MCUS_GetInterruptEnable
80105e28 T NX_MCUS_GetInterruptPending
80105e44 T NX_MCUS_ClearInterruptPending
80105e64 T NX_MCUS_SetInterruptEnableAll
80105e84 T NX_MCUS_GetInterruptEnableAll
80105ea0 T NX_MCUS_GetInterruptPendingAll
80105ec0 T NX_MCUS_ClearInterruptPendingAll
80105ee0 T NX_MCUS_SetInterruptEnable32
80105f04 T NX_MCUS_GetInterruptEnable32
80105f20 T NX_MCUS_GetInterruptPending32
80105f3c T NX_MCUS_ClearInterruptPending32
80105f68 T NX_MCUS_GetInterruptPendingNumber
80105f8c T NX_MCUS_GetDMAIndex
80105f94 T NX_MCUS_GetDMABusWidth
80105f9c T NX_MCUS_GetISRAMCS
80105fbc T NX_MCUS_GetIROMCS
80105fd8 T NX_MCUS_SetStaticBUSConfig
801062e4 T NX_MCUS_GetStaticBUSConfig
801066a8 T NX_MCUS_ResetIDEDMA
801066c8 T NX_MCUS_SetIDEDMATimeOut
801066e0 T NX_MCUS_GetIDEDMATimeOut
80106710 T NX_MCUS_SetIDEDMAEnable
80106730 T NX_MCUS_GetIDEDMAEnable
8010674c T NX_MCUS_SetIDEDMAMode
8010676c T NX_MCUS_GetIDEDMAMode
80106784 T NX_MCUS_SetIDEDMAConfig
80106868 T NX_MCUS_GetIDEDMAConfig
801069a0 T NX_MCUS_SetNFType
801069c4 T NX_MCUS_GetNFType
801069e0 T NX_MCUS_SetNFBootEnable
80106a08 T NX_MCUS_GetNFBootEnable
80106a24 T NX_MCUS_SetNFBank
80106a48 T NX_MCUS_GetNFBank
80106a60 T NX_MCUS_SetNFCSEnable
80106a88 T NX_MCUS_GetNFCSEnable
80106aa0 T NX_MCUS_IsNFReady
80106abc T NX_MCUS_SetAutoResetEnable
80106ae4 T NX_MCUS_GetAutoResetEnable
80106b00 T NX_MCUS_ResetNFECCBlock
80106b20 T NX_MCUS_SetECCMode
80106b48 T NX_MCUS_GetECCMode
80106b6c T NX_MCUS_GetNFWriteDataCount
80106b90 T NX_MCUS_GetNFReadDataCount
80106bac T NX_MCUS_IsNFError
80106bc8 T NX_MCUS_IsNFReadEnd
80106be4 T NX_MCUS_IsNFWriteEnd
80106bfc T NX_MCUS_GetNFECC4
80106c24 T NX_MCUS_GetNFECC8
80106c58 T NX_MCUS_GetNFECC16
80106ca8 T NX_MCUS_SetNFOriginECC4
80106cc8 T NX_MCUS_SetNFOriginECC8
80106cf8 T NX_MCUS_SetNFOriginECC16
80106d40 T NX_MCUS_GetNFECCOddSyndrome4
80106d80 T NX_MCUS_GetNFECCOddSyndrome8
80106de8 T NX_MCUS_GetNFECCOddSyndrome16
80106e9c T NX_MLC_Initialize
80106ec8 T NX_MLC_GetNumberOfModule
80106ed0 T NX_MLC_GetPhysicalAddress
80106ee0 T NX_MLC_GetSizeOfRegisterSet
80106ee8 T NX_MLC_SetBaseAddress
80106ef8 T NX_MLC_GetBaseAddress
80106f08 T NX_MLC_OpenModule
80106f10 T NX_MLC_CloseModule
80106f18 T NX_MLC_CheckBusy
80106f20 T NX_MLC_CanPowerDown
80106f28 T NX_MLC_SetClockPClkMode
80106f54 T NX_MLC_GetClockPClkMode
80106f70 T NX_MLC_SetClockBClkMode
80106fa8 T NX_MLC_GetClockBClkMode
80106fd4 T NX_MLC_SetTopPowerMode
80106ff8 T NX_MLC_GetTopPowerMode
80107014 T NX_MLC_SetTopSleepMode
8010703c T NX_MLC_GetTopSleepMode
8010705c T NX_MLC_SetTopDirtyFlag
80107078 T NX_MLC_GetTopDirtyFlag
80107094 T NX_MLC_SetMLCEnable
801070b4 T NX_MLC_GetMLCEnable
801070d0 T NX_MLC_SetFieldEnable
801070f0 T NX_MLC_GetFieldEnable
80107108 T NX_MLC_SetLayerPriority
80107128 T NX_MLC_SetScreenSize
80107148 T NX_MLC_GetScreenSize
8010719c T NX_MLC_SetBackground
801071b0 T NX_MLC_SetDirtyFlag
801071f0 T NX_MLC_GetDirtyFlag
8010723c T NX_MLC_SetLayerEnable
80107288 T NX_MLC_GetLayerEnable
801072d4 T NX_MLC_SetLockSize
80107310 T NX_MLC_SetAlphaBlending
80107384 T NX_MLC_SetTransparency
801073d8 T NX_MLC_SetColorInversion
8010742c T NX_MLC_GetExtendedColor
80107710 T NX_MLC_SetFormatRGB
80107754 T NX_MLC_SetFormatYUV
80107778 T NX_MLC_SetPosition
80107818 T NX_MLC_SetDitherEnableWhenUsingGamma
80107838 T NX_MLC_GetDitherEnableWhenUsingGamma
80107850 T NX_MLC_SetGammaPriority
80107870 T NX_MLC_GetGammaPriority
8010788c T NX_MLC_SetRGBLayerInvalidPosition
80107928 T NX_MLC_SetRGBLayerStride
80107970 T NX_MLC_SetRGBLayerAddress
80107990 T NX_MLC_SetRGBLayerGamaTablePowerMode
801079bc T NX_MLC_GetRGBLayerGamaTablePowerMode
80107a04 T NX_MLC_SetRGBLayerGamaTableSleepMode
80107a40 T NX_MLC_GetRGBLayerGamaTableSleepMode
80107a94 T NX_MLC_SetRGBLayerRGammaTable
80107aac T NX_MLC_SetRGBLayerGGammaTable
80107ac4 T NX_MLC_SetRGBLayerBGammaTable
80107adc T NX_MLC_SetRGBLayerGammaEnable
80107afc T NX_MLC_GetRGBLayerGammaEnable
80107b18 T NX_MLC_SetVideoLayerStride
80107b34 T NX_MLC_SetVideoLayerAddress
80107b50 T NX_MLC_SetVideoLayerAddressYUYV
80107b68 T NX_MLC_SetVideoLayerScaleFactor
80107bb8 T NX_MLC_SetVideoLayerScaleFilter
80107c08 T NX_MLC_GetVideoLayerScaleFilter
80107c58 T NX_MLC_SetVideoLayerScale
80107d48 T NX_MLC_SetVideoLayerLumaEnhance
80107d6c T NX_MLC_SetVideoLayerChromaEnhance
80107dcc T NX_MLC_SetVideoLayerLineBufferPowerMode
80107df0 T NX_MLC_GetVideoLayerLineBufferPowerMode
80107e0c T NX_MLC_SetVideoLayerLineBufferSleepMode
80107e34 T NX_MLC_GetVideoLayerLineBufferSleepMode
80107e54 T NX_MLC_SetVideoLayerGamaTablePowerMode
80107e7c T NX_MLC_GetVideoLayerGamaTablePowerMode
80107ec4 T NX_MLC_SetVideoLayerGamaTableSleepMode
80107f00 T NX_MLC_GetVideoLayerGamaTableSleepMode
80107f54 T NX_MLC_SetVideoLayerGammaEnable
80107f74 T NX_MLC_GetVideoLayerGammaEnable
80107f90 T NX_PWM_Initialize
80107fbc T NX_PWM_GetNumberOfModule
80107fc4 T NX_PWM_GetPhysicalAddress
80107fd0 T NX_PWM_GetSizeOfRegisterSet
80107fd8 T NX_PWM_SetBaseAddress
80107fe8 T NX_PWM_GetBaseAddress
80107ff8 T NX_PWM_OpenModule
80108000 T NX_PWM_CloseModule
80108008 T NX_PWM_CheckBusy
80108024 T NX_PWM_CanPowerDown
8010802c T NX_PWM_SetClockPClkMode
80108058 T NX_PWM_GetClockPClkMode
80108074 T NX_PWM_SetClockDivisorEnable
80108094 T NX_PWM_GetClockDivisorEnable
801080b0 T NX_PWM_SetClockSource
801080d0 T NX_PWM_GetClockSource
801080ec T NX_PWM_SetClockDivisor
80108114 T NX_PWM_GetClockDivisor
80108134 T NX_PWM_SetPreScale
80108178 T NX_PWM_GetPreScale
801081ac T NX_PWM_SetPolarity
801081f4 T NX_PWM_GetPolarity
80108228 T NX_PWM_SetPeriod
80108258 T NX_PWM_GetPeriod
80108280 T NX_PWM_SetDutyCycle
801082b8 T NX_PWM_GetDutyCycle
801082e0 T NX_SDHC_Initialize
8010830c T NX_SDHC_GetNumberOfModule
80108314 T NX_SDHC_GetPhysicalAddress
80108328 T NX_SDHC_GetSizeOfRegisterSet
80108334 T NX_SDHC_SetBaseAddress
80108344 T NX_SDHC_GetBaseAddress
80108354 T NX_SDHC_OpenModule
80108374 T NX_SDHC_CloseModule
80108394 T NX_SDHC_CheckBusy
801083b4 T NX_SDHC_CanPowerDown
801083d4 T NX_SDHC_GetInterruptNumber
801083f4 T NX_SDHC_SetInterruptEnable
80108418 T NX_SDHC_GetInterruptEnable
80108434 T NX_SDHC_GetInterruptPending
80108450 T NX_SDHC_ClearInterruptPending
8010846c T NX_SDHC_SetInterruptEnableAll
80108490 T NX_SDHC_GetInterruptEnableAll
801084ac T NX_SDHC_GetInterruptPendingAll
801084c8 T NX_SDHC_ClearInterruptPendingAll
801084e0 T NX_SDHC_GetInterruptPendingNumber
80108518 T NX_SDHC_SetInterruptEnable32
80108538 T NX_SDHC_GetInterruptEnable32
8010854c T NX_SDHC_GetInterruptPending32
80108560 T NX_SDHC_ClearInterruptPending32
80108574 T NX_SDHC_GetDMAIndex
80108594 T NX_SDHC_GetDMABusWidth
8010859c T NX_SDHC_SetClockPClkMode
801085c8 T NX_SDHC_GetClockPClkMode
801085e4 T NX_SDHC_SetClockSource
80108604 T NX_SDHC_GetClockSource
80108620 T NX_SDHC_SetClockDivisor
80108648 T NX_SDHC_GetClockDivisor
80108670 T NX_SDHC_SetClockDivisorEnable
80108694 T NX_SDHC_GetClockDivisorEnable
801086b0 T NX_SDHC_AbortReadData
801086cc T NX_SDHC_SendIRQResponse
801086e8 T NX_SDHC_SetReadWait
80108708 T NX_SDHC_SetDMAMode
80108728 T NX_SDHC_ResetDMA
80108748 T NX_SDHC_IsResetDMA
80108764 T NX_SDHC_ResetFIFO
80108784 T NX_SDHC_IsResetFIFO
801087a0 T NX_SDHC_ResetController
801087c0 T NX_SDHC_IsResetController
801087d8 T NX_SDHC_SetOutputClockDivider
801087f0 T NX_SDHC_GetOutputClockDivider
80108810 T NX_SDHC_SetLowPowerClockMode
80108834 T NX_SDHC_GetLowPowerClockMode
80108850 T NX_SDHC_SetOutputClockEnable
80108874 T NX_SDHC_GetOutputClockEnable
8010888c T NX_SDHC_SetDataTimeOut
801088ac T NX_SDHC_GetDataTimeOut
801088c4 T NX_SDHC_SetResponseTimeOut
801088e4 T NX_SDHC_GetResponseTimeOut
801088fc T NX_SDHC_SetDataBusWidth
80108914 T NX_SDHC_GetDataBusWidth
80108934 T NX_SDHC_SetBlockSize
80108948 T NX_SDHC_GetBlockSize
8010895c T NX_SDHC_SetByteCount
80108970 T NX_SDHC_GetByteCount
80108984 T NX_SDHC_SetCommandArgument
80108998 T NX_SDHC_SetCommand
801089b0 T NX_SDHC_StartCommand
801089cc T NX_SDHC_IsCommandBusy
801089e4 T NX_SDHC_GetShortResponse
801089f8 T NX_SDHC_GetLongResponse
80108a28 T NX_SDHC_GetAutoStopResponse
80108a3c T NX_SDHC_GetResponseIndex
80108a58 T NX_SDHC_IsDMAReq
80108a70 T NX_SDHC_IsDMAAck
80108a8c T NX_SDHC_GetFIFOCount
80108aa8 T NX_SDHC_IsDataTransferBusy
80108ac4 T NX_SDHC_IsCardDataBusy
80108ae0 T NX_SDHC_IsCardPresent
80108afc T NX_SDHC_GetCommandFSM
80108b18 T NX_SDHC_IsFIFOFull
80108b34 T NX_SDHC_IsFIFOEmpty
80108b50 T NX_SDHC_IsFIFOTxThreshold
80108b6c T NX_SDHC_IsFIFORxThreshold
80108b84 T NX_SDHC_SetFIFORxThreshold
80108ba8 T NX_SDHC_GetFIFORxThreshold
80108bcc T NX_SDHC_SetFIFOTxThreshold
80108bf0 T NX_SDHC_GetFIFOTxThreshold
80108c0c T NX_SDHC_GetDataTransferSize
80108c20 T NX_SDHC_GetFIFOTransferSize
80108c34 T NX_SDHC_SetData
80108c48 T NX_SDHC_GetData
80108c5c T NX_SDHC_SetData32
80108cac T NX_SDHC_GetData32
80108cfc T NX_SDHC_GetDataPointer
80108d10 T NX_TIMER_Initialize
80108d50 T NX_TIMER_GetNumberOfModule
80108d58 T NX_TIMER_GetPhysicalAddress
80108d68 T NX_TIMER_GetSizeOfRegisterSet
80108d70 T NX_TIMER_SetBaseAddress
80108d80 T NX_TIMER_GetBaseAddress
80108d90 T NX_TIMER_OpenModule
80108d98 T NX_TIMER_CloseModule
80108da0 T NX_TIMER_CheckBusy
80108da8 T NX_TIMER_CanPowerDown
80108db0 T NX_TIMER_GetInterruptNumber
80108dc0 T NX_TIMER_SetInterruptEnable
80108de0 T NX_TIMER_GetInterruptEnable
80108dfc T NX_TIMER_SetInterruptEnable32
80108e20 T NX_TIMER_GetInterruptEnable32
80108e3c T NX_TIMER_GetInterruptPending
80108e58 T NX_TIMER_GetInterruptPending32
80108e74 T NX_TIMER_ClearInterruptPending
80108e90 T NX_TIMER_ClearInterruptPending32
80108eb4 T NX_TIMER_SetInterruptEnableAll
80108ed4 T NX_TIMER_GetInterruptEnableAll
80108ef0 T NX_TIMER_GetInterruptPendingAll
80108f0c T NX_TIMER_ClearInterruptPendingAll
80108f28 T NX_TIMER_GetInterruptPendingNumber
80108f48 T NX_TIMER_SetClockPClkMode
80108f74 T NX_TIMER_GetClockPClkMode
80108f90 T NX_TIMER_SetClockDivisorEnable
80108fb0 T NX_TIMER_GetClockDivisorEnable
80108fcc T NX_TIMER_SetClockSource
80108fec T NX_TIMER_GetClockSource
80109008 T NX_TIMER_SetClockDivisor
80109030 T NX_TIMER_GetClockDivisor
80109050 T NX_TIMER_Run
80109070 T NX_TIMER_Stop
8010908c T NX_TIMER_SetWatchDogEnable
801090b0 T NX_TIMER_SetTClkDivider
801090d0 T NX_TIMER_SetMatchCounter
801090e4 T NX_TIMER_GetMatchCounter
801090f8 T NX_TIMER_SetTimerCounter
8010910c T NX_TIMER_GetTimerCounter
80109130 T NX_UART_Initialize
80109160 T NX_UART_GetNumberOfModule
80109168 T NX_UART_GetPhysicalAddress
80109178 T NX_UART_GetSizeOfRegisterSet
80109180 T NX_UART_SetBaseAddress
80109190 T NX_UART_GetBaseAddress
801091a0 T NX_UART_OpenModule
801091e0 T NX_UART_CloseModule
80109220 T NX_UART_CheckBusy
80109228 T NX_UART_CanPowerDown
80109230 T NX_UART_GetInterruptNumber
80109240 T NX_UART_SetInterruptEnable
80109274 T NX_UART_GetInterruptEnable
80109294 T NX_UART_SetInterruptEnable32
801092b0 T NX_UART_GetInterruptEnable32
801092cc T NX_UART_GetInterruptPending
801092e8 T NX_UART_GetInterruptPending32
80109300 T NX_UART_ClearInterruptPending
8010932c T NX_UART_ClearInterruptPending32
80109354 T NX_UART_SetInterruptEnableAll
80109374 T NX_UART_GetInterruptEnableAll
80109394 T NX_UART_GetInterruptPendingAll
801093b0 T NX_UART_ClearInterruptPendingAll
801093cc T NX_UART_GetInterruptPendingNumber
80109418 T NX_UART_GetDMAIndex_Tx
80109444 T NX_UART_GetDMAIndex_Rx
80109454 T NX_UART_GetDMABusWidth
8010945c T NX_UART_SetClockPClkMode
80109488 T NX_UART_GetClockPClkMode
801094a4 T NX_UART_SetClockSource
801094c4 T NX_UART_GetClockSource
801094e0 T NX_UART_SetClockDivisor
80109508 T NX_UART_GetClockDivisor
80109530 T NX_UART_SetClockDivisorEnable
80109550 T NX_UART_GetClockDivisorEnable
8010956c T NX_UART_SetSIRMode
80109590 T NX_UART_GetSIRMode
801095ac T NX_UART_SetLoopBackMode
801095d0 T NX_UART_GetLoopBackMode
801095ec T NX_UART_SetIntEnbWhenExceptionOccur
80109610 T NX_UART_GetIntEnbWhenExceptionOccur
8010962c T NX_UART_SetFrameConfiguration
80109664 T NX_UART_GetFrameConfiguration
801096a8 T NX_UART_SetBRD
801096bc T NX_UART_GetBRD
801096d0 T NX_UART_MakeBRD
80109704 T NX_UART_SetRxTimeOutEnb
80109734 T NX_UART_GetRxTimeOutEnb
80109750 T NX_UART_SetRxTimeOut
80109764 T NX_UART_GetRxTimeOut
80109778 T NX_UART_SetSYNCPendClear
80109794 T NX_UART_SetTxIRQType
801097bc T NX_UART_GetTxIRQType
801097d8 T NX_UART_SetRxIRQType
80109800 T NX_UART_GetRxIRQType
8010981c T NX_UART_SendBreak
80109838 T NX_UART_SetTxOperationMode
80109860 T NX_UART_GetTxOperationMode
8010987c T NX_UART_SetRxOperationMode
801098a4 T NX_UART_GetRxOperationMode
801098bc T NX_UART_SetTxFIFOTriggerLevel
80109900 T NX_UART_GetTxFIFOTriggerLevel
80109944 T NX_UART_SetRxFIFOTriggerLevel
80109988 T NX_UART_GetRxFIFOTriggerLevel
801099e4 T NX_UART_ResetTxFIFO
80109a00 T NX_UART_IsTxFIFOReset
80109a1c T NX_UART_ResetRxFIFO
80109a38 T NX_UART_IsRxFIFOReset
80109a54 T NX_UART_SetFIFOEnb
80109a78 T NX_UART_GetFIFOEnb
80109a90 T NX_UART_SetSCTxEnb
80109ab4 T NX_UART_GetSCTxEnb
80109ad0 T NX_UART_SetSCRxEnb
80109af4 T NX_UART_GetSCRxEnb
80109b10 T NX_UART_SetSCTxMode
80109b38 T NX_UART_SetSCRxMode
80109b60 T NX_UART_GetSCMode
80109b7c T NX_UART_GetTxRxStatus
80109b94 T NX_UART_GetErrorStatus
80109bac T NX_UART_GetFIFOStatus
80109bc8 T NX_UART_GetTxFIFOCount
80109bec T NX_UART_GetRxFIFOCount
80109c0c T NX_UART_SetDTR
80109c30 T NX_UART_GetDTR
80109c4c T NX_UART_SetRTS
80109c70 T NX_UART_GetRTS
80109c88 T NX_UART_SetAutoFlowControl
80109cac T NX_UART_GetAutoFlowControl
80109cc8 T NX_UART_SetHalfChannelEnable
80109cec T NX_UART_GetHalfChannelEnable
80109d08 T NX_UART_GetModemStatus
80109d20 T NX_UART_SendByte
80109d34 T NX_UART_GetByte
80109d4c T NX_UART_SetLineConfig
80109db4 T NX_UART_SetControlConfig
80109e60 T NX_UART_SetFIFOConfig
80109f40 T NX_UART_SetBaudRateConfig
80109f5c T NX_UART_SetModemConfig
8010a024 T NX_UART_GetLineConfig
8010a098 T NX_UART_GetControlConfig
8010a0f8 T NX_UART_GetFIFOConfig
8010a1f8 T NX_UART_GetBaudRateConfig
8010a21c T NX_UART_GetModemConfig
8010a2d4 T NX_UART_SetLCON
8010a2e8 T NX_UART_SetUCON
8010a2fc T NX_UART_SetFCON
8010a310 T NX_UART_SetMCON
8010a324 T NX_UART_SetTIMEOUT
8010a338 T NX_UART_SetINTCON
8010a34c T NX_UART_GetLCON
8010a360 T NX_UART_GetUCON
8010a374 T NX_UART_GetFCON
8010a388 T NX_UART_GetMCON
8010a39c T NX_UART_GetTIMEOUT
8010a3b0 T NX_UART_GetINTCON
8010a3c4 T reset_cpu
8010a3e0 T __coloured_LED_init
8010a3e0 W coloured_LED_init
8010a3e4 T __red_LED_on
8010a3e4 W red_LED_on
8010a3e8 T __red_LED_off
8010a3e8 W red_LED_off
8010a3ec T __green_LED_on
8010a3ec W green_LED_on
8010a3f0 T __green_LED_off
8010a3f0 W green_LED_off
8010a3f4 T __yellow_LED_on
8010a3f4 W yellow_LED_on
8010a3f8 T __yellow_LED_off
8010a3f8 W yellow_LED_off
8010a3fc T __blue_LED_on
8010a3fc W blue_LED_on
8010a400 T __blue_LED_off
8010a400 W blue_LED_off
8010a404 T hang
8010a414 t display_dram_config
8010a454 t display_banner
8010a47c t init_baudrate
8010a4dc T start_armboot
8010a660 T enable_interrupts
8010a664 T disable_interrupts
8010a66c T show_regs
8010a7ac T bad_mode
8010a7d0 T do_irq
8010a7f4 T do_fiq
8010a818 T do_not_used
8010a83c T do_data_abort
8010a860 T do_prefetch_abort
8010a884 T do_software_interrupt
8010a8a8 T do_undefined_instruction
8010a8cc W cpu_eth_init
8010a8cc t __def_eth_init
8010a8d4 T eth_get_dev
8010a8e4 T eth_get_dev_by_index
8010a924 T eth_get_dev_index
8010a978 T eth_halt
8010a9ac T eth_send
8010a9e8 T eth_rx
8010aa1c T eth_get_name
8010aa3c T eth_get_dev_by_name
8010aa90 T eth_set_current
8010ab50 T eth_try_another
8010ac0c T eth_register
8010aca8 T eth_setenv_enetaddr
8010ace0 T eth_parse_enetaddr
8010ad48 T eth_getenv_enetaddr
8010ada0 T eth_getenv_enetaddr_by_index
8010adec T eth_init
8010aec4 T eth_initialize
8010b144 t startAgainTimeout
8010b158 t startAgainHandler
8010b15c T NetSetHandler
8010b16c T NetCksumOk
8010b1c4 T NetCksum
8010b20c T copy_filename
8010b264 T string_to_VLAN
8010b2c0 T getenv_VLAN
8010b2d8 T NetEthHdrSize
8010b31c T VLAN_to_string
8010b368 T ip_to_string
8010b3c0 T random_port
8010b3e4 T NetSetTimeout
8010b420 T NetSetIP
8010b554 T NetSetEther
8010b5fc t PingHandler
8010b640 T NetSendPacket
8010b644 T NetReceive
8010bce4 T ArpRequest
8010be24 T PingSend
8010c034 T NetSendUDPPacket
8010c1a8 t PingTimeout
8010c1cc T NetStartAgain
8010c2fc T ArpTimeoutCheck
8010c380 t getenv_IPaddr
8010c398 T NetLoop
8010c85c t basename
8010c898 t rpc_add_credentials
8010c990 t rpc_lookup_reply
8010ca74 t nfs_mount_reply
8010cb30 t nfs_umountall_reply
8010cbd0 t nfs_lookup_reply
8010cc7c t rpc_req
8010cdb8 t rpc_lookup_req
8010ce38 t nfs_mount_req
8010ced8 t nfs_umountall_req
8010cf38 t nfs_lookup_req
8010cfec t nfs_read_req
8010d08c t nfs_readlink_req
8010d0e4 t NfsSend
8010d184 T NfsStart
8010d3f4 t nfs_readlink_reply
8010d514 t nfs_read_reply
8010d690 t NfsHandler
8010d8a8 t NfsTimeout
8010d90c T RarpRequest
8010da1c t RarpHandler
8010da88 t RarpTimeout
8010dadc t TftpSend
8010dcac T TftpStart
8010dfe0 t TftpTimeout
8010e058 t TftpHandler
8010e3bc t DhcpOptionsProcess
8010e5f0 t DhcpExtended
8010e7b4 T BootpRequest
8010e9d0 T DhcpRequest
8010e9d4 t DhcpHandler
8010eda0 t BootpTimeout
8010edf4 T __board_mmc_getcd
8010edf4 W board_mmc_getcd
8010edfc T mmc_send_cmd
8010ee14 T mmc_set_blocklen
8010ee4c T mmc_send_ext_csd
8010eea0 T mmc_switch
8010eee8 T mmc_change_freq
8010efc0 T sd_switch
8010f030 T mmc_set_ios
8010f048 T mmc_set_clock
8010f07c T mmc_set_bus_width
8010f098 T mmc_send_if_cond
8010f114 T mmc_register
8010f17c W cpu_mmc_init
8010f17c t __def_mmc_init
8010f184 T print_mmc_devices
8010f1ec T mmc_initialize
8010f238 T mmc_read_blocks
8010f314 T find_mmc_device
8010f368 T mmc_get_dev
8010f384 t mmc_bwrite
8010f4dc t mmc_bread
8010f55c T sd_change_freq
8010f74c T mmc_startup
8010fd28 T sd_send_op_cond
8010fe34 T mmc_go_idle
8010fe88 T mmc_send_op_cond
8010ff3c T mmc_init
8010ffdc T nand_init
801100a0 t generic_ffs
801100f8 t nand_read_byte
80110108 t nand_read_byte16
8011011c t nand_read_word
8011012c t nand_write_buf
80110160 t nand_read_buf
80110188 t nand_verify_buf
801101d0 t nand_write_buf16
80110208 t nand_read_buf16
80110240 t nand_verify_buf16
8011028c t nand_block_bad
80110394 t nand_check_wp
801103d8 t nand_read_page_raw
80110418 t nand_read_page_raw_syndrome
801104e8 t nand_read_page_swecc
80110608 t nand_read_subpage
8011089c t nand_read_page_hwecc
801109dc t nand_read_page_hwecc_oob_first
80110b24 t nand_read_page_syndrome
80110c48 t nand_read_oob_std
80110c94 t nand_read_oob_syndrome
80110da8 t nand_write_oob_std
80110e20 t nand_write_oob_syndrome
80110fd8 t nand_write_page_raw
80111014 t nand_write_page_raw_syndrome
801110e0 t nand_write_page_swecc
8011118c t nand_write_page_hwecc
80111260 t nand_write_page_syndrome
80111350 t nand_write_page
80111448 t single_erase_cmd
8011148c t multi_erase_cmd
80111518 t nand_sync
80111544 t nand_suspend
80111558 T nand_release
80111580 t nand_resume
801115c0 T nand_scan_ident
80111ce8 t nand_select_chip
80111d54 T nand_scan_tail
8011233c T nand_scan
8011235c t nand_block_checkbad
801123e0 t nand_block_isbad
80112430 t nand_block_markbad
80112474 t nand_fill_oob
80112594 t nand_do_write_oob
80112748 t nand_do_write_ops
80112aa8 t nand_write_oob
80112b80 t nand_write
80112c38 t nand_transfer_oob
80112d58 t nand_default_block_markbad
80112e7c T nand_erase_nand
801132a0 t nand_erase
801132a8 t nand_wait
8011337c T nand_wait_ready
801133c8 t nand_do_read_ops
801137e8 t nand_read_oob
80113ad0 t nand_read
80113b88 t nand_command
80113d64 t nand_command_lp
80113fd8 t scan_read_raw_oob
801140a0 t scan_read_raw
80114104 t scan_block_fast
8011420c T nand_isbad_bbt
8011425c t read_bbt
801144fc t read_abs_bbt
801145e0 t write_bbt
80114cf0 T nand_update_bbt
80114e4c t mark_bbt_region
80114fd4 t verify_bbt_descr
801151c4 t check_pattern
80115314 t scan_block_full
8011538c t create_bbt
80115808 t search_bbt
80115a28 T nand_scan_bbt
80115ef4 T nand_default_bbt
80116010 T nand_calculate_ecc
80116108 T nand_correct_data
80116234 T do_bdinfo
80116328 W do_go_exec
80116348 T do_go
801163c0 T __arch_preboot_os
801163c4 t image_info
801164b0 T do_iminfo
8011651c T do_bootd
80116548 t do_bootm_rtems
80116584 t do_bootm_netbsd
801166b8 t bootm_start
80116a80 t bootm_load_os
80116be8 T do_bootm_subcommand
80116d94 T do_bootm
80117024 T do_coninfo
8011710c T do_echo
8011718c T do_exit
801171c4 t get_ezb_strv
8011721c t setenv_common
80117308 t saveenv_after_download
801173f0 t download_by_usb
80117440 t write_to_nand
801174d0 t do_ezb_cmd
80117794 t do_set
80117a54 T do_fat_fsinfo
80117b34 T do_fat_ls
80117c44 T do_fat_fsload
80117dc8 T do_flinfo
80117dd0 T do_flerase
80117dd8 T do_protect
80117e3c T do_help
80117e90 t evalexp
80117efc T binary_test
80118100 T do_itest
8011819c T ktrans
801181bc T chk1
801181ec t bin_data_init
80118218 t bin_data_char
80118240 T k_data_init
80118270 T k_data_save
801182bc T k_data_restore
80118308 T k_data_char
80118398 T send_pad
801183d4 T s1_sendpacket
80118408 T handle_send_packet
80118644 T send_nack
801186c4 T send_ack
80118744 t load_serial_ymodem
8011884c t getcxmodem
80118878 T do_load_serial_bin
80118ddc t load_serial
80118fe4 T do_load_serial
801190cc T do_mem_crc
80119178 T do_mem_base
801191c4 T do_mem_mtest
80119374 T do_mem_loop
8011946c T do_mem_cp
80119548 T do_mem_cmp
801196e8 T do_mem_mw
801197b4 t mod_mem
80119928 T do_mem_nm
80119950 T do_mem_mm
80119978 T do_mem_md
80119a6c T do_sleep
80119af4 T do_mmcinfo
80119c3c T do_mmcops
80119f48 t nand_print_info
80119fac T do_nandboot
8011a31c t nand_dump
8011a540 t arg_off_size
8011a690 T do_nand
8011af1c T do_ping
8011afa4 t netboot_common
8011b2b8 T do_nfs
8011b2c4 T do_dhcp
8011b2d0 T do_rarpb
8011b2dc T do_tftpb
8011b2e8 T do_bootp
8011b2f4 T get_env_id
8011b304 T envmatch
8011b364 T getenv_r
8011b410 T do_saveenv
8011b444 T getenv
8011b4c0 T _do_setenv
8011b918 T do_setenv
8011b950 T setenv
8011b9a0 T do_editenv
8011ba18 t printenv
8011bb04 T do_printenv
8011bb98 T source
8011bcf4 T do_source
8011bd3c T do_false
8011bd44 T do_true
8011bd4c T do_test
8011c1c8 T usb_get_class_desc
8011c270 T usb_display_ep_desc
8011c344 T usb_display_class_sub
8011c4c4 T do_usbboot
8011c87c T usb_show_tree_graph
8011caac T usb_show_tree
8011cae0 T usb_display_desc
8011cc18 T usb_display_string
8011cc58 T usb_display_if_desc
8011ccf0 T usb_display_conf_desc
8011cda0 T usb_display_config
8011ce30 T do_usb
8011d374 T do_version
8011d39c T do_imgextract
8011d674 t do_zmac_cmd
8011d794 T cmd_get_data_size
8011d814 T cmd_usage
8011d874 T find_cmd_tbl
8011d914 T find_cmd
8011d93c T _do_help
8011dac0 t console_setfile
8011db68 T fgetc
8011db98 T ftstc
8011dbc8 T fputc
8011dbfc T fputs
8011dc30 T disable_ctrlc
8011dc48 T had_ctrlc
8011dc58 T clear_ctrlc
8011dc6c T dbg
8011dc78 T console_init_f
8011dc88 T search_device
8011dcb0 T console_assign
8011dcf0 T fprintf
8011dd34 T puts
8011dd50 T vprintf
8011dd80 T printf
8011ddc0 T stdio_print_current_devices
8011de84 T console_init_r
8011df74 T serial_printf
8011dfb4 T putc
8011dfd0 T tstc
8011dfe8 T getc
8011e000 T ctrlc
8011e060 T sbrk
8011e0a8 T malloc_trim
8011e1dc T free
8011e418 T cfree
8011e41c T malloc
8011eaa4 T memalign
8011ebc0 T pvalloc
8011ebd8 T valloc
8011ebe4 T malloc_usable_size
8011ec28 T mallopt
8011ec9c T calloc
8011ed84 T mem_malloc_init
8011edc4 T realloc
8011f254 T env_get_char_memory
8011f274 T env_get_addr
8011f294 T env_get_char
8011f2d8 T env_crc_update
8011f304 T set_default_env
8011f348 T env_relocate
8011f3a8 T env_get_char_spec
8011f3b4 T env_init
8011f3d0 T writeenv
8011f490 T readenv
8011f550 T env_relocate_spec
8011f5a8 T saveenv
8011f654 t dummy
8011f658 T get_version
8011f660 T jumptable_init
8011f7e8 T simple_itoa
8011f83c t static_get
8011f858 t static_peek
8011f864 t file_peek
8011f870 T mapset
8011f898 T do_showvar
8011f984 T u_boot_hush_start
8011f9e0 t xmalloc
8011fa0c T new_pipe
8011fa3c t file_get
8011fbfc t free_pipe_list
8011fce8 T unset_local_var
8011fd84 t xrealloc
8011fdb0 t done_command
8011fe38 t initialize_context
8011fe78 t done_pipe
8011fec8 T reserved_word
80120044 t b_addchr
801200c0 t done_word
80120250 t b_addqchr
801202ac t insert_var_value
80120468 T set_local_var
80120618 T update_ifs_map
801206e0 t parse_stream_outer
80120d30 T parse_file_outer
80120d78 T parse_string_outer
80120e68 t run_list_real
801216c0 T image_multi_count
801216e4 T get_table_entry_name
8012170c T genimg_get_os_name
80121748 T genimg_get_arch_name
80121784 T genimg_get_type_name
801217c0 T genimg_get_comp_name
801217fc T genimg_get_image
80121800 T genimg_has_config
80121808 T get_table_entry_id
80121858 T genimg_get_comp_id
80121870 T genimg_get_type_id
80121888 T genimg_get_arch_id
801218a0 T genimg_get_os_id
801218b8 T genimg_get_format
801218ec t image_get_data_size
8012190c T image_multi_getimg
801219cc T genimg_print_size
801219fc T image_print_contents
80121c44 T memmove_wd
80121c50 T getenv_bootm_low
80121c90 T getenv_yesno
80121cbc T getenv_bootm_size
80121cf8 T image_check_dcrc
80121d44 T image_check_hcrc
80121dac T boot_get_ramdisk
80122024 T __show_boot_progress
80122024 W show_boot_progress
80122028 T parse_line
801220b4 T do_run
80122124 T run_command
80122554 t delete_char
80122630 t cread_add_char
8012272c T readline_into_buffer
80122fdc T readline
80122ff4 T main_loop
80123118 t hex2_bin
801231a0 T srec_decode
80123418 T stdio_get_list
80123424 T stdio_clone
80123474 T stdio_register
801234b8 T stdio_init
80123544 T stdio_get_by_name
80123598 T usb_disable_asynch
801235b0 T usb_maxpacket
801235d4 t usb_set_maxpacket_ep
8012364c T usb_set_maxpacket
801236b0 T usb_get_dev_index
801236d8 T usb_hub_reset
801236ec T usb_hub_allocate
80123738 T usb_alloc_new_device
801237e0 T usb_parse_config
8012392c T usb_submit_int_msg
80123930 T usb_stop
8012396c T wait_ms
80123990 T usb_bulk_msg
801239fc T usb_control_msg
80123ae8 T usb_hub_clear_tt_buffer
80123b38 T usb_get_port_status
80123b98 T usb_get_hub_status
80123bf0 T usb_set_port_feature
80123c50 T usb_clear_port_feature
80123cb0 T usb_clear_hub_feature
80123d08 T usb_get_hub_descriptor
80123d68 T usb_get_string
80123de4 t usb_string_sub
80123ef0 T usb_string
80123ff4 T usb_get_class_descriptor
80124064 T usb_get_report
801240d4 T usb_set_idle
80124138 T usb_set_protocol
80124198 T usb_set_configuration
80124200 T usb_set_interface
801242cc T usb_set_address
80124314 T usb_get_descriptor
80124380 T usb_get_configuration_no
80124420 T usb_clear_halt
801244d4 t usb_hub_power_on
80124518 t hub_port_reset
801245c0 T usb_hub_port_connect_change
801246c0 T usb_hub_configure
801248d8 T usb_hub_probe
80124938 T usb_new_device
80124be4 T usb_scan_devices
80124c5c T usb_init
80124cf0 T usb_stor_get_dev
80124d1c t usb_stor_irq
80124d38 T usb_show_progress
80124d44 t usb_request_sense
80124da0 t usb_test_unit_ready
80124e1c T usb_stor_get_info
80125100 T usb_storage_probe
8012532c T usb_stor_BBB_clear_endpt_stall
8012537c t usb_stor_BBB_reset
8012545c t usb_stor_CB_reset
80125548 T usb_stor_write
80125760 T usb_stor_read
80125978 T usb_stor_scan
80125ae0 T usb_stor_CB_comdat
80125d10 T usb_stor_BBB_comdat
80125dec T usb_stor_BBB_transport
80125fb8 T usb_stor_CBI_get_status
80126090 T usb_stor_CB_transport
8012628c T usb_stor_info
80126300 T parse_num
80126428 T xyzModem_error
801264c4 T xyzModem_stream_close
80126518 T CYGACC_COMM_IF_PUTC
80126520 T CYGACC_COMM_IF_GETC_TIMEOUT
80126574 T xyzModem_stream_terminate
80126630 t xyzModem_get_hdr
801268f8 T xyzModem_stream_read
80126b4c T xyzModem_stream_open
80126ca8 T board_init
80126f48 T board_late_init
80127524 T board_eth_init
8012753c T PutPixel888To565
8012756c T PutPixel555To565
80127598 T PutPixel565To565
801275ac T PutPixel888To888
801275dc T PutPixel565To888
80127630 T PutPixel888To8888
80127660 T PutPixel565To8888
801276b4 t NX_Logo
80127988 T nx_boot_logo
80127cf0 T cyg_crc16
80127d38 T crc32_no_comp
80127e2c T crc32
80127e48 T crc32_wd
80127e4c T print_size
80127f98 T display_options
80127fc0 T print_buffer
80128120 T __div64_32
80128214 T div64_u64
801282e0 T zunzip
801283d4 T gunzip
801284a4 T zfree
801284ac T zalloc
801284bc T string_to_ip
80128540 T strcpy
8012855c T strncpy
80128584 T strcat
801285b8 T strncat
8012861c T strcmp
80128654 T strncmp
801286a4 T strchr
801286d0 T strrchr
80128718 T strlen
80128738 T strnlen
80128760 T strspn
801287a4 T strpbrk
801287e4 T strtok
801288bc T strsep
80128924 T strswab
80128970 T memset
801289e8 T bcopy
80128a14 T memcpy
80128a90 T memmove
80128aec T memcmp
80128b2c T memscan
80128b5c T strstr
80128be0 T memchr
80128c10 T strdup
80128c78 T udelay
80128ca8 T simple_strtoul
80128d60 T simple_strtol
80128d94 T ustrtoul
80128e08 T simple_strtoull
80128eec t put_dec_trunc
80128fc8 T panic
80129018 t string
801290c8 t put_dec
80129204 t number
80129464 T vsprintf
80129b2c T sprintf
80129b4c T inflate_fast
8012a0dc T inflate_table
8012a690 T inflateReset
8012a72c T inflateInit2_
8012a840 T inflateInit_
8012a850 T inflateEnd
8012a8e0 T adler32
8012ac1c T zcfree
8012ac24 T zcalloc
8012ac2c T inflate
8012c408 T set_timer
8012c418 T get_tbclk
8012c424 T get_timer_masked
8012c480 T get_ticks
8012c498 T udelay_masked
8012c4f8 T get_timer
8012c518 T reset_timer_masked
8012c54c T reset_timer
8012c550 T timer_init
8012c620 T __udelay
8012c6b4 T nand_dev_check
8012c6b8 T board_nand_init
8012c744 t nand_dev_select
8012c7a8 t nand_dev_ready
8012c7d4 t nand_dev_ctrl
8012c844 t nand_sw_ecc_verify_buf
8012c88c T NX_NAND_CreateLookupTable
8012c96c T NX_NAND_SetResetECC
8012c99c T NX_NAND_WaitForDecoding
8012c9b4 T NX_NAND_WaitForEncoding
8012c9cc T NX_NAND_GetErrorStatus
8012c9e4 T NX_NAND_GetOddSyndrome
8012ca1c T NX_NAND_GetErrorLocation
8012cfe0 T NX_NAND_SetOriECC
8012d074 T NX_NAND_GetGenECC
8012d128 t nand_hw_ecc_write_page
8012d1fc t nand_hw_ecc_read_page
8012d50c t nand_hw_write_page
8012d62c T nand_hw_ecc_init
8012d698 T nand_hw_ecc_check
8012d8c4 T do_bootm_linux
8012da20 T flush_cache
8012da24 T do_reset
8012da5c t disk_read
8012dab4 t get_fatent
8012dc24 t get_cluster
8012dccc t get_vfatname
8012dfa0 t get_name
8012e088 t read_bootsectandvi
8012e180 T file_fat_detectfs
8012e2e0 T do_fat_read
8012ed74 T file_fat_read
8012edac T file_fat_ls
8012edbc T fat_register_device
8012eee0 T print_part
8012efc8 T dev_print
8012f1d4 T get_partition_info
8012f200 T init_part
8012f21c T get_dev
8012f27c T test_part_dos
8012f2d0 t get_partition_info_extended
8012f554 T get_partition_info_dos
8012f57c t print_partition_extended
8012f7b8 T print_part_dos
8012f7e4 t nand_block_bad_scrub
8012f7ec T nand_read_skip_bad
8012facc T nand_write_skip_bad
8012fdac T nand_erase_opts
80130124 t dm9000_outblk_8bit
80130148 t dm9000_outblk_16bit
8013017c t dm9000_outblk_32bit
801301ac t dm9000_inblk_8bit
801301d0 t dm9000_inblk_16bit
80130208 t dm9000_inblk_32bit
80130238 t dm9000_rx_status_32bit
80130258 t dm9000_rx_status_16bit
80130278 t dm9000_rx_status_8bit
801302a8 t dm9000_reset
80130344 t dm9000_rx
801304ac t dm9000_halt
80130538 t dm9000_init
801308e8 T dm9000_write_srom_word
80130950 T dm9000_read_srom_word
801309b4 T dm9000_initialize
80130a40 t dm9000_send
80130b1c T submit_int_msg
80130b24 t ehci_alloc
80130b9c t ehci_submit_async
8013101c T submit_bulk_msg
80131048 T usb_lowlevel_init
8013122c T usb_lowlevel_stop
80131230 T ehci_submit_root
80131754 T submit_control_msg
801317bc T ehci_hcd_stop
801317c4 T ehci_hcd_init
80131914 T cleanup_before_linux
80131940 T icache_enable
80131980 T icache_disable
801319c0 T icache_status
801319d0 T dcache_enable
80131a10 T dcache_disable
80131a50 T dcache_status
80131a60 T __aeabi_unwind_cpp_pr0
80131a64 T raise
80131a88 T __aeabi_uidiv
80131a88 T __udivsi3
80131b34 T __aeabi_uidivmod
80131b4c T __aeabi_idiv
80131b4c T __divsi3
80131c28 T __aeabi_idivmod
80131c40 T __aeabi_llsr
80131c40 T __lshrdi3
80131c5c T __aeabi_lasr
80131c5c T __ashrdi3
80131c78 T __aeabi_llsl
80131c78 T __ashldi3
80131c94 T __div0
80131ca8 r __FUNCTION__.11394
80131cb7 r __FUNCTION__.10835
80131cc5 r __FUNCTION__.10297
80131cd7 r C.46.9740
80131cd9 r __FUNCTION__.9590
80131cea r __func__.11213
80131cfe r __func__.11076
80131d10 r C.159.11086
80131d18 r IntNumDPC.1378
80131d1c r NX_TIMER_IntNumber.1186
80131d30 r UartDmaIndexRx.1653
80131d38 r C.24.1647
80131d40 r UartInterruptNumber.1479
80131d48 r UartPhysicalAddr.1425
80131d50 r C.29.8870
80131dd0 r boot_os
80131e1c r baudrate_table
80131e30 r __func__.9300
80131e3b r __func__.9311
80131e48 r io_pad.9347
80131fc8 r C.42.9398
80131fd8 r bus_pad.9417
80131ff0 r crc_table
801323f0 R z_errmsg
80132418 r order.9683
8013243e r lenfix
80132c3e r distfix
80132cbe r dext.9459
80132cfe r dbase.9458
80132d3e r lext.9457
80132d7c r lbase.9456
80132dbc r block_drvr
80132dd4 r gs_DeviceDescriptorHS
80132de6 r gs_ConfigDescriptorHS
80132e06 r gs_DeviceDescriptorFS
80132e18 r gs_ConfigDescriptorFS
80132e38 r crc16_tab
80133038 r __func__.8877
80133044 r __func__.9249
8013304e r __func__.9334
80133057 r __func__.9514
80133066 R version_string
801330a2 r default_nand_name
801330a7 r __FUNCTION__.9825
801330b2 r __FUNCTION__.10249
801330c3 r nand_ecc_precalc_table
801331c3 r names.8958
801331c9 R hex_asc
801331da r digits.9118
801331ea r __FUNCTION__.9606
801331fa r __FUNCTION__.9977
8013320c r __FUNCTION__.9959
8013321e r __FUNCTION__.9684
8013ac8c D __g_NX_GPIO_VALID_BIT
8013ac98 D __g_NX_GPIO_VALID_NUM_OF_INT
8013aca4 D __g_NX_GPIO_VALID_INT_MASK
8013acb0 D init_sequence
8013ace0 D NetBcastAddr
8013ace6 D NetOurVLAN
8013ace8 D NetOurNativeVLAN
8013acec d nfs_offset
8013acf0 D TftpRRQTimeoutMSecs
8013acf4 D TftpRRQTimeoutCountMax
8013acf8 d TftpBlkSizeOption
8013acfc d TftpTimeoutMSecs
8013ad00 d TftpTimeoutCountMax
8013ad04 d TftpBlkSize
8013ad08 D fbase
8013ad18 D multipliers
8013ad58 d cur_dev_num
8013ad5c D nand_curr_device
8013ad60 d nand_oob_8
8013bda8 d nand_oob_16
8013cdf0 d nand_oob_64
8013de38 d nand_oob_128
8013ee80 d bbt_main_descr
8013eea4 d bbt_mirror_descr
8013eec8 d agand_flashbased
8013eeec d bbt_main_no_bbt_descr
8013ef10 d bbt_mirror_no_bbt_descr
8013ef34 d scan_ff_pattern
8013ef36 d bbt_pattern
8013ef3a d mirror_pattern
8013ef3e d scan_agand_pattern
8013ef44 D nand_flash_ids
8013f604 D nand_manuf_ids
8013f654 D load_addr
8013f658 d cmd_bootm_sub
8013f6e8 d ezb_key
8013f908 d ezb_def_str
8013fea8 d fmt_menu
80140178 D op_table
801401e0 d do_echo
801401e4 D dp_last_length
801401e8 d env_id
801401ec D usb_stor_curr_dev
801401f0 d trim_threshold
801401f4 d mmap_threshold
801401f8 d av_
80140600 d sbrk_base
80140604 D default_environment
801406dc D env_name_spec
801406e0 d reserved_list
80140764 d uimage_comp
801407ac d uimage_type
8014083c d uimage_arch
80140920 d uimage_os
80140968 d erase_seq
8014096c d tab_seq
80140978 d hist_cur
8014097c D stdio_names
80140988 D us_direction
801409a8 D PUTPIXELTABLE
801409c0 D _ctype
80140ac0 d cur_part
80140ac4 d descriptor
80140afc A __u_boot_cmd_start
80140afc D __u_boot_cmd_zimage
80140b14 D __u_boot_cmd_info
80140b2c D __u_boot_cmd_udown
80140b44 D __u_boot_cmd_bdinfo
80140b5c D __u_boot_cmd_go
80140b74 D __u_boot_cmd_reset
80140b8c D __u_boot_cmd_bootm
80140ba4 D __u_boot_cmd_boot
80140bbc D __u_boot_cmd_bootd
80140bd4 D __u_boot_cmd_iminfo
80140bec D __u_boot_cmd_coninfo
80140c04 D __u_boot_cmd_echo
80140c1c D __u_boot_cmd_exit
80140c34 D __u_boot_cmd_set
80140c4c D __u_boot_cmd_ufk
80140c64 D __u_boot_cmd_ufka
80140c7c D __u_boot_cmd_ufr
80140c94 D __u_boot_cmd_ufd
80140cac D __u_boot_cmd_ufb
80140cc4 D __u_boot_cmd_rst
80140cdc D __u_boot_cmd_gk
80140cf4 D __u_boot_cmd_fatload
80140d0c D __u_boot_cmd_fatls
80140d24 D __u_boot_cmd_fatinfo
80140d3c D __u_boot_cmd_flinfo
80140d54 D __u_boot_cmd_erase
80140d6c D __u_boot_cmd_protect
80140d84 D __u_boot_cmd_help
80140d9c D __u_boot_cmd_question_mark
80140db4 D __u_boot_cmd_itest
80140dcc D __u_boot_cmd_loads
80140de4 D __u_boot_cmd_loadb
80140dfc D __u_boot_cmd_loady
80140e14 D __u_boot_cmd_md
80140e2c D __u_boot_cmd_mm
80140e44 D __u_boot_cmd_nm
80140e5c D __u_boot_cmd_mw
80140e74 D __u_boot_cmd_cp
80140e8c D __u_boot_cmd_cmp
80140ea4 D __u_boot_cmd_crc32
80140ebc D __u_boot_cmd_base
80140ed4 D __u_boot_cmd_loop
80140eec D __u_boot_cmd_mtest
80140f04 D __u_boot_cmd_sleep
80140f1c D __u_boot_cmd_mmcinfo
80140f34 D __u_boot_cmd_mmc
80140f4c D __u_boot_cmd_nand
80140f64 D __u_boot_cmd_nboot
80140f7c D __u_boot_cmd_bootp
80140f94 D __u_boot_cmd_tftpboot
80140fac D __u_boot_cmd_rarpboot
80140fc4 D __u_boot_cmd_dhcp
80140fdc D __u_boot_cmd_nfs
80140ff4 D __u_boot_cmd_ping
8014100c D __u_boot_cmd_saveenv
80141024 D __u_boot_cmd_editenv
8014103c D __u_boot_cmd_printenv
80141054 D __u_boot_cmd_setenv
8014106c D __u_boot_cmd_run
80141084 D __u_boot_cmd_source
8014109c D __u_boot_cmd_test
801410b4 D __u_boot_cmd_false
801410cc D __u_boot_cmd_true
801410e4 D __u_boot_cmd_usb
801410fc D __u_boot_cmd_usbboot
80141114 D __u_boot_cmd_version
8014112c D __u_boot_cmd_imxtract
80141144 D __u_boot_cmd_zmac
8014115c D __u_boot_cmd_showvar
80141174 A __bss_start
80141174 A __u_boot_cmd_end
80141180 b pre_fclk
80141184 b pre_mclk
80141188 b g_inituart
8014118c b mmc
80141190 b _sdhc
801411a0 b params
801411a4 B nxp_usbdn_size
801411a8 b pUSBBootStatus
801411ac b __g_pRegister
801411b0 b bInit.1179
801411b4 b __g_pRegister
801411b8 b bInit.1199
801411bc b __g_ModuleVariables
801411c0 b bInit.1326
801411c4 b __g_ModuleVariables
801411d0 b bInit.1226
801411d4 b __g_pRegister
801411d8 b bInit.1126
801411dc b __g_pRegister
801411e0 b bInit.1316
801411e4 b __g_pRegister
801411e8 b bInit.1273
801411ec b __g_ModuleVariables
801411f0 b bInit.1362
801411f4 b __g_pRegister
801411f8 b bInit.1084
801411fc b __g_ModuleVariables
80141200 b bInit.1316
80141204 b __g_ModuleVariables
80141218 b bInit.1134
8014121c b __g_ModuleVariables
80141224 b bInit.1410
80141228 B monitor_flash_len
8014122c b env_changed_id.9103
80141230 b act.9102
80141234 b first_failed.9086
80141238 b eth_devices
8014123c b eth_current
80141240 B NetOurSubnetMask
80141244 B NetOurGatewayIP
80141248 B NetOurDNSIP
8014124c B NetOurNISDomain
8014126c B NetOurHostName
8014128c B NetOurRootPath
801412cc B NetBootFileSize
801412ce B NetServerEther
801412d4 B NetEtherNullAddr
801412dc B NetRestartWrap
801412e0 B NetTxPacket
801412e4 B NetBootFileXferSize
801412e8 B NetOurEther
801412f0 B NetOurIP
801412f4 B NetServerIP
801412f8 B NetRxPackets
80141308 B NetRxPacket
8014130c B NetRxPacketLen
80141310 B NetIPID
80141314 B NetState
80141318 B BootFile
80141398 B NetPingIP
8014139c B PktBuf
801431bc B NetArpWaitPacketIP
801431c0 B NetArpWaitReplyIP
801431c4 B NetArpWaitPacketMAC
801431c8 B NetArpWaitTxPacket
801431cc B NetArpWaitTxPacketSize
801431d0 B NetArpWaitPacketBuf
801437f0 B NetArpWaitTimerStart
801437f4 B NetArpWaitTry
801437f8 b mac.9158
80143800 b NetRestarted
80143804 b NetDevExists
80143808 b env_changed_id.9004
8014380c b packetHandler
80143810 b timeHandler
80143814 b timeStart
80143818 b timeDelta
8014381c b NetTryCount
80143820 b PingSeqNo
80143824 b rpc_id
80143828 b fs_mounted
8014382c b nfs_len
80143830 b dirfh
80143850 b filefh
80143870 b NfsDownloadState
80143874 b NfsServerIP
80143878 b NfsSrvMountPort
8014387c b NfsSrvNfsPort
80143880 b NfsOurPort
80143884 b NfsTimeoutCount
80143888 b NfsState
8014388c b default_filename
801438cc b nfs_filename
801438d0 b nfs_path
801438d4 b nfs_path_buff
801440d4 B RarpTry
801440d8 b TftpServerIP
801440dc b TftpServerPort
801440e0 b TftpOurPort
801440e4 b TftpTimeoutCount
801440e8 b TftpBlock
801440ec b TftpLastBlock
801440f0 b TftpBlockWrap
801440f4 b TftpBlockWrapOffset
801440f8 b TftpState
801440fc b default_filename
80144109 b tftp_filename
8014418c B dhcp_state
80144190 B dhcp_leasetime
80144194 B NetDHCPServerIP
80144198 B BootpID
8014419c B BootpTry
801441a0 b mmc_devices
801441a8 B nand_info
80144258 b nand_chip
80144370 b images
801443fc B his_eol
80144400 B his_pad_count
80144404 B his_pad_char
80144405 B his_quote
80144408 B os_data_init
8014440c B os_data_char
80144410 B send_parms
80144424 B send_ptr
80144428 b a_b
80144440 b os_data_state
80144444 b os_data_state_saved
80144448 b os_data_addr
8014444c b os_data_addr_saved
80144450 b bin_start_address
80144454 b k_data_escape
80144458 b k_data_escape_saved
8014445c B dp_last_addr
80144460 B dp_last_size
80144464 B mm_last_addr
80144468 B mm_last_size
8014446c b base_address
80144470 b ctrlc_was_pressed
80144474 b ctrlc_disabled
80144478 B mem_malloc_start
8014447c B mem_malloc_end
80144480 B mem_malloc_brk
80144484 b top_pad
80144488 b n_mmaps_max
8014448c b current_mallinfo
801444b4 b max_sbrked_mem
801444b8 b max_total_mem
801444bc B env_ptr
801444c0 B last_return_code
801444c4 B nesting_level
801444c8 b top_vars
801444cc b flag_repeat
801444d0 b do_repeat
801444d4 b the_command.9179
801448d4 b buf.9642
801448fc b local.9152
80144914 b ifs
80144918 b map
80144a18 B hist_num
80144a1c B console_buffer
80144e20 B hist_list
80144e70 B hist_lines
80149e84 b initted.9134
80149e88 b hist_max
80149e8c b hist_add_idx
80149e90 B stdio_devices
80149e9c b devs
80149ed8 B usb_started
80149edc b usb_dev
801547dc b dev_index
801547e0 b running
801547e4 b asynch_allowed
801547e8 b setup_packet
801547f0 b hub_dev
801548f0 b usb_hub_index
801548f4 b usb_stor_buf
80154af4 b usb_ccb
80154b84 b CBWTag
80154b88 b usb_max_devs
80154b8c b usb_dev_desc
80154da8 b usb_stor
80154eac b xyz
801552e8 B ___strtok
801552ec b g_inittimer
801552f0 b timestamp
801552f4 b lastdec
801552f8 B elp
80156738 b nx_nand_oob
80157780 b alpha_to
80177780 b index_of
80197780 b BCH_AlphaToTable
80197784 b BCH_IndexOfTable
80197788 b params
8019778c B get_vfatname_block
801a778c B get_dentfromdir_block
801b778c B do_fat_read_block
801c778c b cur_dev
801c7790 b part_offset
801c7794 b dm9000_info
801c7880 B rootdev
801c7884 B hccr
801c7888 B hcor
801c788c b ntds.9490
801c78a0 b td.9489
801c7900 b qh.9488
801c7940 b portreset
801c7960 b qh_list
801c79a0 b usb_hc_init
801c79a4 A _end
