80100000 T _start
80100020 t _undefined_instruction
80100024 t _software_interrupt
80100028 t _prefetch_abort
8010002c t _data_abort
80100030 t _not_used
80100034 t _irq
80100038 t _fiq
80100040 t _TEXT_BASE
80100044 T _armboot_start
80100048 T _bss_start
8010004c T _bss_end
80100050 t reset
80100064 t relocate
80100084 t copy_loop
80100094 t stack_setup
801000a4 t clear_bss
801000b0 t clbss_l
801000cc t _start_armboot
801000d0 t cpu_init_crit
80100120 t undefined_instruction
80100180 t software_interrupt
801001e0 t prefetch_abort
80100240 t data_abort
801002a0 t not_used
80100300 t irq
80100360 t fiq
801003c0 T lowlevel_init
801003cc T arch_cpu_init
80100400 T print_cpuinfo
80100468 T dram_init
8010048c T arch_misc_init
80100494 T arch_preboot_os
80100498 T mem_cfg_info
80100738 T cpu_cfg_info
80100a34 T cpu_get_clock_hz
80100b7c T cpu_mach_init
80100eac T cpu_stat_info
80100ec8 T cpu_mach_wakeup
80100fc4 T goto_wakeup_asm
8010102c t fail_size
8010103c t loop
80101048 t verify_sum
80101068 t exit_wakeup
8010106c T asm_cpu_wakeup
80101148 t uart_tx_byte.part.0
80101170 T serial_init
80101320 T serial_putc
80101364 T serial_tstc
80101380 T serial_getc
801013c0 T serial_puts
801013e0 T serial_setbrg
801013e4 t sdhc_init
801013ec t sdhc_set_ios
801015ec t sdhc_request
80101da4 T sdhc_arch_init
80101f98 T board_mmc_init
80102050 T do_zimage
801021a8 T do_info
801022fc t ReadPacketEP2
80102344 T iUSBBOOT
8010284c T do_usbdown
801028cc T MemoryInitWithRstCfg
80102a50 T ProcessBootHeader
80102a9c T NX_ALIVE_Initialize
80102ac0 T NX_ALIVE_GetNumberOfModule
80102ac8 T NX_ALIVE_GetPhysicalAddress
80102ad4 T NX_ALIVE_GetSizeOfRegisterSet
80102adc T NX_ALIVE_SetBaseAddress
80102aec T NX_ALIVE_GetBaseAddress
80102afc T NX_ALIVE_OpenModule
80102b04 T NX_ALIVE_CloseModule
80102b0c T NX_ALIVE_CheckBusy
80102b14 T NX_ALIVE_CanPowerDown
80102b1c T NX_ALIVE_GetInterruptNumber
80102b24 T NX_ALIVE_SetInterruptEnable
80102b48 T NX_ALIVE_GetInterruptEnable
80102b64 T NX_ALIVE_SetInterruptEnable32
80102b88 T NX_ALIVE_GetInterruptEnable32
80102ba0 T NX_ALIVE_GetInterruptPending
80102bbc T NX_ALIVE_GetInterruptPending32
80102bd4 T NX_ALIVE_ClearInterruptPending
80102bf0 T NX_ALIVE_ClearInterruptPending32
80102c08 T NX_ALIVE_SetInterruptEnableAll
80102c28 T NX_ALIVE_GetInterruptEnableAll
80102c44 T NX_ALIVE_GetInterruptPendingAll
80102c60 T NX_ALIVE_ClearInterruptPendingAll
80102c78 T NX_ALIVE_GetInterruptPendingNumber
80102cc8 T NX_ALIVE_SetWriteEnable
80102cdc T NX_ALIVE_GetWriteEnable
80102cf4 T NX_ALIVE_SetScratchReg
80102d10 T NX_ALIVE_GetScratchReg
80102d24 T NX_ALIVE_SetPullUpEnable
80102d48 T NX_ALIVE_GetPullUpEnable
80102d64 T NX_ALIVE_SetPadRetentionEnable
80102d8c T NX_ALIVE_GetPadRetentionEnable
80102dac T NX_ALIVE_SetPadRetentionHold
80102dd4 T NX_ALIVE_GetPadRetentionHold
80102df4 T NX_ALIVE_SetDetectEnable
80102e18 T NX_ALIVE_GetDetectEnable
80102e34 T NX_ALIVE_SetDetectMode
80102ef4 T NX_ALIVE_GetDetectMode
80102f8c T NX_ALIVE_GetVDDPWRTOGGLE
80102fa8 T NX_ALIVE_SetOutputEnable
80102fcc T NX_ALIVE_GetOutputEnable
80102fe8 T NX_ALIVE_SetOutputValue
8010300c T NX_ALIVE_GetOutputValue
80103028 T NX_ALIVE_SetVDDPWRON
8010305c T NX_ALIVE_GetVDDPWRON
80103074 T NX_ALIVE_GetVDDPWRON_DDR
80103094 T NX_CLKPWR_Initialize
801030b8 T NX_CLKPWR_GetNumberOfModule
801030c0 T NX_CLKPWR_GetPhysicalAddress
801030cc T NX_CLKPWR_GetSizeOfRegisterSet
801030d4 T NX_CLKPWR_SetBaseAddress
801030e4 T NX_CLKPWR_GetBaseAddress
801030f4 T NX_CLKPWR_OpenModule
801030fc T NX_CLKPWR_CloseModule
80103104 T NX_CLKPWR_GetInterruptNumber
8010310c T NX_CLKPWR_SetInterruptEnable
80103154 T NX_CLKPWR_GetInterruptEnable
80103184 T NX_CLKPWR_SetInterruptEnable32
801031ac T NX_CLKPWR_GetInterruptEnable32
801031d4 T NX_CLKPWR_GetInterruptPending
80103204 T NX_CLKPWR_GetInterruptPending32
8010322c T NX_CLKPWR_ClearInterruptPending
80103258 T NX_CLKPWR_ClearInterruptPending32
80103280 T NX_CLKPWR_SetInterruptEnableAll
801032b0 T NX_CLKPWR_GetInterruptEnableAll
801032e0 T NX_CLKPWR_GetInterruptPendingAll
80103310 T NX_CLKPWR_ClearInterruptPendingAll
80103334 T NX_CLKPWR_GetInterruptPendingNumber
80103380 T NX_CLKPWR_SetPLLPMS
801033a0 T NX_CLKPWR_SetPLLPowerOn
801033c4 T NX_CLKPWR_DoPLLChange
801033e0 T NX_CLKPWR_IsPLLStable
80103400 T NX_CLKPWR_CanPowerDown
80103414 T NX_CLKPWR_CheckBusy
80103428 T NX_CLKPWR_SetClockCPU
8010344c T NX_CLKPWR_SetClockMCLK
80103478 T NX_CLKPWR_SetCPUBUSSyncMode
8010349c T NX_CLKPWR_GetCPUBUSSyncMode
801034b8 T NX_CLKPWR_SetRTCWakeUpEnable
801034d8 T NX_CLKPWR_GetRTCWakeUpEnable
801034f4 T NX_CLKPWR_SetALIVEGPIOWakeupEnable
80103518 T NX_CLKPWR_GetALIVEGPIOWakeupEnable
80103534 T NX_CLKPWR_SetALIVEGPIOWakeUpRiseEdgeDetectEnable
80103558 T NX_CLKPWR_GetALIVEGPIOWakeUpRiseEdgeDetectEnable
80103574 T NX_CLKPWR_SetALIVEGPIOWakeUpFallEdgeDetectEnable
80103598 T NX_CLKPWR_GetALIVEGPIOWakeUpFallEdgeDetectEnable
801035b4 T NX_CLKPWR_SetSoftwareResetEnable
801035d4 T NX_CLKPWR_GetSoftwareResetEnable
801035f4 T NX_CLKPWR_DoSoftwareReset
8010360c T NX_CLKPWR_SetALIVEGPIOResetEnable
80103630 T NX_CLKPWR_GetALIVEGPIOResetEnable
8010364c T NX_CLKPWR_GetResetStatus
80103664 T NX_CLKPWR_GoStopMode
8010367c T NX_CLKPWR_GoIdleMode
80103694 T NX_CLKPWR_GetLastPowerMode
801036ac T NX_CLKPWR_SetScratchPad
801036c4 T NX_CLKPWR_GetScratchPad
801036dc T NX_CLKPWR_GetSystemResetConfiguration
801036f0 T NX_CLKPWR_SetGPIOPadStrength
80103750 T NX_CLKPWR_GetGPIOPadStrength
80103798 T NX_CLKPWR_SetBusPadStrength
801037d8 T NX_CLKPWR_GetBusPadStrength
80103804 T NX_DPC_Initialize
80103828 T NX_DPC_GetNumberOfModule
80103830 T NX_DPC_GetPhysicalAddress
80103840 T NX_DPC_GetSizeOfRegisterSet
80103848 T NX_DPC_SetBaseAddress
8010385c T NX_DPC_GetBaseAddress
80103870 T NX_DPC_OpenModule
80103878 T NX_DPC_CloseModule
80103880 T NX_DPC_CheckBusy
80103888 T NX_DPC_CanPowerDown
80103890 T NX_DPC_GetInterruptNumber
80103898 T NX_DPC_SetInterruptEnable
801038c4 T NX_DPC_GetInterruptEnable
801038e4 T NX_DPC_SetInterruptEnable32
8010390c T NX_DPC_GetInterruptEnable32
8010392c T NX_DPC_GetInterruptPending
8010394c T NX_DPC_GetInterruptPending32
8010396c T NX_DPC_ClearInterruptPending
8010398c T NX_DPC_ClearInterruptPending32
801039b4 T NX_DPC_SetInterruptEnableAll
801039e0 T NX_DPC_GetInterruptEnableAll
80103a00 T NX_DPC_GetInterruptPendingAll
80103a20 T NX_DPC_ClearInterruptPendingAll
80103a40 T NX_DPC_GetInterruptPendingNumber
80103a78 T NX_DPC_SetClockPClkMode
80103aa8 T NX_DPC_GetClockPClkMode
80103acc T NX_DPC_SetClockSource
80103af4 T NX_DPC_GetClockSource
80103b18 T NX_DPC_SetClockDivisor
80103b48 T NX_DPC_GetClockDivisor
80103b78 T NX_DPC_SetClockOutInv
80103ba0 T NX_DPC_GetClockOutInv
80103bc4 T NX_DPC_SetClockOutSelect
80103bf0 T NX_DPC_GetClockOutSelect
80103c14 T NX_DPC_SetClockPolarity
80103c3c T NX_DPC_GetClockPolarity
80103c60 T NX_DPC_SetClockOutEnb
80103c8c T NX_DPC_GetClockOutEnb
80103cb4 T NX_DPC_SetClockOutDelay
80103ce8 T NX_DPC_GetClockOutDelay
80103d08 T NX_DPC_SetClockDivisorEnable
80103d2c T NX_DPC_GetClockDivisorEnable
80103d4c T NX_DPC_SetDPCEnable
80103d78 T NX_DPC_GetDPCEnable
80103d94 T NX_DPC_SetDelay
80103dec T NX_DPC_GetDelay
80103e60 T NX_DPC_SetDither
80103e94 T NX_DPC_GetDither
80103ed8 T NX_DPC_SetMode
80103ff0 T NX_DPC_GetMode
80104138 T NX_DPC_SetHSync
801041d8 T NX_DPC_GetHSync
80104254 T NX_DPC_SetVSync
80104368 T NX_DPC_GetVSync
8010444c T NX_DPC_SetVSyncOffset
80104494 T NX_DPC_GetVSyncOffset
801044f0 T NX_DPC_SetHorizontalUpScaler
80104550 T NX_DPC_GetHorizontalUpScaler
801045c0 T NX_GPIO_SetBit
801045d8 T NX_GPIO_GetBit
801045e4 T NX_GPIO_SetBit2
80104600 T NX_GPIO_GetBit2
80104610 T NX_GPIO_Initialize
8010463c T NX_GPIO_GetNumberOfModule
80104644 T NX_GPIO_GetPhysicalAddress
80104654 T NX_GPIO_GetSizeOfRegisterSet
8010465c T NX_GPIO_SetBaseAddress
80104670 T NX_GPIO_GetBaseAddress
80104684 T NX_GPIO_OpenModule
8010468c T NX_GPIO_CloseModule
80104694 T NX_GPIO_CheckBusy
8010469c T NX_GPIO_CanPowerDown
801046a4 T NX_GPIO_GetInterruptNumber
801046ac T NX_GPIO_GetInterruptEnable
801046cc T NX_GPIO_SetInterruptEnable32
801046f8 T NX_GPIO_GetInterruptEnable32
80104720 T NX_GPIO_GetInterruptPending
80104740 T NX_GPIO_GetInterruptPending32
80104768 T NX_GPIO_ClearInterruptPending
80104788 T NX_GPIO_ClearInterruptPending32
801047b0 T NX_GPIO_SetInterruptEnableAll
801047d0 T NX_GPIO_GetInterruptEnableAll
801047f0 T NX_GPIO_GetInterruptPendingAll
80104810 T NX_GPIO_ClearInterruptPendingAll
8010482c T NX_GPIO_GetInterruptPendingNumber
8010486c T NX_GPIO_SetInterruptMode
80104890 T NX_GPIO_GetInterruptMode
801048c0 T NX_GPIO_SetOutputEnable
801048d8 T NX_GPIO_GetDetectEnable
801048f8 T NX_GPIO_GetDetectEnable32
80104910 T NX_GPIO_SetDetectEnable
80104928 T NX_GPIO_SetInterruptEnable
80104958 T NX_GPIO_SetDetectEnable32
80104970 T NX_GPIO_GetOutputEnable
80104990 T NX_GPIO_SetOutputValue
801049a4 T NX_GPIO_GetOutputValue
801049c4 T NX_GPIO_GetInputValue
801049e4 T NX_GPIO_SetPullUpEnable
801049fc T NX_GPIO_GetPullUpEnable
80104a1c T NX_GPIO_SetPadFunction
80104a40 T NX_GPIO_GetPadFunction
80104a70 T NX_GPIO_GetValidBit
80104a84 T NX_INTC_Initialize
80104aa8 T NX_INTC_GetNumberOfModule
80104ab0 T NX_INTC_GetPhysicalAddress
80104abc T NX_INTC_GetSizeOfRegisterSet
80104ac4 T NX_INTC_SetBaseAddress
80104ad4 T NX_INTC_GetBaseAddress
80104ae4 T NX_INTC_OpenModule
80104aec T NX_INTC_CloseModule
80104af4 T NX_INTC_CheckBusy
80104afc T NX_INTC_CanPowerDown
80104b04 T NX_INTC_SetInterruptEnable
80104b3c T NX_INTC_GetInterruptEnable
80104b68 T NX_INTC_SetInterruptEnable64
80104b94 T NX_INTC_GetInterruptEnable64
80104bc8 T NX_INTC_GetInterruptPending
80104bf0 T NX_INTC_GetInterruptPending64
80104c24 T NX_INTC_ClearInterruptPending
80104c50 T NX_INTC_ClearInterruptPending64
80104c7c T NX_INTC_SetInterruptEnableAll
80104ca0 T NX_INTC_GetInterruptEnableAll
80104cd0 T NX_INTC_GetInterruptPendingAll
80104d00 T NX_INTC_ClearInterruptPendingAll
80104d1c T NX_INTC_GetInterruptPendingNumber
80104d68 T NX_INTC_SetInterruptMode
80104d9c T NX_INTC_SetPriorityMode
80104dd4 T NX_MCUD_Initialize
80104df8 T NX_MCUD_GetNumberOfModule
80104e00 T NX_MCUD_GetPhysicalAddress
80104e0c T NX_MCUD_GetSizeOfRegisterSet
80104e14 T NX_MCUD_SetBaseAddress
80104e24 T NX_MCUD_GetBaseAddress
80104e34 T NX_MCUD_OpenModule
80104e3c T NX_MCUD_CloseModule
80104e44 T NX_MCUD_CheckBusy
80104e4c T NX_MCUD_CanPowerDown
80104e54 T NX_MCUD_SetEnable
80104e78 T NX_MCUD_GetEnable
80104e94 T NX_MCUD_SetDLLReset
80104eb8 T NX_MCUD_GetDLLReset
80104ed8 T NX_MCUD_SetMCLKConfig
80104f08 T NX_MCUD_GetMCLKConfig
80104f40 T NX_MCUD_ApplyModeSetting
80104f5c T NX_MCUD_IsBusyModeSetting
80104f7c T NX_MCUD_SetType
80104f9c T NX_MCUD_GetType
80104fb8 T NX_MCUD_SetBusWidth
80104fdc T NX_MCUD_GetBusWidth
80104ff8 T NX_MCUD_SetDataWidth
8010501c T NX_MCUD_GetDataWidth
80105034 T NX_MCUD_SetCapacity
8010505c T NX_MCUD_GetCapacity
80105080 T NX_MCUD_SetCASLatency
801050a0 T NX_MCUD_GetCASLatency
801050bc T NX_MCUD_SetAdditiveLatency
801050dc T NX_MCUD_GetAdditiveLatency
801050f8 T NX_MCUD_SetDelayLatency
8010511c T NX_MCUD_GetDelayLatency
8010513c T NX_MCUD_SetDIC
80105160 T NX_MCUD_GetDIC
80105180 T NX_MCUD_SetODT
801051a0 T NX_MCUD_GetODT
801051bc T NX_MCUD_SetDQSMode
801051f0 T NX_MCUD_GetDQSMode
80105210 T NX_MCUD_SetDLLEnable
80105234 T NX_MCUD_GetDLLEnable
80105254 T NX_MCUD_SetRCD
80105278 T NX_MCUD_GetRCD
80105294 T NX_MCUD_SetRP
801052b8 T NX_MCUD_GetRP
801052d8 T NX_MCUD_SetRAS
801052fc T NX_MCUD_GetRAS
8010531c T NX_MCUD_SetRFC
80105340 T NX_MCUD_GetRFC
8010535c T NX_MCUD_SetMRD
80105380 T NX_MCUD_GetMRD
801053a0 T NX_MCUD_SetRTP
801053c4 T NX_MCUD_GetRTP
801053e4 T NX_MCUD_SetWR
80105408 T NX_MCUD_GetWR
80105428 T NX_MCUD_SetWTR
8010544c T NX_MCUD_GetWTR
80105468 T NX_MCUD_SetActivePowerDownEnable
8010548c T NX_MCUD_GetActivePowerDownEnable
801054ac T NX_MCUD_SetActivePowerDownPeriod
801054d0 T NX_MCUD_GetActivePowerDownPeriod
801054ec T NX_MCUD_SetRefreshPeriod
80105520 T NX_MCUD_GetRefreshPeriod
80105540 T NX_MCUD_PHYDLL_SetAutoMode
80105564 T NX_MCUD_PHYDLL_GetAutoMode
80105584 T NX_MCUD_PHYDLL_SetConfig
801055c0 T NX_MCUD_PHYDLL_GetConfig
8010561c T NX_MCUD_PHYDLL_Run
80105638 T NX_MCUD_PHYDLL_Stop
80105654 T NX_MCUD_PHYDLL_IsRun
8010566c T NX_MCUD_PHYDLL_IsLockCoarse
8010568c T NX_MCUD_PHYDLL_IsLockFine
801056ac T NX_MCUD_PHYDLL_GetAutoDelay
801056f0 T NX_MCUD_PHYDLL_SetManualDelay
80105710 T NX_MCUD_PHYDLL_GetManualDelay
80105728 T NX_MCUD_PHYDLL_SetDQSDelay
80105774 T NX_MCUD_PHYDLL_GetDQSDelay
801057bc T NX_MCUD_PHYZQ_SetAutoMode
801057e0 T NX_MCUD_PHYZQ_GetAutoMode
80105800 T NX_MCUD_PHYZQ_SetODT
8010582c T NX_MCUD_PHYZQ_GetODT
80105874 T NX_MCUD_PHYZQ_SetControlCode
80105898 T NX_MCUD_PHYZQ_GetControlCode
801058c8 T NX_MCUD_PHYZQ_GetAutoResult
801058fc T NX_MCUD_PHYZQ_Run
80105918 T NX_MCUD_PHYZQ_Stop
80105934 T NX_MCUD_PHYZQ_IsRun
8010594c T NX_MCUD_PHYZQ_IsError
8010596c T NX_MCUD_PHYZQ_IsCompleted
8010598c T NX_MCUD_PHYZQ_Update
801059a4 T NX_MCUD_SetFastArbiter
801059f4 T NX_MCUD_GetFastArbiter
80105a38 T NX_MCUD_SetSlowArbiter
80105a88 T NX_MCUD_GetSlowArbiter
80105ad0 T NX_MCUD_SetInitPerformanceCounter
80105ae4 T NX_MCUD_GetInitPerformanceCounter
80105af8 T NX_MCUD_GetPerformanceCounter
80105b14 T NX_MCUS_Initialize
80105b38 T NX_MCUS_GetNumberOfModule
80105b40 T NX_MCUS_GetPhysicalAddress
80105b4c T NX_MCUS_GetSizeOfRegisterSet
80105b54 T NX_MCUS_SetBaseAddress
80105b64 T NX_MCUS_GetBaseAddress
80105b74 T NX_MCUS_OpenModule
80105b7c T NX_MCUS_CloseModule
80105b84 T NX_MCUS_CheckBusy
80105b8c T NX_MCUS_CanPowerDown
80105b94 T NX_MCUS_GetInterruptNumber
80105b9c T NX_MCUS_SetInterruptEnable
80105bbc T NX_MCUS_GetInterruptEnable
80105bd8 T NX_MCUS_GetInterruptPending
80105bf4 T NX_MCUS_ClearInterruptPending
80105c14 T NX_MCUS_SetInterruptEnableAll
80105c34 T NX_MCUS_GetInterruptEnableAll
80105c50 T NX_MCUS_GetInterruptPendingAll
80105c70 T NX_MCUS_ClearInterruptPendingAll
80105c90 T NX_MCUS_SetInterruptEnable32
80105cb4 T NX_MCUS_GetInterruptEnable32
80105cd0 T NX_MCUS_GetInterruptPending32
80105cec T NX_MCUS_ClearInterruptPending32
80105d10 T NX_MCUS_GetInterruptPendingNumber
80105d34 T NX_MCUS_GetDMAIndex
80105d3c T NX_MCUS_GetDMABusWidth
80105d44 T NX_MCUS_GetISRAMCS
80105d64 T NX_MCUS_GetIROMCS
80105d80 T NX_MCUS_SetStaticBUSConfig
80106048 T NX_MCUS_GetStaticBUSConfig
801063c8 T NX_MCUS_ResetIDEDMA
801063e8 T NX_MCUS_SetIDEDMATimeOut
80106400 T NX_MCUS_GetIDEDMATimeOut
80106430 T NX_MCUS_SetIDEDMAEnable
80106450 T NX_MCUS_GetIDEDMAEnable
8010646c T NX_MCUS_SetIDEDMAMode
8010648c T NX_MCUS_GetIDEDMAMode
801064a4 T NX_MCUS_SetIDEDMAConfig
80106570 T NX_MCUS_GetIDEDMAConfig
801066b8 T NX_MCUS_SetNFType
801066dc T NX_MCUS_GetNFType
801066f8 T NX_MCUS_SetNFBootEnable
80106720 T NX_MCUS_GetNFBootEnable
80106740 T NX_MCUS_SetNFBank
80106764 T NX_MCUS_GetNFBank
8010677c T NX_MCUS_SetNFCSEnable
801067a4 T NX_MCUS_GetNFCSEnable
801067bc T NX_MCUS_IsNFReady
801067d8 T NX_MCUS_SetAutoResetEnable
80106800 T NX_MCUS_GetAutoResetEnable
80106820 T NX_MCUS_ResetNFECCBlock
80106840 T NX_MCUS_SetECCMode
80106868 T NX_MCUS_GetECCMode
8010688c T NX_MCUS_GetNFWriteDataCount
801068b0 T NX_MCUS_GetNFReadDataCount
801068cc T NX_MCUS_IsNFError
801068e8 T NX_MCUS_IsNFReadEnd
80106904 T NX_MCUS_IsNFWriteEnd
8010691c T NX_MCUS_GetNFECC4
80106944 T NX_MCUS_GetNFECC8
80106978 T NX_MCUS_GetNFECC16
801069c8 T NX_MCUS_SetNFOriginECC4
801069e8 T NX_MCUS_SetNFOriginECC8
80106a18 T NX_MCUS_SetNFOriginECC16
80106a60 T NX_MCUS_GetNFECCOddSyndrome4
80106aa0 T NX_MCUS_GetNFECCOddSyndrome8
80106b10 T NX_MCUS_GetNFECCOddSyndrome16
80106be0 T NX_MLC_Initialize
80106c04 T NX_MLC_GetNumberOfModule
80106c0c T NX_MLC_GetPhysicalAddress
80106c1c T NX_MLC_GetSizeOfRegisterSet
80106c24 T NX_MLC_SetBaseAddress
80106c38 T NX_MLC_GetBaseAddress
80106c4c T NX_MLC_OpenModule
80106c54 T NX_MLC_CloseModule
80106c5c T NX_MLC_CheckBusy
80106c64 T NX_MLC_CanPowerDown
80106c6c T NX_MLC_SetClockPClkMode
80106c9c T NX_MLC_GetClockPClkMode
80106cc0 T NX_MLC_SetClockBClkMode
80106d00 T NX_MLC_GetClockBClkMode
80106d38 T NX_MLC_SetTopPowerMode
80106d60 T NX_MLC_GetTopPowerMode
80106d80 T NX_MLC_SetTopSleepMode
80106dac T NX_MLC_GetTopSleepMode
80106dd0 T NX_MLC_SetTopDirtyFlag
80106df0 T NX_MLC_GetTopDirtyFlag
80106e10 T NX_MLC_SetMLCEnable
80106e34 T NX_MLC_GetMLCEnable
80106e54 T NX_MLC_SetFieldEnable
80106e78 T NX_MLC_GetFieldEnable
80106e94 T NX_MLC_SetLayerPriority
80106eb8 T NX_MLC_SetScreenSize
80106edc T NX_MLC_GetScreenSize
80106f34 T NX_MLC_SetBackground
80106f4c T NX_MLC_SetDirtyFlag
80106f90 T NX_MLC_GetDirtyFlag
80106fe4 T NX_MLC_SetLayerEnable
80107030 T NX_MLC_GetLayerEnable
80107084 T NX_MLC_SetLockSize
801070c0 T NX_MLC_SetAlphaBlending
80107128 T NX_MLC_SetTransparency
80107170 T NX_MLC_SetColorInversion
801071b8 T NX_MLC_GetExtendedColor
801074c8 T NX_MLC_SetFormatRGB
80107504 T NX_MLC_SetFormatYUV
80107528 T NX_MLC_SetPosition
801075b4 T NX_MLC_SetDitherEnableWhenUsingGamma
801075d8 T NX_MLC_GetDitherEnableWhenUsingGamma
801075f4 T NX_MLC_SetGammaPriority
80107618 T NX_MLC_GetGammaPriority
80107638 T NX_MLC_SetRGBLayerInvalidPosition
801076b4 T NX_MLC_SetRGBLayerStride
801076f0 T NX_MLC_SetRGBLayerAddress
80107714 T NX_MLC_SetRGBLayerGamaTablePowerMode
80107744 T NX_MLC_GetRGBLayerGamaTablePowerMode
801077a4 T NX_MLC_SetRGBLayerGamaTableSleepMode
801077e4 T NX_MLC_GetRGBLayerGamaTableSleepMode
80107844 T NX_MLC_SetRGBLayerRGammaTable
80107860 T NX_MLC_SetRGBLayerGGammaTable
8010787c T NX_MLC_SetRGBLayerBGammaTable
80107898 T NX_MLC_SetRGBLayerGammaEnable
801078bc T NX_MLC_GetRGBLayerGammaEnable
801078dc T NX_MLC_SetVideoLayerStride
801078fc T NX_MLC_SetVideoLayerAddress
8010791c T NX_MLC_SetVideoLayerAddressYUYV
80107938 T NX_MLC_SetVideoLayerScaleFactor
80107988 T NX_MLC_SetVideoLayerScaleFilter
801079d8 T NX_MLC_GetVideoLayerScaleFilter
80107a2c T NX_MLC_SetVideoLayerScale
80107b14 T NX_MLC_SetVideoLayerLumaEnhance
80107b34 T NX_MLC_SetVideoLayerChromaEnhance
80107b84 T NX_MLC_SetVideoLayerLineBufferPowerMode
80107bac T NX_MLC_GetVideoLayerLineBufferPowerMode
80107bcc T NX_MLC_SetVideoLayerLineBufferSleepMode
80107bf8 T NX_MLC_GetVideoLayerLineBufferSleepMode
80107c1c T NX_MLC_SetVideoLayerGamaTablePowerMode
80107c48 T NX_MLC_GetVideoLayerGamaTablePowerMode
80107ca8 T NX_MLC_SetVideoLayerGamaTableSleepMode
80107ce8 T NX_MLC_GetVideoLayerGamaTableSleepMode
80107d48 T NX_MLC_SetVideoLayerGammaEnable
80107d6c T NX_MLC_GetVideoLayerGammaEnable
80107d8c T NX_PWM_Initialize
80107db0 T NX_PWM_GetNumberOfModule
80107db8 T NX_PWM_GetPhysicalAddress
80107dc4 T NX_PWM_GetSizeOfRegisterSet
80107dcc T NX_PWM_SetBaseAddress
80107ddc T NX_PWM_GetBaseAddress
80107dec T NX_PWM_OpenModule
80107df4 T NX_PWM_CloseModule
80107dfc T NX_PWM_CheckBusy
80107e1c T NX_PWM_CanPowerDown
80107e24 T NX_PWM_SetClockPClkMode
80107e50 T NX_PWM_GetClockPClkMode
80107e70 T NX_PWM_SetClockDivisorEnable
80107e90 T NX_PWM_GetClockDivisorEnable
80107eac T NX_PWM_SetClockSource
80107ecc T NX_PWM_GetClockSource
80107ee8 T NX_PWM_SetClockDivisor
80107f10 T NX_PWM_GetClockDivisor
80107f30 T NX_PWM_SetPreScale
80107f74 T NX_PWM_GetPreScale
80107fa4 T NX_PWM_SetPolarity
80107fec T NX_PWM_GetPolarity
8010801c T NX_PWM_SetPeriod
8010804c T NX_PWM_GetPeriod
80108074 T NX_PWM_SetDutyCycle
801080ac T NX_PWM_GetDutyCycle
801080d4 T NX_SDHC_Initialize
801080f8 T NX_SDHC_GetNumberOfModule
80108100 T NX_SDHC_GetPhysicalAddress
80108114 T NX_SDHC_GetSizeOfRegisterSet
80108120 T NX_SDHC_SetBaseAddress
80108134 T NX_SDHC_GetBaseAddress
80108148 T NX_SDHC_OpenModule
8010816c T NX_SDHC_CloseModule
80108190 T NX_SDHC_GetInterruptNumber
80108198 T NX_SDHC_SetInterruptEnable
801081c0 T NX_SDHC_GetInterruptEnable
801081e0 T NX_SDHC_GetInterruptPending
80108200 T NX_SDHC_ClearInterruptPending
80108220 T NX_SDHC_SetInterruptEnableAll
80108248 T NX_SDHC_GetInterruptEnableAll
80108268 T NX_SDHC_GetInterruptPendingAll
80108288 T NX_SDHC_ClearInterruptPendingAll
801082a4 T NX_SDHC_GetInterruptPendingNumber
801082e0 T NX_SDHC_SetInterruptEnable32
80108304 T NX_SDHC_GetInterruptEnable32
8010831c T NX_SDHC_GetInterruptPending32
80108334 T NX_SDHC_ClearInterruptPending32
8010834c T NX_SDHC_GetDMAIndex
80108354 T NX_SDHC_GetDMABusWidth
8010835c T NX_SDHC_SetClockPClkMode
8010838c T NX_SDHC_GetClockPClkMode
801083b0 T NX_SDHC_SetClockSource
801083d4 T NX_SDHC_GetClockSource
801083f4 T NX_SDHC_SetClockDivisor
80108420 T NX_SDHC_GetClockDivisor
8010844c T NX_SDHC_SetClockDivisorEnable
80108474 T NX_SDHC_GetClockDivisorEnable
80108498 T NX_SDHC_AbortReadData
801084b8 T NX_SDHC_SendIRQResponse
801084d8 T NX_SDHC_SetReadWait
801084fc T NX_SDHC_SetDMAMode
80108520 T NX_SDHC_ResetDMA
80108544 T NX_SDHC_IsResetDMA
80108564 T NX_SDHC_ResetFIFO
80108588 T NX_SDHC_IsResetFIFO
801085a8 T NX_SDHC_ResetController
801085cc T NX_SDHC_IsResetController
801085e8 T NX_SDHC_SetOutputClockDivider
80108604 T NX_SDHC_GetOutputClockDivider
80108628 T NX_SDHC_SetLowPowerClockMode
80108650 T NX_SDHC_GetLowPowerClockMode
80108674 T NX_SDHC_SetOutputClockEnable
8010869c T NX_SDHC_GetOutputClockEnable
801086b8 T NX_SDHC_SetDataTimeOut
801086dc T NX_SDHC_GetDataTimeOut
801086f8 T NX_SDHC_SetResponseTimeOut
8010871c T NX_SDHC_GetResponseTimeOut
80108738 T NX_SDHC_SetDataBusWidth
80108754 T NX_SDHC_GetDataBusWidth
80108778 T NX_SDHC_SetBlockSize
80108790 T NX_SDHC_GetBlockSize
801087a8 T NX_SDHC_SetByteCount
801087c0 T NX_SDHC_GetByteCount
801087d8 T NX_SDHC_SetCommandArgument
801087f0 T NX_SDHC_SetCommand
8010880c T NX_SDHC_StartCommand
8010882c T NX_SDHC_IsCommandBusy
80108848 T NX_SDHC_GetShortResponse
80108860 T NX_SDHC_GetLongResponse
80108894 T NX_SDHC_GetAutoStopResponse
801088ac T NX_SDHC_GetResponseIndex
801088cc T NX_SDHC_IsDMAReq
801088e8 T NX_SDHC_IsDMAAck
80108908 T NX_SDHC_GetFIFOCount
80108928 T NX_SDHC_IsDataTransferBusy
80108948 T NX_SDHC_IsCardDataBusy
80108968 T NX_SDHC_IsCardPresent
80108988 T NX_SDHC_GetCommandFSM
801089a8 T NX_SDHC_CheckBusy
801089bc T NX_SDHC_CanPowerDown
801089d0 T NX_SDHC_IsFIFOFull
801089f0 T NX_SDHC_IsFIFOEmpty
80108a10 T NX_SDHC_IsFIFOTxThreshold
80108a30 T NX_SDHC_IsFIFORxThreshold
80108a4c T NX_SDHC_SetFIFORxThreshold
80108a74 T NX_SDHC_GetFIFORxThreshold
80108a9c T NX_SDHC_SetFIFOTxThreshold
80108ac4 T NX_SDHC_GetFIFOTxThreshold
80108ae4 T NX_SDHC_GetDataTransferSize
80108afc T NX_SDHC_GetFIFOTransferSize
80108b14 T NX_SDHC_SetData
80108b2c T NX_SDHC_GetData
80108b44 T NX_SDHC_SetData32
80108b98 T NX_SDHC_GetData32
80108bec T NX_SDHC_GetDataPointer
80108c04 T NX_TIMER_Initialize
80108c3c T NX_TIMER_GetNumberOfModule
80108c44 T NX_TIMER_GetPhysicalAddress
80108c54 T NX_TIMER_GetSizeOfRegisterSet
80108c5c T NX_TIMER_SetBaseAddress
80108c70 T NX_TIMER_GetBaseAddress
80108c84 T NX_TIMER_OpenModule
80108c8c T NX_TIMER_CloseModule
80108c94 T NX_TIMER_CheckBusy
80108c9c T NX_TIMER_CanPowerDown
80108ca4 T NX_TIMER_GetInterruptNumber
80108cb4 T NX_TIMER_SetInterruptEnable
80108cd8 T NX_TIMER_GetInterruptEnable
80108cf8 T NX_TIMER_SetInterruptEnable32
80108d20 T NX_TIMER_GetInterruptEnable32
80108d40 T NX_TIMER_GetInterruptPending
80108d60 T NX_TIMER_GetInterruptPending32
80108d80 T NX_TIMER_ClearInterruptPending
80108da0 T NX_TIMER_ClearInterruptPending32
80108dc8 T NX_TIMER_SetInterruptEnableAll
80108dec T NX_TIMER_GetInterruptEnableAll
80108e0c T NX_TIMER_GetInterruptPendingAll
80108e2c T NX_TIMER_ClearInterruptPendingAll
80108e4c T NX_TIMER_GetInterruptPendingNumber
80108e70 T NX_TIMER_SetClockPClkMode
80108ea0 T NX_TIMER_GetClockPClkMode
80108ec4 T NX_TIMER_SetClockDivisorEnable
80108ee8 T NX_TIMER_GetClockDivisorEnable
80108f08 T NX_TIMER_SetClockSource
80108f2c T NX_TIMER_GetClockSource
80108f4c T NX_TIMER_SetClockDivisor
80108f78 T NX_TIMER_GetClockDivisor
80108f9c T NX_TIMER_Run
80108fc0 T NX_TIMER_Stop
80108fe0 T NX_TIMER_SetWatchDogEnable
80109008 T NX_TIMER_SetTClkDivider
8010902c T NX_TIMER_SetMatchCounter
80109044 T NX_TIMER_GetMatchCounter
8010905c T NX_TIMER_SetTimerCounter
80109074 T NX_TIMER_GetTimerCounter
8010909c T NX_UART_Initialize
801090c4 T NX_UART_GetNumberOfModule
801090cc T NX_UART_GetPhysicalAddress
801090dc T NX_UART_GetSizeOfRegisterSet
801090e4 T NX_UART_SetBaseAddress
801090f8 T NX_UART_GetBaseAddress
8010910c T NX_UART_OpenModule
80109150 T NX_UART_CloseModule
80109194 T NX_UART_CheckBusy
8010919c T NX_UART_CanPowerDown
801091a4 T NX_UART_GetInterruptNumber
801091d0 T NX_UART_SetInterruptEnable
80109208 T NX_UART_GetInterruptEnable
8010922c T NX_UART_SetInterruptEnable32
8010924c T NX_UART_GetInterruptEnable32
8010926c T NX_UART_GetInterruptPending
8010928c T NX_UART_GetInterruptPending32
801092a8 T NX_UART_ClearInterruptPending
801092d8 T NX_UART_ClearInterruptPending32
80109304 T NX_UART_SetInterruptEnableAll
80109328 T NX_UART_GetInterruptEnableAll
8010934c T NX_UART_GetInterruptPendingAll
8010936c T NX_UART_ClearInterruptPendingAll
8010938c T NX_UART_GetInterruptPendingNumber
801093e0 T NX_UART_GetDMAIndex_Tx
80109404 T NX_UART_GetDMAIndex_Rx
80109430 T NX_UART_GetDMABusWidth
80109438 T NX_UART_SetClockPClkMode
80109468 T NX_UART_GetClockPClkMode
8010948c T NX_UART_SetClockSource
801094b0 T NX_UART_GetClockSource
801094d0 T NX_UART_SetClockDivisor
801094fc T NX_UART_GetClockDivisor
80109528 T NX_UART_SetClockDivisorEnable
8010954c T NX_UART_GetClockDivisorEnable
8010956c T NX_UART_SetSIRMode
80109594 T NX_UART_GetSIRMode
801095b8 T NX_UART_SetLoopBackMode
801095e0 T NX_UART_GetLoopBackMode
80109604 T NX_UART_SetIntEnbWhenExceptionOccur
8010962c T NX_UART_GetIntEnbWhenExceptionOccur
80109650 T NX_UART_SetFrameConfiguration
8010968c T NX_UART_GetFrameConfiguration
801096d0 T NX_UART_SetBRD
801096e8 T NX_UART_GetBRD
80109700 T NX_UART_MakeBRD
8010972c T NX_UART_SetRxTimeOutEnb
8010975c T NX_UART_GetRxTimeOutEnb
80109780 T NX_UART_SetRxTimeOut
80109798 T NX_UART_GetRxTimeOut
801097b0 T NX_UART_SetSYNCPendClear
801097d0 T NX_UART_SetTxIRQType
801097fc T NX_UART_GetTxIRQType
8010981c T NX_UART_SetRxIRQType
80109848 T NX_UART_GetRxIRQType
80109868 T NX_UART_SendBreak
80109888 T NX_UART_SetTxOperationMode
801098b4 T NX_UART_GetTxOperationMode
801098d4 T NX_UART_SetRxOperationMode
80109900 T NX_UART_GetRxOperationMode
8010991c T NX_UART_SetTxFIFOTriggerLevel
8010995c T NX_UART_GetTxFIFOTriggerLevel
80109998 T NX_UART_SetRxFIFOTriggerLevel
801099d8 T NX_UART_GetRxFIFOTriggerLevel
80109a04 T NX_UART_ResetTxFIFO
80109a24 T NX_UART_IsTxFIFOReset
80109a48 T NX_UART_ResetRxFIFO
80109a68 T NX_UART_IsRxFIFOReset
80109a8c T NX_UART_SetFIFOEnb
80109ab4 T NX_UART_GetFIFOEnb
80109ad0 T NX_UART_SetSCTxEnb
80109af8 T NX_UART_GetSCTxEnb
80109b1c T NX_UART_SetSCRxEnb
80109b44 T NX_UART_GetSCRxEnb
80109b68 T NX_UART_SetSCTxMode
80109b94 T NX_UART_SetSCRxMode
80109bc0 T NX_UART_GetSCMode
80109be0 T NX_UART_GetTxRxStatus
80109bfc T NX_UART_GetErrorStatus
80109c18 T NX_UART_GetFIFOStatus
80109c38 T NX_UART_GetTxFIFOCount
80109c60 T NX_UART_GetRxFIFOCount
80109c84 T NX_UART_SetDTR
80109cac T NX_UART_GetDTR
80109cd0 T NX_UART_SetRTS
80109cf8 T NX_UART_GetRTS
80109d14 T NX_UART_SetAutoFlowControl
80109d3c T NX_UART_GetAutoFlowControl
80109d60 T NX_UART_SetHalfChannelEnable
80109d88 T NX_UART_GetHalfChannelEnable
80109dac T NX_UART_GetModemStatus
80109dc8 T NX_UART_SendByte
80109de0 T NX_UART_GetByte
80109dfc T NX_UART_SetLineConfig
80109e2c T NX_UART_SetControlConfig
80109e84 T NX_UART_SetFIFOConfig
80109edc T NX_UART_SetBaudRateConfig
80109ef8 T NX_UART_SetModemConfig
80109f58 T NX_UART_GetLineConfig
80109f9c T NX_UART_GetControlConfig
80109ff4 T NX_UART_GetFIFOConfig
8010a070 T NX_UART_GetBaudRateConfig
8010a094 T NX_UART_GetModemConfig
8010a144 T NX_UART_SetLCON
8010a15c T NX_UART_SetUCON
8010a174 T NX_UART_SetFCON
8010a18c T NX_UART_SetMCON
8010a1a4 T NX_UART_SetTIMEOUT
8010a1bc T NX_UART_SetINTCON
8010a1d4 T NX_UART_GetLCON
8010a1ec T NX_UART_GetUCON
8010a204 T NX_UART_GetFCON
8010a21c T NX_UART_GetMCON
8010a234 T NX_UART_GetTIMEOUT
8010a24c T NX_UART_GetINTCON
8010a264 T reset_cpu
8010a278 t display_dram_config
8010a2b0 t display_banner
8010a2d0 t init_baudrate
8010a328 T __coloured_LED_init
8010a328 W coloured_LED_init
8010a32c T __red_LED_on
8010a32c W red_LED_on
8010a330 T __red_LED_off
8010a330 W red_LED_off
8010a334 T __green_LED_on
8010a334 W green_LED_on
8010a338 T __green_LED_off
8010a338 W green_LED_off
8010a33c T __yellow_LED_on
8010a33c W yellow_LED_on
8010a340 T __yellow_LED_off
8010a340 W yellow_LED_off
8010a344 T __blue_LED_on
8010a344 W blue_LED_on
8010a348 T __blue_LED_off
8010a348 W blue_LED_off
8010a34c T hang
8010a360 T start_armboot
8010a4cc T enable_interrupts
8010a4d0 T disable_interrupts
8010a4d8 T bad_mode
8010a4f4 T show_regs
8010a634 T do_undefined_instruction
8010a658 T do_software_interrupt
8010a67c T do_prefetch_abort
8010a6a0 T do_data_abort
8010a6c4 T do_not_used
8010a6e8 T do_fiq
8010a70c T do_irq
8010a730 T eth_parse_enetaddr
8010a784 T eth_getenv_enetaddr
8010a7e0 T eth_setenv_enetaddr
8010a814 T eth_getenv_enetaddr_by_index
8010a858 W cpu_eth_init
8010a858 t __def_eth_init
8010a860 T eth_get_dev
8010a870 T eth_get_dev_by_name
8010a8c4 T eth_get_dev_by_index
8010a90c T eth_get_dev_index
8010a95c T eth_register
8010a9e4 T eth_initialize
8010ac48 T eth_halt
8010ac78 T eth_send
8010acb0 T eth_rx
8010acdc T eth_try_another
8010ad84 T eth_init
8010ae48 T eth_set_current
8010aee4 T eth_get_name
8010af04 t startAgainTimeout
8010af18 t startAgainHandler
8010af1c t NetCopyIP
8010af24 t NetReadIP
8010af40 t PingHandler
8010af68 t PingTimeout
8010af84 T NetSetHandler
8010af94 T NetSetTimeout
8010afc4 T NetStartAgain
8010b0d0 T NetSendPacket
8010b0d4 T NetCksum
8010b10c T NetCksumOk
8010b130 T NetEthHdrSize
8010b170 T NetSetEther
8010b218 T NetReceive
8010b7d8 T ArpRequest
8010b8cc T ArpTimeoutCheck
8010b940 T PingSend
8010ba88 T NetSetIP
8010bb80 T NetSendUDPPacket
8010bcb8 T copy_filename
8010bcfc T random_port
8010bd18 T ip_to_string
8010bd68 T VLAN_to_string
8010bdb8 T string_to_VLAN
8010be10 T getenv_VLAN
8010be20 T NetLoop
8010c238 t __fswab32
8010c254 t basename
8010c294 t rpc_add_credentials
8010c350 t rpc_lookup_reply
8010c3f0 t nfs_mount_reply
8010c484 t nfs_umountall_reply
8010c508 t nfs_lookup_reply
8010c594 t rpc_req
8010c68c t rpc_lookup_req
8010c6ec t nfs_mount_req
8010c780 t nfs_umountall_req
8010c7d8 t nfs_lookup_req
8010c880 t nfs_read_req
8010c900 t nfs_readlink_req
8010c958 t nfs_readlink_reply
8010ca48 t NfsSend
8010cad0 t nfs_read_reply.isra.1
8010cc08 t NfsHandler
8010cde4 t NfsTimeout
8010ce3c T NfsStart
8010d070 t RarpHandler
8010d0cc T RarpRequest
8010d1c4 t RarpTimeout
8010d20c t TftpSend
8010d3a8 t TftpTimeout
8010d40c t TftpHandler
8010d6fc T TftpStart
8010d9e4 t __fswab32
8010da00 t NetCopyIP
8010da08 t NetReadLong
8010da24 t DhcpOptionsProcess
8010dc48 t DhcpExtended
8010dd54 t NetWriteIP.constprop.3
8010dd70 t DhcpHandler
8010e0e0 T BootpRequest
8010e298 t BootpTimeout
8010e2e0 T DhcpRequest
8010e2e4 t __fswab32
8010e300 T __board_mmc_getcd
8010e300 W board_mmc_getcd
8010e308 T mmc_send_cmd
8010e318 T mmc_set_blocklen
8010e350 T find_mmc_device
8010e394 t mmc_bwrite
8010e504 T mmc_read_blocks
8010e5d8 t mmc_bread
8010e658 T mmc_go_idle
8010e6ac T sd_send_op_cond
8010e7b8 T mmc_send_op_cond
8010e864 T mmc_send_ext_csd
8010e8b8 T mmc_switch
8010e8fc T mmc_change_freq
8010e9d4 T sd_switch
8010ea44 T sd_change_freq
8010ec18 T mmc_set_ios
8010ec28 T mmc_set_clock
8010ec54 T mmc_set_bus_width
8010ec68 T mmc_startup
8010f204 T mmc_send_if_cond
8010f284 T mmc_register
8010f2f0 T mmc_get_dev
8010f304 T mmc_init
8010f394 W cpu_mmc_init
8010f394 t __def_mmc_init
8010f39c T print_mmc_devices
8010f400 T mmc_initialize
8010f44c T nand_init
8010f500 t nand_release_device
8010f518 t nand_read_byte
8010f528 t nand_read_byte16
8010f53c t nand_read_word
8010f54c t nand_write_buf
8010f578 t nand_read_buf
8010f5a0 t nand_verify_buf
8010f5e0 t nand_write_buf16
8010f610 t nand_read_buf16
8010f63c t nand_verify_buf16
8010f680 t nand_block_bad
8010f770 t nand_check_wp
8010f7ac t nand_read_page_raw
8010f7e4 t nand_read_page_raw_syndrome
8010f8b8 t nand_read_page_swecc
8010f9cc t nand_read_subpage
8010fc44 t nand_read_page_hwecc
8010fd7c t nand_read_page_hwecc_oob_first
8010feb0 t nand_read_page_syndrome
8010ffd8 t nand_read_oob_std
80110020 t nand_read_oob_syndrome
80110128 t nand_write_oob_std
80110198 t nand_write_oob_syndrome
8011034c t nand_write_page_raw
80110380 t nand_write_page_raw_syndrome
80110450 t nand_write_page_swecc
80110500 t nand_write_page_hwecc
801105c0 t nand_write_page_syndrome
801106b4 t single_erase_cmd
801106f0 t multi_erase_cmd
80110778 t nand_sync
80110788 t nand_suspend
8011079c t nand_resume
801107bc t nand_block_checkbad
8011083c t nand_block_isbad
8011086c t nand_block_markbad
801108a8 t nand_write_page
80110984 t nand_fill_oob
80110a94 t nand_do_write_oob
80110c4c t nand_do_write_ops
80110f78 t nand_write_oob
80111020 t nand_write
801110a4 t nand_default_block_markbad
801111b0 t nand_wait
8011127c t generic_ffs.part.0
801112c0 t nand_select_chip
8011131c t nand_transfer_oob
8011142c T nand_wait_ready
80111470 t nand_do_read_ops
8011187c t nand_read_oob
80111b38 t nand_read
80111bbc t nand_command
80111d8c t nand_command_lp
80111fec T nand_erase_nand
80112410 t nand_erase
80112418 T nand_scan_ident
80112b4c T nand_scan_tail
80113130 T nand_scan
80113150 T nand_release
80113178 t scan_read_raw_oob
80113244 t scan_read_raw
801132a4 t scan_block_fast
801133b8 t read_bbt
8011363c t read_abs_bbt
8011370c t write_bbt
80113dec t verify_bbt_descr
80113fd8 t check_pattern
8011411c t create_bbt
801146cc t search_bbt
801148e4 T nand_update_bbt
80114a24 t mark_bbt_region
80114bb0 T nand_scan_bbt
801150a0 T nand_default_bbt
801151a0 T nand_isbad_bbt
801151f4 T nand_calculate_ecc
801152e4 T nand_correct_data
80115408 T do_bdinfo
801154f0 W do_go_exec
80115508 T do_go
8011557c t __fswab32
80115598 t image_check_magic
801155bc t image_info
80115684 T do_bootd
801156a8 T do_iminfo
80115708 t image_get_size
80115710 t do_bootm_rtems
8011574c t do_bootm_netbsd
8011588c t bootm_load_os.isra.10
801159d0 t bootm_start.isra.9
80115d18 T __arch_preboot_os
80115d1c T do_bootm_subcommand
80115ecc T do_bootm
80116150 T do_coninfo
80116208 T do_echo
80116288 T do_exit
801162b8 t setenv_common
8011639c t saveenv_after_download
80116488 t write_to_nand
80116514 t get_ezb_strv
80116558 t do_set
8011681c t download_by_usb.isra.1
80116870 t do_ezb_cmd.part.2
80116ac4 t do_ezb_cmd
80116b28 T do_fat_fsinfo
80116c00 T do_fat_ls
80116d08 T do_fat_fsload
80116e88 T do_flinfo
80116e90 T do_flerase
80116e98 T do_protect
80116ef8 T do_help
80116f3c t evalexp
80116fac T binary_test
80117198 T do_itest
80117234 t bin_data_init
80117250 t load_serial_ymodem
80117348 t getcxmodem
80117368 t load_serial
8011755c T do_load_serial
80117638 t bin_data_char
80117658 T send_pad
80117684 T ktrans
801176a4 T chk1
801176cc T s1_sendpacket
801176f0 T send_ack
8011774c T send_nack
801177a8 T k_data_init
801177c8 T k_data_save
801177ec T k_data_restore
80117810 T k_data_char
80117860 T handle_send_packet
80117a20 T do_load_serial_bin
80117e78 T do_mem_base
80117eb8 T do_mem_mtest
8011805c T do_mem_loop
80118150 T do_mem_md
80118224 T do_mem_crc
801182d4 T do_mem_cp
801183b4 T do_mem_cmp
8011853c T do_mem_mw
801185fc t mod_mem.part.4
80118738 T do_mem_nm
80118760 T do_mem_mm
80118788 T do_sleep
8011880c T do_mmcinfo
80118954 T do_mmcops
80118c2c t nand_print_info
80118c88 T do_nandboot
80119000 t arg_off_size
8011914c T do_nand
8011996c t netboot_common
80119c5c T do_nfs
80119c68 T do_dhcp
80119c74 T do_rarpb
80119c80 T do_tftpb
80119c8c T do_bootp
80119c98 T do_ping
80119d20 T do_saveenv
80119d4c T get_env_id
80119d5c T envmatch
80119dc0 T getenv_r
80119e68 T getenv
80119edc T _do_setenv
8011a324 T do_setenv
8011a350 T setenv
8011a39c T do_editenv
8011a404 t printenv
8011a4f0 T do_printenv
8011a580 T source
8011a6c8 T do_source
8011a710 T do_false
8011a718 T do_true
8011a720 T do_test
8011ab8c T do_usbboot
8011af2c T usb_get_class_desc
8011afd8 T usb_display_class_sub
8011b14c T usb_display_string
8011b188 T usb_display_desc
8011b2b4 T usb_display_conf_desc
8011b360 T usb_display_if_desc
8011b3e8 T usb_display_ep_desc
8011b4a4 T usb_display_config
8011b528 T usb_show_tree_graph
8011b74c T usb_show_tree
8011b77c T do_usb
8011bcbc T do_version
8011bcdc T do_imgextract
8011bfa8 t do_zmac_cmd
8011c0b8 T find_cmd_tbl
8011c14c T find_cmd
8011c174 T cmd_usage
8011c1d4 T _do_help
8011c358 T cmd_get_data_size
8011c3a8 t console_setfile
8011c44c T serial_printf
8011c490 T fgetc
8011c4bc T ftstc
8011c4e8 T fputc
8011c510 T fputs
8011c538 T fprintf
8011c580 T getc
8011c598 T tstc
8011c5b0 T putc
8011c5cc T puts
8011c5e8 T printf
8011c62c T vprintf
8011c660 T ctrlc
8011c6ac T disable_ctrlc
8011c6c4 T had_ctrlc
8011c6d4 T clear_ctrlc
8011c6e8 T dbg
8011c6f4 T search_device
8011c71c T console_assign
8011c75c T console_init_f
8011c76c T stdio_print_current_devices
8011c820 T console_init_r
8011c908 T sbrk
8011c940 T mem_malloc_init
8011c964 T malloc_trim
8011ca34 T free
8011cc58 T cfree
8011cc5c T malloc
8011d228 T calloc
8011d2fc T memalign
8011d40c T pvalloc
8011d424 T valloc
8011d430 T realloc
8011d838 T malloc_usable_size
8011d874 T mallopt
8011d8e8 T env_crc_update
8011d914 T env_get_char_memory
8011d938 T env_get_char
8011d968 T env_get_addr
8011d98c T set_default_env
8011d9d0 T env_relocate
8011da24 T env_get_char_spec
8011da30 T env_init
8011da4c T writeenv
8011db04 T saveenv
8011dbb4 T readenv
8011dc6c T env_relocate_spec
8011dcc4 t dummy
8011dcc8 T get_version
8011dcd0 T jumptable_init
8011de58 t b_reset
8011de74 t static_get
8011de90 t static_peek
8011de9c t file_peek
8011dea8 t syntax_err
8011deb4 T do_showvar
8011dfa4 t xmalloc
8011dfc4 t free_pipe_list
8011e0a4 t xrealloc
8011e0c4 t done_command
8011e14c t b_addchr
8011e1c4 t b_addqchr
8011e210 t insert_var_value
8011e3b0 t is_assignment.part.0
8011e3e0 t file_get
8011e5a8 T simple_itoa
8011e604 T set_local_var
8011e7c0 T unset_local_var
8011e860 T new_pipe
8011e888 t done_pipe
8011e8d4 T reserved_word
8011ea2c t done_word
8011eb98 T mapset
8011ebbc T update_ifs_map
8011ec2c T parse_string_outer
8011ed1c t run_list_real
8011f508 t parse_stream_outer
8011fae8 T parse_file_outer
8011fb2c T u_boot_hush_start
8011fb80 t __fswab32
8011fb9c t image_check_magic
8011fbc0 t image_get_data_size
8011fbc8 T image_check_hcrc
8011fc18 T image_check_dcrc
8011fc54 T image_multi_count
8011fc78 T image_multi_getimg
8011fcfc T getenv_yesno
8011fd24 T getenv_bootm_low
8011fd58 T getenv_bootm_size
8011fd8c T memmove_wd
8011fd98 T genimg_print_size
8011fdc8 T get_table_entry_name
8011fdf4 T genimg_get_os_name
8011fe0c T genimg_get_arch_name
8011fe24 T genimg_get_type_name
8011fe3c T genimg_get_comp_name
8011fe54 T image_print_contents
8011ffcc T get_table_entry_id
80120018 T genimg_get_os_id
80120030 T genimg_get_arch_id
80120048 T genimg_get_type_id
80120060 T genimg_get_comp_id
80120078 T genimg_get_format
8012008c T genimg_get_image
80120090 T genimg_has_config
80120098 T boot_get_ramdisk
801202c8 t delete_char.part.0
8012039c t cread_add_char
80120488 T __show_boot_progress
80120488 W show_boot_progress
8012048c T main_loop
801205a8 T readline_into_buffer
80120e30 T readline
80120e4c T parse_line
80120ed8 T run_command
801212a8 T do_run
8012131c t hex1_bin
80121354 t hex2_bin
80121388 T srec_decode
801215f0 T stdio_get_list
801215fc T stdio_get_by_name
80121650 T stdio_clone
80121698 T stdio_register
801216dc T stdio_init
80121764 t usb_set_maxpacket_ep
801217d4 T wait_ms
801217f8 T usb_stop
80121824 T usb_disable_asynch
8012183c T usb_submit_int_msg
80121840 T usb_control_msg
80121908 T usb_bulk_msg
80121970 T usb_maxpacket
8012198c T usb_set_maxpacket
801219f4 T usb_parse_config
80121b40 T usb_clear_halt
80121bec T usb_get_descriptor
80121c54 T usb_get_configuration_no
80121cf0 T usb_set_address
80121d30 T usb_set_interface
80121df4 T usb_set_configuration
80121e5c T usb_set_protocol
80121eb8 T usb_set_idle
80121f1c T usb_get_report
80121f90 T usb_get_class_descriptor
80122004 T usb_get_string
80122074 t usb_string_sub
8012217c T usb_string
80122278 T usb_get_dev_index
801222a8 T usb_alloc_new_device
80122330 T usb_get_hub_descriptor
8012238c T usb_clear_hub_feature
801223e0 T usb_clear_port_feature
8012243c T usb_set_port_feature
80122498 t usb_hub_power_on
801224dc T usb_get_hub_status
8012252c T usb_get_port_status
80122584 t hub_port_reset
80122620 T usb_hub_clear_tt_buffer
80122668 T usb_hub_reset
8012267c T usb_hub_allocate
801226c4 T usb_hub_probe
8012271c T usb_new_device
801229c4 T usb_hub_port_connect_change
80122aac T usb_hub_configure
80122cb0 T usb_scan_devices
80122d3c T usb_init
80122db8 t usb_stor_irq
80122dd4 t usb_request_sense
80122e30 t usb_stor_BBB_reset
80122f18 t usb_stor_CB_reset
80123000 t usb_test_unit_ready.constprop.2
80123074 T usb_stor_get_dev
80123098 T usb_show_progress
801230a4 T usb_stor_write
801232cc T usb_stor_read
801234f4 T usb_stor_info
80123560 T usb_stor_BBB_comdat
80123638 T usb_stor_CB_comdat
80123880 T usb_stor_CBI_get_status
80123950 T usb_stor_CB_transport
80123b44 T usb_stor_BBB_clear_endpt_stall
80123b90 T usb_stor_BBB_transport
80123d4c T usb_storage_probe
80123f6c T usb_stor_get_info
801241d4 T usb_stor_scan
80124344 T CYGACC_COMM_IF_GETC_TIMEOUT
80124390 t xyzModem_flush
801243b8 t xyzModem_get_hdr
8012462c T CYGACC_COMM_IF_PUTC
80124634 T parse_num
80124750 T xyzModem_stream_open
8012489c T xyzModem_stream_read
80124aec T xyzModem_stream_close
80124b3c T xyzModem_stream_terminate
80124bd0 T xyzModem_error
80124bf0 t init_gpio_pad
80124d64 T board_eth_init
80124d7c T board_init
80124f00 T board_late_init
801254a8 T PutPixel888To565
801254d8 T PutPixel555To565
80125504 T PutPixel888To888
80125530 T PutPixel565To888
80125580 T PutPixel888To8888
801255b0 T PutPixel565To8888
80125604 t NX_Logo
801258fc T PutPixel565To565
80125910 T nx_boot_logo
80125ca8 T cyg_crc16
80125cf0 T crc32_no_comp
80125dd0 T crc32
80125de4 T crc32_wd
80125de8 T display_options
80125e08 T print_size
80125f4c T print_buffer
801260a4 T __div64_32
80126190 T div64_u64
80126258 T zfree
80126260 T zalloc
80126270 T zunzip
80126360 T gunzip
8012640c T string_to_ip
8012647c T strcpy
80126494 T strncpy
801264b8 T strcat
801264e4 T strncat
80126538 T strcmp
80126560 T strncmp
801265a4 T strchr
801265d8 T strlen
801265f8 T strrchr
80126634 T strnlen
80126660 T strdup
80126694 T strspn
801266d4 T strpbrk
80126710 T strtok
80126788 T strsep
801267bc T strswab
80126808 T memset
80126878 T bcopy
801268a0 T memcpy
80126904 T memmove
80126968 T memcmp
8012699c T memscan
801269c8 T strstr
80126a28 T memchr
80126a58 T udelay
80126a88 t put_dec_trunc
80126b70 t string
80126c0c t put_dec
80126d68 t number
80126fd8 T simple_strtoul
80127084 T simple_strtol
801270ac T ustrtoul
80127120 T simple_strtoull
80127220 T vsprintf
8012787c T sprintf
801278a0 T panic
801278ec T zcfree
801278f4 T zcalloc
801278fc T inflate_fast
80127ea8 T inflate_table
8012847c T inflateReset
8012851c T inflateInit2_
80128624 T inflateInit_
80128638 T inflateEnd
801286c4 T adler32
801289bc T inflate
8012a06c T set_timer
8012a07c T reset_timer_masked
8012a0a0 T reset_timer
8012a0a4 T timer_init
8012a16c T get_timer_masked
8012a1a8 T get_timer
8012a1c8 T __udelay
8012a24c T udelay_masked
8012a2a4 T get_ticks
8012a2b4 T get_tbclk
8012a2c0 t nand_dev_select
8012a324 t nand_dev_ready
8012a350 t nand_dev_ctrl
8012a3b0 T board_nand_init
8012a43c T nand_dev_check
8012a440 t nand_sw_ecc_verify_buf
8012a480 T nand_hw_ecc_check
8012a698 T NX_NAND_CreateLookupTable
8012a778 T nand_hw_ecc_init
8012a7dc T NX_NAND_SetResetECC
8012a80c T NX_NAND_WaitForDecoding
8012a824 T NX_NAND_WaitForEncoding
8012a83c T NX_NAND_GetErrorStatus
8012a858 T NX_NAND_GetGenECC
8012a8e8 t nand_hw_ecc_write_page
8012a9b8 T NX_NAND_SetOriECC
8012aa4c T NX_NAND_GetOddSyndrome
8012aa84 T NX_NAND_GetErrorLocation
8012b01c t nand_hw_ecc_read_page
8012b2e0 t nand_hw_write_page
8012b3ec T do_bootm_linux
8012b538 T flush_cache
8012b53c T do_reset
8012b56c t downcase
8012b590 t disk_read
8012b5e4 t dirdelim
8012b618 t get_fatent
8012b768 t get_cluster
8012b804 t get_name
8012b8c8 t read_bootsectandvi
8012b9b8 t slot2str
8012ba84 t get_vfatname
8012bc48 T fat_register_device
8012bd58 T do_fat_read
8012c64c T file_fat_detectfs
8012c7a4 T file_fat_ls
8012c7b4 T file_fat_read
8012c7ec T get_dev
8012c844 T dev_print
8012ca5c T init_part
8012ca78 T get_partition_info
8012caa0 T print_part
8012cb88 t le32_to_int
8012cbac t is_extended
8012cbd0 t get_partition_info_extended
8012cdfc t print_partition_extended
8012cfd4 T test_part_dos
8012d028 T print_part_dos
8012d054 T get_partition_info_dos
8012d070 t nand_block_bad_scrub
8012d078 T nand_erase_opts
8012d3c0 T nand_write_skip_bad
8012d6b4 T nand_read_skip_bad
8012d9bc t dm9000_outblk_8bit
8012d9e0 t dm9000_outblk_16bit
8012da10 t dm9000_outblk_32bit
8012da44 t dm9000_inblk_8bit
8012da68 t dm9000_inblk_16bit
8012da98 t dm9000_inblk_32bit
8012dacc t dm9000_rx_status_32bit
8012daec t dm9000_rx_status_16bit
8012db0c t dm9000_rx_status_8bit
8012db3c t dm9000_reset
8012dbd8 t dm9000_rx
8012dd2c t dm9000_halt
8012ddb0 t phy_read
8012de0c t dm9000_init
8012e12c t dm9000_send
8012e208 T dm9000_read_srom_word
8012e26c T dm9000_write_srom_word
8012e2cc T dm9000_initialize
8012e350 t handshake
8012e3a0 t ehci_alloc.isra.3
8012e40c t ehci_submit_async
8012e844 T ehci_submit_root
8012ed18 T usb_lowlevel_stop
8012ed1c T usb_lowlevel_init
8012eecc T submit_bulk_msg
8012eef0 T submit_control_msg
8012ef54 T submit_int_msg
8012ef5c T ehci_hcd_init
8012f0a8 T ehci_hcd_stop
8012f0b0 T cleanup_before_linux
8012f0d4 t cp_delay
8012f104 T icache_enable
8012f11c T icache_disable
8012f134 T icache_status
8012f148 T dcache_enable
8012f160 T dcache_disable
8012f178 T dcache_status
8012f18c T raise
8012f1a8 T __aeabi_unwind_cpp_pr0
8012f1ac T __aeabi_uidiv
8012f1ac T __udivsi3
8012f1ac t .udivsi3_skip_div0_test
8012f254 T __aeabi_uidivmod
8012f274 T __aeabi_idiv
8012f274 T __divsi3
8012f27c t .divsi3_skip_div0_test
8012f350 T __aeabi_idivmod
8012f370 T __aeabi_llsr
8012f370 T __lshrdi3
8012f38c T __aeabi_lasr
8012f38c T __ashrdi3
8012f3a8 T __aeabi_llsl
8012f3a8 T __ashldi3
8012f3c4 W __aeabi_idiv0
8012f3c4 W __aeabi_ldiv0
8012f3d4 t nand_dump
8012f5f8 r NX_TIMER_IntNumber.1193
8012f60c r UartPhysicalAddr.1444
8012f624 r CSWTCH.7
8012f62d r CSWTCH.9
8012f630 r CSWTCH.11
8012f639 r CSWTCH.13
8012f6c0 r boot_os
8012f70c r baudrate_table
8012f720 r CSWTCH.13
8012f8d8 r __func__.8834
8012f8e3 r __func__.8841
8012f8f0 r crc_table
8012fcf0 r lext.8857
8012fd2e r lbase.8856
8012fd6c r dext.8859
8012fdac r dbase.8858
8012fdec r lenfix
801305ec r distfix
8013066c r order.8952
80130694 R z_errmsg
801306bc r block_drvr
801306d4 r gs_DeviceDescriptorHS
801306e6 r gs_ConfigDescriptorHS
80130706 r gs_DeviceDescriptorFS
80130718 r gs_ConfigDescriptorFS
80130738 r crc16_tab
80130938 r __func__.8474
80130944 r __func__.8780
8013094e r CSWTCH.39
8013096b r __func__.8821
80130974 r __func__.8925
80130983 r CSWTCH.68
80130988 r CSWTCH.70
8013098c r CSWTCH.72
80130991 r CSWTCH.74
80130995 r CSWTCH.34
80130997 r CSWTCH.36
80130999 R version_string
801309cf r default_nand_name
801309d4 r __FUNCTION__.9704
801309e2 r __FUNCTION__.9140
801309f3 r __FUNCTION__.9467
80130a05 r __func__.9789
80130a15 r __func__.9837
80130a29 r __FUNCTION__.9882
80130a38 r __FUNCTION__.9357
80130a49 r __FUNCTION__.9203
80130a54 r nand_ecc_precalc_table
80130b54 r CSWTCH.15
80130b6a r CSWTCH.29
80130b6c r names.8542
80130b72 r digits.8555
80130b82 R hex_asc
80130b93 r __FUNCTION__.9156
80130ba3 r __FUNCTION__.9358
80130bb5 r __FUNCTION__.9375
80130bc7 r __FUNCTION__.9230
80138660 D __g_NX_GPIO_VALID_INT_MASK
8013866c D __g_NX_GPIO_VALID_BIT
80138678 D __g_NX_GPIO_VALID_NUM_OF_INT
80138684 D init_sequence
801386b4 D NetOurVLAN
801386b6 D NetOurNativeVLAN
801386b8 D NetBcastAddr
801386c0 d nfs_offset
801386c4 d TftpTimeoutMSecs
801386c8 d TftpBlkSizeOption
801386cc d TftpTimeoutCountMax
801386d0 d TftpBlkSize
801386d4 D TftpRRQTimeoutCountMax
801386d8 D TftpRRQTimeoutMSecs
801386dc D multipliers
8013871c D fbase
8013872c d cur_dev_num
80138730 D nand_curr_device
80138734 d nand_oob_8
8013977c d nand_oob_16
8013a7c4 d nand_oob_64
8013b80c d nand_oob_128
8013c854 d bbt_main_descr
8013c878 d bbt_mirror_descr
8013c89c d agand_flashbased
8013c8c0 d bbt_main_no_bbt_descr
8013c8e4 d bbt_mirror_no_bbt_descr
8013c908 d scan_ff_pattern
8013c90a d bbt_pattern
8013c90e d mirror_pattern
8013c912 d scan_agand_pattern
8013c918 D nand_manuf_ids
8013c968 D nand_flash_ids
8013d028 D load_addr
8013d02c d cmd_bootm_sub
8013d0bc d ezb_key
8013d2dc d ezb_def_str
8013d87c d fmt_menu
8013db4c D op_table
8013dbb4 d do_echo
8013dbb8 D dp_last_length
8013dbbc d env_id
8013dbc0 D usb_stor_curr_dev
8013dbc4 d av_
8013dfcc d sbrk_base
8013dfd0 d trim_threshold
8013dfd4 d mmap_threshold
8013dfd8 D default_environment
8013e0b0 D env_name_spec
8013e0b4 d reserved_list
8013e138 d uimage_os
8013e180 d uimage_arch
8013e264 d uimage_type
8013e2f4 d uimage_comp
8013e33c d erase_seq
8013e340 d tab_seq
8013e34c d hist_cur
8013e350 D stdio_names
8013e35c D us_direction
8013e37c D PUTPIXELTABLE
8013e394 D _ctype
8013e494 d cur_part
8013e498 d descriptor
8013e4d0 A __u_boot_cmd_start
8013e4d0 D __u_boot_cmd_info
8013e4e8 D __u_boot_cmd_zimage
8013e500 D __u_boot_cmd_udown
8013e518 D __u_boot_cmd_bdinfo
8013e530 D __u_boot_cmd_reset
8013e548 D __u_boot_cmd_go
8013e560 D __u_boot_cmd_iminfo
8013e578 D __u_boot_cmd_bootd
8013e590 D __u_boot_cmd_boot
8013e5a8 D __u_boot_cmd_bootm
8013e5c0 D __u_boot_cmd_coninfo
8013e5d8 D __u_boot_cmd_echo
8013e5f0 D __u_boot_cmd_exit
8013e608 D __u_boot_cmd_gk
8013e620 D __u_boot_cmd_rst
8013e638 D __u_boot_cmd_ufb
8013e650 D __u_boot_cmd_ufd
8013e668 D __u_boot_cmd_ufr
8013e680 D __u_boot_cmd_ufka
8013e698 D __u_boot_cmd_ufk
8013e6b0 D __u_boot_cmd_set
8013e6c8 D __u_boot_cmd_fatinfo
8013e6e0 D __u_boot_cmd_fatls
8013e6f8 D __u_boot_cmd_fatload
8013e710 D __u_boot_cmd_protect
8013e728 D __u_boot_cmd_erase
8013e740 D __u_boot_cmd_flinfo
8013e758 D __u_boot_cmd_question_mark
8013e770 D __u_boot_cmd_help
8013e788 D __u_boot_cmd_itest
8013e7a0 D __u_boot_cmd_loady
8013e7b8 D __u_boot_cmd_loadb
8013e7d0 D __u_boot_cmd_loads
8013e7e8 D __u_boot_cmd_mtest
8013e800 D __u_boot_cmd_loop
8013e818 D __u_boot_cmd_base
8013e830 D __u_boot_cmd_crc32
8013e848 D __u_boot_cmd_cmp
8013e860 D __u_boot_cmd_cp
8013e878 D __u_boot_cmd_mw
8013e890 D __u_boot_cmd_nm
8013e8a8 D __u_boot_cmd_mm
8013e8c0 D __u_boot_cmd_md
8013e8d8 D __u_boot_cmd_sleep
8013e8f0 D __u_boot_cmd_mmc
8013e908 D __u_boot_cmd_mmcinfo
8013e920 D __u_boot_cmd_nboot
8013e938 D __u_boot_cmd_nand
8013e950 D __u_boot_cmd_ping
8013e968 D __u_boot_cmd_nfs
8013e980 D __u_boot_cmd_dhcp
8013e998 D __u_boot_cmd_rarpboot
8013e9b0 D __u_boot_cmd_tftpboot
8013e9c8 D __u_boot_cmd_bootp
8013e9e0 D __u_boot_cmd_run
8013e9f8 D __u_boot_cmd_setenv
8013ea10 D __u_boot_cmd_printenv
8013ea28 D __u_boot_cmd_editenv
8013ea40 D __u_boot_cmd_saveenv
8013ea58 D __u_boot_cmd_source
8013ea70 D __u_boot_cmd_true
8013ea88 D __u_boot_cmd_false
8013eaa0 D __u_boot_cmd_test
8013eab8 D __u_boot_cmd_usbboot
8013ead0 D __u_boot_cmd_usb
8013eae8 D __u_boot_cmd_version
8013eb00 D __u_boot_cmd_imxtract
8013eb18 D __u_boot_cmd_zmac
8013eb30 D __u_boot_cmd_showvar
8013eb48 A __bss_start
8013eb48 A __u_boot_cmd_end
8013eb60 b pre_fclk
8013eb64 b pre_mclk
8013eb68 b g_inituart
8013eb6c b _sdhc
8013eb7c b mmc
8013eb80 b params
8013eb84 b pUSBBootStatus
8013eb88 B nxp_usbdn_size
8013eb8c b bInit.1202
8013eb90 b __g_pRegister
8013eb94 b bInit.1222
8013eb98 b __g_pRegister
8013eb9c b bInit.1349
8013eba0 b __g_ModuleVariables
8013eba4 b bInit.1231
8013eba8 b __g_ModuleVariables
8013ebb4 b bInit.1149
8013ebb8 b __g_pRegister
8013ebbc b bInit.1339
8013ebc0 b __g_pRegister
8013ebc4 b bInit.1296
8013ebc8 b __g_pRegister
8013ebcc b bInit.1385
8013ebd0 b __g_ModuleVariables
8013ebd4 b bInit.1107
8013ebd8 b __g_pRegister
8013ebdc b bInit.1339
8013ebe0 b __g_ModuleVariables
8013ebe4 b bInit.1157
8013ebe8 b __g_ModuleVariables
8013ebfc b bInit.1433
8013ec00 b __g_ModuleVariables
8013ec08 B monitor_flash_len
8013ec0c b eth_current
8013ec10 b eth_devices
8013ec14 b first_failed.8609
8013ec18 b act.8615
8013ec1c b env_changed_id.8616
8013ec20 B NetState
8013ec24 B NetPingIP
8013ec28 b packetHandler
8013ec2c b timeHandler
8013ec30 b timeStart
8013ec34 b timeDelta
8013ec38 b NetTryCount
8013ec3c b NetRestarted
8013ec40 B NetRestartWrap
8013ec44 b NetDevExists
8013ec48 B NetOurEther
8013ec50 B NetRxPacket
8013ec54 B NetRxPacketLen
8013ec58 B NetOurIP
8013ec5c B NetArpWaitPacketIP
8013ec60 B NetArpWaitPacketMAC
8013ec64 B NetArpWaitReplyIP
8013ec68 B NetArpWaitTxPacket
8013ec6c B NetArpWaitTxPacketSize
8013ec70 B NetServerIP
8013ec74 B NetServerEther
8013ec7c B NetTxPacket
8013ec80 B NetOurSubnetMask
8013ec84 B NetOurGatewayIP
8013ec88 B NetArpWaitTimerStart
8013ec8c B NetArpWaitTry
8013ec90 b mac.8645
8013ec96 B NetEtherNullAddr
8013ec9c B NetIPID
8013eca0 b PingSeqNo
8013eca2 B PktBuf
80140ac4 B NetRxPackets
80140ad4 B NetArpWaitPacketBuf
801410f4 b env_changed_id.8577
801410f8 B NetBootFileXferSize
801410fc B BootFile
8014117c B NetBootFileSize
8014117e B NetOurRootPath
801411be B NetOurHostName
801411de B NetOurNISDomain
80141200 B NetOurDNSIP
80141204 b rpc_id
80141208 b NfsSrvMountPort
8014120c b NfsSrvNfsPort
80141210 b fs_mounted
80141214 b dirfh
80141234 b filefh
80141254 b NfsServerIP
80141258 b NfsOurPort
8014125c b nfs_path
80141260 b NfsState
80141264 b nfs_filename
80141268 b nfs_len
8014126c b NfsDownloadState
80141270 b NfsTimeoutCount
80141274 b nfs_path_buff
80141a74 b default_filename
80141ab4 B RarpTry
80141ab8 b TftpState
80141abc b tftp_filename
80141b3c b TftpBlock
80141b40 b TftpServerIP
80141b44 b TftpServerPort
80141b48 b TftpOurPort
80141b4c b TftpTimeoutCount
80141b50 b TftpBlockWrap
80141b54 b TftpBlockWrapOffset
80141b58 b TftpLastBlock
80141b5c b default_filename
80141b6c B dhcp_leasetime
80141b70 B NetDHCPServerIP
80141b74 B BootpID
80141b78 B dhcp_state
80141b7c B BootpTry
80141b80 b mmc_devices
80141b88 b nand_chip
80141ca0 B nand_info
80141d50 b images
80141ddc b os_data_state
80141de0 b os_data_addr
80141de4 b bin_start_address
80141de8 B his_pad_count
80141dec B his_pad_char
80141ded b a_b
80141e05 B his_eol
80141e08 b k_data_escape
80141e0c B os_data_init
80141e10 b k_data_escape_saved
80141e14 b os_data_state_saved
80141e18 b os_data_addr_saved
80141e1c B os_data_char
80141e20 B his_quote
80141e24 B send_ptr
80141e28 B send_parms
80141e3c b base_address
80141e40 B dp_last_addr
80141e44 B dp_last_size
80141e48 B mm_last_addr
80141e4c B mm_last_size
80141e50 b ctrlc_disabled
80141e54 b ctrlc_was_pressed
80141e58 B mem_malloc_brk
80141e5c B mem_malloc_start
80141e60 B mem_malloc_end
80141e64 b current_mallinfo
80141e8c b top_pad
80141e90 b max_sbrked_mem
80141e94 b max_total_mem
80141e98 b n_mmaps_max
80141e9c B env_ptr
80141ea0 b top_vars
80141ea4 b buf.8934
80141ecc B last_return_code
80141ed0 b flag_repeat
80141ed4 b do_repeat
80141ed8 b the_command.8730
801422d8 b local.8714
801422ee b map
801423f0 b ifs
801423f4 B nesting_level
801423f8 b initted.8638
801423fc b hist_max
80142400 b hist_add_idx
80142404 B hist_num
80142408 B hist_lines
8014741c B hist_list
8014746c B console_buffer
80147870 b devs
801478ac B stdio_devices
801478b8 B usb_started
801478bc b asynch_allowed
801478c0 b usb_hub_index
801478c4 b setup_packet
801478cc b usb_dev
801521cc b dev_index
801521d0 b hub_dev
801522d0 b running
801522d4 b usb_ccb
80152364 b usb_max_devs
80152368 b usb_dev_desc
80152584 b CBWTag
80152588 b usb_stor_buf
80152788 b usb_stor
8015288c b xyz
80152cc8 B ___strtok
80152ccc b timestamp
80152cd0 b lastdec
80152cd4 b g_inittimer
80152cd8 b BCH_AlphaToTable
80152cdc b alpha_to
80172cdc b BCH_IndexOfTable
80172ce0 b index_of
80192ce0 b nx_nand_oob
80193d28 B elp
80195168 b params
8019516c b cur_dev
80195170 b part_offset
80195174 B get_vfatname_block
801a5174 B do_fat_read_block
801b5174 B get_dentfromdir_block
801c5174 b dm9000_info
801c5260 b qh.9073
801c52a0 b ntds.9075
801c52c0 b td.9074
801c5320 b qh_list
801c5360 B hcor
801c5364 B rootdev
801c5368 b portreset
801c536c B hccr
801c5380 b usb_hc_init
801c5384 A _end
