Archive member included because of file (symbol)

arch/arm/cpu/arm1176/nxp2120/libnxp2120.a(cpu.o)
                              arch/arm/cpu/arm1176/start.o (lowlevel_init)
arch/arm/cpu/arm1176/nxp2120/libnxp2120.a(nxp2120.o)
                              arch/arm/cpu/arm1176/nxp2120/libnxp2120.a(cpu.o) (cpu_stat_info)
arch/arm/cpu/arm1176/nxp2120/libnxp2120.a(wakeup.o)
                              arch/arm/cpu/arm1176/nxp2120/libnxp2120.a(cpu.o) (cpu_mach_wakeup)
arch/arm/cpu/arm1176/nxp2120/libnxp2120.a(pm.o)
                              arch/arm/cpu/arm1176/nxp2120/libnxp2120.a(wakeup.o) (asm_cpu_wakeup)
arch/arm/cpu/arm1176/nxp2120/libnxp2120.a(serial.o)
                              arch/arm/cpu/arm1176/nxp2120/libnxp2120.a(wakeup.o) (serial_puts)
arch/arm/cpu/arm1176/nxp2120/libnxp2120.a(sdhc.o)
                              arch/arm/cpu/arm1176/nxp2120/libnxp2120.a(cpu.o) (sdhc_arch_init)
arch/arm/cpu/arm1176/nxp2120/libnxp2120.a(cmd.o)
                              (__u_boot_cmd_zimage)
arch/arm/cpu/arm1176/nxp2120/libnxp2120.a(cmd_udown.o)
                              (__u_boot_cmd_udown)
arch/arm/cpu/arm1176/nxp2120/libnxp2120.a(BootHeader.o)
                              arch/arm/cpu/arm1176/nxp2120/libnxp2120.a(cmd_udown.o) (ProcessBootHeader)
arch/arm/cpu/arm1176/nxp2120/libnxp2120.a(nx_alive.o)
                              arch/arm/cpu/arm1176/nxp2120/libnxp2120.a(nxp2120.o) (NX_ALIVE_Initialize)
arch/arm/cpu/arm1176/nxp2120/libnxp2120.a(nx_clkpwr.o)
                              arch/arm/cpu/arm1176/nxp2120/libnxp2120.a(nxp2120.o) (NX_CLKPWR_Initialize)
arch/arm/cpu/arm1176/nxp2120/libnxp2120.a(nx_dpc.o)
                              arch/arm/cpu/arm1176/nxp2120/libnxp2120.a(nxp2120.o) (NX_DPC_Initialize)
arch/arm/cpu/arm1176/nxp2120/libnxp2120.a(nx_gpio.o)
                              arch/arm/cpu/arm1176/nxp2120/libnxp2120.a(nxp2120.o) (NX_GPIO_Initialize)
arch/arm/cpu/arm1176/nxp2120/libnxp2120.a(nx_intc.o)
                              arch/arm/cpu/arm1176/nxp2120/libnxp2120.a(nxp2120.o) (NX_INTC_Initialize)
arch/arm/cpu/arm1176/nxp2120/libnxp2120.a(nx_mcud.o)
                              arch/arm/cpu/arm1176/nxp2120/libnxp2120.a(nxp2120.o) (NX_MCUD_Initialize)
arch/arm/cpu/arm1176/nxp2120/libnxp2120.a(nx_mcus.o)
                              arch/arm/cpu/arm1176/nxp2120/libnxp2120.a(nxp2120.o) (NX_MCUS_Initialize)
arch/arm/cpu/arm1176/nxp2120/libnxp2120.a(nx_mlc.o)
                              arch/arm/cpu/arm1176/nxp2120/libnxp2120.a(nxp2120.o) (NX_MLC_Initialize)
arch/arm/cpu/arm1176/nxp2120/libnxp2120.a(nx_pwm.o)
                              arch/arm/cpu/arm1176/nxp2120/libnxp2120.a(nxp2120.o) (NX_PWM_Initialize)
arch/arm/cpu/arm1176/nxp2120/libnxp2120.a(nx_sdhc.o)
                              arch/arm/cpu/arm1176/nxp2120/libnxp2120.a(sdhc.o) (NX_SDHC_Initialize)
arch/arm/cpu/arm1176/nxp2120/libnxp2120.a(nx_timer.o)
                              arch/arm/cpu/arm1176/nxp2120/libnxp2120.a(nxp2120.o) (NX_TIMER_Initialize)
arch/arm/cpu/arm1176/nxp2120/libnxp2120.a(nx_uart.o)
                              arch/arm/cpu/arm1176/nxp2120/libnxp2120.a(serial.o) (NX_UART_Initialize)
arch/arm/cpu/arm1176/nxp2120/libnxp2120.a(reset.o)
                              arch/arm/cpu/arm1176/nxp2120/libnxp2120.a(wakeup.o) (reset_cpu)
arch/arm/lib/libarm.a(board.o)
                              arch/arm/cpu/arm1176/start.o (start_armboot)
arch/arm/lib/libarm.a(interrupts.o)
                              arch/arm/lib/libarm.a(board.o) (enable_interrupts)
net/libnet.a(eth.o)           arch/arm/lib/libarm.a(board.o) (eth_initialize)
net/libnet.a(net.o)           arch/arm/lib/libarm.a(board.o) (copy_filename)
net/libnet.a(nfs.o)           net/libnet.a(net.o) (NfsStart)
net/libnet.a(rarp.o)          net/libnet.a(net.o) (RarpRequest)
net/libnet.a(tftp.o)          net/libnet.a(net.o) (TftpStart)
net/libnet.a(bootp.o)         net/libnet.a(net.o) (BootpRequest)
drivers/mmc/libmmc.a(mmc.o)   arch/arm/cpu/arm1176/nxp2120/libnxp2120.a(sdhc.o) (mmc_register)
drivers/mtd/nand/libnand.a(nand.o)
                              arch/arm/lib/libarm.a(board.o) (nand_init)
drivers/mtd/nand/libnand.a(nand_base.o)
                              drivers/mtd/nand/libnand.a(nand.o) (nand_scan)
drivers/mtd/nand/libnand.a(nand_bbt.o)
                              drivers/mtd/nand/libnand.a(nand_base.o) (nand_isbad_bbt)
drivers/mtd/nand/libnand.a(nand_ecc.o)
                              drivers/mtd/nand/libnand.a(nand_base.o) (nand_calculate_ecc)
drivers/mtd/nand/libnand.a(nand_ids.o)
                              drivers/mtd/nand/libnand.a(nand_base.o) (nand_flash_ids)
common/libcommon.a(cmd_bdinfo.o)
                              (__u_boot_cmd_bdinfo)
common/libcommon.a(cmd_boot.o)
                              (__u_boot_cmd_go)
common/libcommon.a(cmd_bootm.o)
                              arch/arm/lib/libarm.a(board.o) (load_addr)
common/libcommon.a(cmd_console.o)
                              (__u_boot_cmd_coninfo)
[...]
Memory Configuration

Name             Origin             Length             Attributes
*default*        0x00000000         0xffffffff

Linker script and memory map

                0x00000000                . = 0x0
                0x00000000                . = ALIGN (0x4)

.text           0x80100000    0x31ca4
 arch/arm/cpu/arm1176/start.o(.text)
 .text          0x80100000      0x3c0 arch/arm/cpu/arm1176/start.o
                0x80100048                _bss_start
                0x8010004c                _bss_end
                0x80100044                _armboot_start
                0x80100000                _start
 *(.text)
 .text          0x801003c0       0xe0 arch/arm/cpu/arm1176/nxp2120/libnxp2120.a(cpu.o)
                0x801003cc                dram_init
                0x80100464                arch_cpu_init
                0x801003f0                arch_misc_init
                0x801003f8                arch_preboot_os
                0x801003c0                lowlevel_init
                0x801003fc                print_cpuinfo
 .text          0x801004a0      0xa68 arch/arm/cpu/arm1176/nxp2120/libnxp2120.a(nxp2120.o)
                0x80100910                mem_cfg_info
                0x80100bb8                cpu_stat_info
                0x801004a0                cpu_get_clock_hz
                0x801005f8                cpu_cfg_info
                0x80100bdc                cpu_mach_init
 .text          0x80100f08      0x104 arch/arm/cpu/arm1176/nxp2120/libnxp2120.a(wakeup.o)
                0x80100f08                cpu_mach_wakeup
 .text          0x8010100c      0x184 arch/arm/cpu/arm1176/nxp2120/libnxp2120.a(pm.o)
                0x8010100c                goto_wakeup_asm
                0x801010b4                asm_cpu_wakeup
 .text          0x80101190      0x2a4 arch/arm/cpu/arm1176/nxp2120/libnxp2120.a(serial.o)
                0x80101190                serial_setbrg
                0x80101194                serial_tstc
                0x80101228                serial_putc
                0x8010127c                serial_init
                0x8010124c                serial_puts
                0x801011b0                serial_getc
 .text          0x80101434      0xca4 arch/arm/cpu/arm1176/nxp2120/libnxp2120.a(sdhc.o)
                0x8010143c                board_mmc_init
                0x80101edc                sdhc_arch_init
 .text          0x801020d8      0x2cc arch/arm/cpu/arm1176/nxp2120/libnxp2120.a(cmd.o)
                0x80102244                do_zimage
                0x801020d8                do_info
 .text          0x801023a4      0x620 arch/arm/cpu/arm1176/nxp2120/libnxp2120.a(cmd_udown.o)
                0x8010293c                do_usbdown
                0x801023a4                iUSBBOOT
 .text          0x801029c4      0x1ec arch/arm/cpu/arm1176/nxp2120/libnxp2120.a(BootHeader.o)
                0x801029c4                MemoryInitWithRstCfg
                0x80102b64                ProcessBootHeader
 .text          0x80102bb0      0x62c arch/arm/cpu/arm1176/nxp2120/libnxp2120.a(nx_alive.o)
                0x80102cf4                NX_ALIVE_ClearInterruptPending
                0x80102d6c                NX_ALIVE_GetInterruptPendingAll
                0x80102c38                NX_ALIVE_GetInterruptNumber
                0x80102c18                NX_ALIVE_OpenModule
                0x801030ec                NX_ALIVE_SetOutputEnable
                0x80103114                NX_ALIVE_GetOutputEnable
                0x80103158                NX_ALIVE_GetOutputValue
                0x80102cdc                NX_ALIVE_GetInterruptPending32
                0x80102c20                NX_ALIVE_CloseModule
                0x80102d28                NX_ALIVE_SetInterruptEnableAll
                0x80102ed0                NX_ALIVE_SetPadRetentionHold
                0x80102d50                NX_ALIVE_GetInterruptEnableAll
                0x80102bb0                NX_ALIVE_Initialize
                0x80102f4c                NX_ALIVE_GetDetectEnable
                0x80102be4                NX_ALIVE_GetPhysicalAddress
                0x80102bf0                NX_ALIVE_GetSizeOfRegisterSet
                0x80102c28                NX_ALIVE_CheckBusy
                0x80102bdc                NX_ALIVE_GetNumberOfModule
                0x80102eb0                NX_ALIVE_GetPadRetentionEnable
                0x80102e60                NX_ALIVE_GetPullUpEnable
                0x80102c08                NX_ALIVE_GetBaseAddress
                0x80102f68                NX_ALIVE_SetDetectMode
                0x801030d0                NX_ALIVE_GetVDDPWRTOGGLE
                0x80102c68                NX_ALIVE_GetInterruptEnable
                0x80102e08                NX_ALIVE_SetScratchReg
                0x80103174                NX_ALIVE_SetVDDPWRON
                0x80102d88                NX_ALIVE_ClearInterruptPendingAll
                0x801031a8                NX_ALIVE_GetVDDPWRON
                0x80102f24                NX_ALIVE_SetDetectEnable
                0x80102da0                NX_ALIVE_GetInterruptPendingNumber
                0x80102bf8                NX_ALIVE_SetBaseAddress
                0x80102c84                NX_ALIVE_SetInterruptEnable32
                0x80102e24                NX_ALIVE_GetScratchReg
                0x80102e7c                NX_ALIVE_SetPadRetentionEnable
                0x801031c0                NX_ALIVE_GetVDDPWRON_DDR
                0x80102f04                NX_ALIVE_GetPadRetentionHold
                0x80102e38                NX_ALIVE_SetPullUpEnable
                0x80102df0                NX_ALIVE_GetWriteEnable
                0x80102ca8                NX_ALIVE_GetInterruptEnable32
                0x80102c40                NX_ALIVE_SetInterruptEnable
                0x80103130                NX_ALIVE_SetOutputValue
                0x80102c30                NX_ALIVE_CanPowerDown
                0x80102d10                NX_ALIVE_ClearInterruptPending32
                0x80102cc0                NX_ALIVE_GetInterruptPending
                0x80103030                NX_ALIVE_GetDetectMode
                0x80102ddc                NX_ALIVE_SetWriteEnable
 .text          0x801031dc      0x83c arch/arm/cpu/arm1176/nxp2120/libnxp2120.a(nx_clkpwr.o)
                0x80103710                NX_CLKPWR_SetALIVEGPIOWakeUpFallEdgeDetectEnable
                0x80103750                NX_CLKPWR_SetSoftwareResetEnable
                0x801032f0                NX_CLKPWR_GetInterruptEnable
                0x80103374                NX_CLKPWR_GetInterruptPending
                0x80103404                NX_CLKPWR_ClearInterruptPending32
                0x80103654                NX_CLKPWR_SetRTCWakeUpEnable
                0x801037e4                NX_CLKPWR_GetResetStatus
                0x801036b4                NX_CLKPWR_GetALIVEGPIOWakeupEnable
                0x80103290                NX_CLKPWR_GetInterruptNumber
                0x80103970                NX_CLKPWR_SetBusPadStrength
                0x801036d0                NX_CLKPWR_SetALIVEGPIOWakeUpRiseEdgeDetectEnable
                0x8010334c                NX_CLKPWR_GetInterruptEnable32
                0x80103814                NX_CLKPWR_GoIdleMode
                0x80103588                NX_CLKPWR_DoPLLChange
                0x801035e8                NX_CLKPWR_SetClockMCLK
                0x80103298                NX_CLKPWR_SetInterruptEnable
                0x80103494                NX_CLKPWR_GetInterruptPendingAll
                0x80103460                NX_CLKPWR_GetInterruptEnableAll
                0x8010342c                NX_CLKPWR_SetInterruptEnableAll
                0x801035a4                NX_CLKPWR_IsPLLStable
                0x801033a8                NX_CLKPWR_GetInterruptPending32
                0x801035c4                NX_CLKPWR_SetClockCPU
                0x8010321c                NX_CLKPWR_GetSizeOfRegisterSet
                0x801034c8                NX_CLKPWR_ClearInterruptPendingAll
                0x80103874                NX_CLKPWR_GetSystemResetConfiguration
                0x801033d0                NX_CLKPWR_ClearInterruptPending
                0x801031dc                NX_CLKPWR_Initialize
                0x80103544                NX_CLKPWR_SetPLLPMS
                0x80103690                NX_CLKPWR_SetALIVEGPIOWakeupEnable
                0x80103638                NX_CLKPWR_GetCPUBUSSyncMode
                0x80103888                NX_CLKPWR_SetGPIOPadStrength
                0x801034ec                NX_CLKPWR_GetInterruptPendingNumber
                0x80103244                NX_CLKPWR_OpenModule
                0x801037a4                NX_CLKPWR_SetALIVEGPIOResetEnable
                0x801037fc                NX_CLKPWR_GoStopMode
                0x80103234                NX_CLKPWR_GetBaseAddress
                0x80103324                NX_CLKPWR_SetInterruptEnable32
                0x8010382c                NX_CLKPWR_GetLastPowerMode
                0x801039bc                NX_CLKPWR_GetBusPadStrength
                0x8010324c                NX_CLKPWR_CloseModule
                0x801038f4                NX_CLKPWR_GetGPIOPadStrength
                0x80103844                NX_CLKPWR_SetScratchPad
                0x80103254                NX_CLKPWR_CheckBusy
                0x80103564                NX_CLKPWR_SetPLLPowerOn
                0x80103770                NX_CLKPWR_GetSoftwareResetEnable
                0x8010378c                NX_CLKPWR_DoSoftwareReset
                0x80103614                NX_CLKPWR_SetCPUBUSSyncMode
                0x80103224                NX_CLKPWR_SetBaseAddress
                0x801037c8                NX_CLKPWR_GetALIVEGPIOResetEnable
                0x80103210                NX_CLKPWR_GetPhysicalAddress
                0x801036f4                NX_CLKPWR_GetALIVEGPIOWakeUpRiseEdgeDetectEnable
                0x80103270                NX_CLKPWR_CanPowerDown
                0x80103208                NX_CLKPWR_GetNumberOfModule
                0x80103734                NX_CLKPWR_GetALIVEGPIOWakeUpFallEdgeDetectEnable
                0x8010385c                NX_CLKPWR_GetScratchPad
                0x80103674                NX_CLKPWR_GetRTCWakeUpEnable
 .text          0x80103a18      0xd94 arch/arm/cpu/arm1176/nxp2120/libnxp2120.a(nx_dpc.o)
                0x80103a44                NX_DPC_GetNumberOfModule
                0x80103efc                NX_DPC_SetDPCEnable
                0x80103c64                NX_DPC_SetClockPClkMode
                0x80103bd8                NX_DPC_GetInterruptEnableAll
                0x80104008                NX_DPC_SetDither
                0x8010441c                NX_DPC_SetVSync
                0x80103adc                NX_DPC_GetInterruptEnable
                0x80104398                NX_DPC_GetHSync
                0x80103b70                NX_DPC_ClearInterruptPending
                0x80103a8c                NX_DPC_CloseModule
                0x80104628                NX_DPC_SetVSyncOffset
                0x80103f3c                NX_DPC_SetDelay
                0x80104538                NX_DPC_GetVSync
                0x80103e50                NX_DPC_GetClockOutEnb
                0x80103d78                NX_DPC_GetClockOutInv
                0x801042f0                NX_DPC_SetHSync
                0x80103d50                NX_DPC_SetClockOutInv
                0x80103c90                NX_DPC_GetClockPClkMode
                0x80103c2c                NX_DPC_GetInterruptPendingNumber
                0x80103bf4                NX_DPC_GetInterruptPendingAll
                0x80103b1c                NX_DPC_GetInterruptEnable32
                0x80103b8c                NX_DPC_ClearInterruptPending32
                0x80103ec0                NX_DPC_SetClockDivisorEnable
                0x80103a64                NX_DPC_SetBaseAddress
                0x80103e24                NX_DPC_SetClockOutEnb
                0x801041bc                NX_DPC_GetMode
                0x80103a18                NX_DPC_Initialize
                0x80103af8                NX_DPC_SetInterruptEnable32
                0x80103cac                NX_DPC_SetClockSource
                0x80103b54                NX_DPC_GetInterruptPending32
                0x80103e08                NX_DPC_GetClockPolarity
                0x80103de4                NX_DPC_SetClockPolarity
                0x8010472c                NX_DPC_GetHorizontalUpScaler
                0x80103e74                NX_DPC_SetClockOutDelay
                0x80104038                NX_DPC_GetDither
                0x80103ea4                NX_DPC_GetClockOutDelay
                0x80103aa4                NX_DPC_GetInterruptNumber
                0x80103bb0                NX_DPC_SetInterruptEnableAll
                0x80103cf4                NX_DPC_SetClockDivisor
                0x80103f90                NX_DPC_GetDelay
                0x80103a9c                NX_DPC_CanPowerDown
                0x80103a4c                NX_DPC_GetPhysicalAddress
                0x80103d24                NX_DPC_GetClockDivisor
                0x801046cc                NX_DPC_SetHorizontalUpScaler
                0x80103cd4                NX_DPC_GetClockSource
                0x80103ab4                NX_DPC_SetInterruptEnable
                0x80103ee0                NX_DPC_GetClockDivisorEnable
                0x80103c10                NX_DPC_ClearInterruptPendingAll
                0x80103f24                NX_DPC_GetDPCEnable
                0x80103dc4                NX_DPC_GetClockOutSelect
                0x80104080                NX_DPC_SetMode
                0x80103d98                NX_DPC_SetClockOutSelect
                0x80103b38                NX_DPC_GetInterruptPending
                0x80103a84                NX_DPC_OpenModule
                0x80103a74                NX_DPC_GetBaseAddress
                0x8010466c                NX_DPC_GetVSyncOffset
                0x80103a94                NX_DPC_CheckBusy
                0x80103a5c                NX_DPC_GetSizeOfRegisterSet
 .text          0x801047ac      0x50c arch/arm/cpu/arm1176/nxp2120/libnxp2120.a(nx_gpio.o)
                0x801047fc                NX_GPIO_Initialize
                0x80104854                NX_GPIO_SetBaseAddress
                0x80104b00                NX_GPIO_SetOutputEnable
                0x80104ca8                NX_GPIO_GetValidBit
                0x80104a08                NX_GPIO_GetInterruptEnableAll
                0x80104a9c                NX_GPIO_SetInterruptMode
                0x80104894                NX_GPIO_GetInterruptNumber
                0x8010487c                NX_GPIO_CloseModule
                0x801047d0                NX_GPIO_SetBit2
                0x80104c44                NX_GPIO_SetPadFunction
                0x801048e0                NX_GPIO_GetInterruptEnable
                0x80104874                NX_GPIO_OpenModule
                0x80104b8c                NX_GPIO_GetOutputEnable
                0x8010488c                NX_GPIO_CanPowerDown
                0x801049a8                NX_GPIO_ClearInterruptPending32
                0x80104ba8                NX_GPIO_SetOutputValue
                0x80104a58                NX_GPIO_GetInterruptPendingNumber
                0x8010489c                NX_GPIO_SetInterruptEnable
                0x80104ad4                NX_GPIO_GetInterruptMode
                0x80104864                NX_GPIO_GetBaseAddress
                0x80104bcc                NX_GPIO_GetOutputValue
                0x8010498c                NX_GPIO_ClearInterruptPending
                0x80104a40                NX_GPIO_ClearInterruptPendingAll
                0x80104c7c                NX_GPIO_GetPadFunction
                0x80104968                NX_GPIO_GetInterruptPending32
                0x801047ec                NX_GPIO_GetBit2
                0x80104884                NX_GPIO_CheckBusy
                0x80104be8                NX_GPIO_GetInputValue
                0x80104c04                NX_GPIO_SetPullUpEnable
                0x8010483c                NX_GPIO_GetPhysicalAddress
                0x80104b78                NX_GPIO_SetDetectEnable32
                0x8010484c                NX_GPIO_GetSizeOfRegisterSet
                0x801047c4                NX_GPIO_GetBit
                0x80104834                NX_GPIO_GetNumberOfModule
                0x80104c28                NX_GPIO_GetPullUpEnable
                0x801047ac                NX_GPIO_SetBit
                0x80104928                NX_GPIO_GetInterruptEnable32
                0x80104b54                NX_GPIO_SetDetectEnable
                0x801048fc                NX_GPIO_SetInterruptEnable32
                0x80104b40                NX_GPIO_GetDetectEnable32
                0x80104a24                NX_GPIO_GetInterruptPendingAll
                0x8010494c                NX_GPIO_GetInterruptPending
                0x80104b24                NX_GPIO_GetDetectEnable
                0x801049cc                NX_GPIO_SetInterruptEnableAll
 .text          0x80104cb8      0x360 arch/arm/cpu/arm1176/nxp2120/libnxp2120.a(nx_intc.o)
                0x80104d30                NX_INTC_CheckBusy
                0x80104fdc                NX_INTC_SetPriorityMode
                0x80104cf8                NX_INTC_GetSizeOfRegisterSet
                0x80104e34                NX_INTC_GetInterruptPending64
                0x80104e68                NX_INTC_ClearInterruptPending
                0x80104ce4                NX_INTC_GetNumberOfModule
                0x80104d38                NX_INTC_CanPowerDown
                0x80104fa4                NX_INTC_SetInterruptMode
                0x80104da8                NX_INTC_SetInterruptEnable64
                0x80104d40                NX_INTC_SetInterruptEnable
                0x80104d10                NX_INTC_GetBaseAddress
                0x80104f10                NX_INTC_GetInterruptPendingAll
                0x80104f58                NX_INTC_GetInterruptPendingNumber
                0x80104cec                NX_INTC_GetPhysicalAddress
                0x80104e94                NX_INTC_ClearInterruptPending64
                0x80104dd4                NX_INTC_GetInterruptEnable64
                0x80104d28                NX_INTC_CloseModule
                0x80104cb8                NX_INTC_Initialize
                0x80104ec0                NX_INTC_SetInterruptEnableAll
                0x80104d20                NX_INTC_OpenModule
                0x80104e08                NX_INTC_GetInterruptPending
                0x80104d00                NX_INTC_SetBaseAddress
                0x80104d78                NX_INTC_GetInterruptEnable
                0x80104ee4                NX_INTC_GetInterruptEnableAll
                0x80104f3c                NX_INTC_ClearInterruptPendingAll
 .text          0x80105018      0xd44 arch/arm/cpu/arm1176/nxp2120/libnxp2120.a(nx_mcud.o)
                0x801050c4                NX_MCUD_GetEnable
                0x80105258                NX_MCUD_GetDataWidth
                0x80105358                NX_MCUD_GetDelayLatency
                0x801052bc                NX_MCUD_SetCASLatency
                0x801052dc                NX_MCUD_GetCASLatency
                0x8010563c                NX_MCUD_GetWR
                0x801057b8                NX_MCUD_PHYDLL_SetConfig
                0x80105098                NX_MCUD_CanPowerDown
                0x8010569c                NX_MCUD_SetActivePowerDownEnable
                0x80105a2c                NX_MCUD_PHYZQ_SetODT
                0x80105680                NX_MCUD_GetWTR
                0x8010565c                NX_MCUD_SetWTR
                0x801050e0                NX_MCUD_SetDLLReset
                0x80105088                NX_MCUD_CloseModule
                0x80105378                NX_MCUD_SetDIC
                0x80105550                NX_MCUD_SetRFC
                0x80105d2c                NX_MCUD_GetInitPerformanceCounter
                0x80105a58                NX_MCUD_PHYZQ_GetODT
                0x80105444                NX_MCUD_SetDLLEnable
                0x801053b8                NX_MCUD_SetODT
                0x80105d18                NX_MCUD_SetInitPerformanceCounter
                0x801055f8                NX_MCUD_GetRTP
                0x80105334                NX_MCUD_SetDelayLatency
                0x80105cc8                NX_MCUD_GetSlowArbiter
                0x80105b70                NX_MCUD_PHYZQ_IsError
                0x801059e8                NX_MCUD_PHYZQ_SetAutoMode
                0x80105044                NX_MCUD_GetNumberOfModule
                0x8010579c                NX_MCUD_PHYDLL_GetAutoMode
                0x80105080                NX_MCUD_OpenModule
                0x8010591c                NX_MCUD_PHYDLL_SetManualDelay
                0x801052f8                NX_MCUD_SetAdditiveLatency
                0x801053d8                NX_MCUD_GetODT
                0x8010571c                NX_MCUD_SetRefreshPeriod
                0x80105018                NX_MCUD_Initialize
                0x80105b20                NX_MCUD_PHYZQ_Run
                0x80105b58                NX_MCUD_PHYZQ_IsRun
                0x80105180                NX_MCUD_ApplyModeSetting
                0x80105ba8                NX_MCUD_PHYZQ_Update
                0x80105c1c                NX_MCUD_GetFastArbiter
                0x801058bc                NX_MCUD_PHYDLL_IsLockFine
                0x801058a0                NX_MCUD_PHYDLL_IsLockCoarse
                0x801054ec                NX_MCUD_GetRP
                0x80105a0c                NX_MCUD_PHYZQ_GetAutoMode
                0x80105058                NX_MCUD_GetSizeOfRegisterSet
                0x801051b8                NX_MCUD_SetType
                0x801053f4                NX_MCUD_SetDQSMode
                0x80105b3c                NX_MCUD_PHYZQ_Stop
                0x80105218                NX_MCUD_GetBusWidth
                0x8010550c                NX_MCUD_SetRAS
                0x801058d8                NX_MCUD_PHYDLL_GetAutoDelay
                0x801059a0                NX_MCUD_PHYDLL_GetDQSDelay
                0x80105090                NX_MCUD_CheckBusy
                0x80105aec                NX_MCUD_PHYZQ_GetAutoResult
                0x80105468                NX_MCUD_GetDLLEnable
                0x801057fc                NX_MCUD_PHYDLL_GetConfig
                0x80105574                NX_MCUD_GetRFC
                0x80105234                NX_MCUD_SetDataWidth
                0x8010539c                NX_MCUD_GetDIC
                0x80105120                NX_MCUD_SetMCLKConfig
                0x80105b8c                NX_MCUD_PHYZQ_IsCompleted
                0x80105750                NX_MCUD_GetRefreshPeriod
                0x80105c68                NX_MCUD_SetSlowArbiter
                0x80105700                NX_MCUD_GetActivePowerDownPeriod
                0x801054c8                NX_MCUD_SetRP
                0x80105888                NX_MCUD_PHYDLL_IsRun
                0x80105590                NX_MCUD_SetMRD
                0x80105150                NX_MCUD_GetMCLKConfig
                0x80105bc0                NX_MCUD_SetFastArbiter
                0x801056dc                NX_MCUD_SetActivePowerDownPeriod
                0x8010586c                NX_MCUD_PHYDLL_Stop
                0x801051d8                NX_MCUD_GetType
                0x80105850                NX_MCUD_PHYDLL_Run
                0x80105abc                NX_MCUD_PHYZQ_GetControlCode
                0x80105428                NX_MCUD_GetDQSMode
                0x80105318                NX_MCUD_GetAdditiveLatency
                0x8010504c                NX_MCUD_GetPhysicalAddress
                0x8010519c                NX_MCUD_IsBusyModeSetting
                0x80105954                NX_MCUD_PHYDLL_SetDQSDelay
                0x80105060                NX_MCUD_SetBaseAddress
                0x80105530                NX_MCUD_GetRAS
                0x80105618                NX_MCUD_SetWR
                0x8010593c                NX_MCUD_PHYDLL_GetManualDelay
                0x80105488                NX_MCUD_SetRCD
                0x801054ac                NX_MCUD_GetRCD
                0x80105270                NX_MCUD_SetCapacity
                0x801050a0                NX_MCUD_SetEnable
                0x801055d4                NX_MCUD_SetRTP
                0x80105778                NX_MCUD_PHYDLL_SetAutoMode
                0x801056c0                NX_MCUD_GetActivePowerDownEnable
                0x80105a98                NX_MCUD_PHYZQ_SetControlCode
                0x80105298                NX_MCUD_GetCapacity
                0x80105d40                NX_MCUD_GetPerformanceCounter
                0x80105070                NX_MCUD_GetBaseAddress
                0x801051f4                NX_MCUD_SetBusWidth
                0x80105104                NX_MCUD_GetDLLReset
                0x801055b4                NX_MCUD_GetMRD
 .text          0x80105d5c     0x1140 arch/arm/cpu/arm1176/nxp2120/libnxp2120.a(nx_mcus.o)
                0x80106710                NX_MCUS_SetIDEDMAEnable
                0x80106aa0                NX_MCUS_IsNFReady
                0x80106abc                NX_MCUS_SetAutoResetEnable
                0x80106bc8                NX_MCUS_IsNFReadEnd
                0x80106b6c                NX_MCUS_GetNFWriteDataCount
                0x80105f04                NX_MCUS_GetInterruptEnable32
                0x80105d9c                NX_MCUS_GetSizeOfRegisterSet
                0x80105f94                NX_MCUS_GetDMABusWidth
                0x80105dec                NX_MCUS_SetInterruptEnable
                0x80105e44                NX_MCUS_ClearInterruptPending
                0x80105dd4                NX_MCUS_CheckBusy
                0x80106cc8                NX_MCUS_SetNFOriginECC8
                0x80106b00                NX_MCUS_ResetNFECCBlock
                0x80106868                NX_MCUS_GetIDEDMAConfig
                0x80106c24                NX_MCUS_GetNFECC8
                0x80105f20                NX_MCUS_GetInterruptPending32
                0x80105d88                NX_MCUS_GetNumberOfModule
                0x80106784                NX_MCUS_SetIDEDMAConfig
                0x80105e28                NX_MCUS_GetInterruptPending
                0x80105fd8                NX_MCUS_SetStaticBUSConfig
                0x8010674c                NX_MCUS_SetIDEDMAMode
                0x80106bac                NX_MCUS_IsNFError
                0x80105f3c                NX_MCUS_ClearInterruptPending32
                0x80106a24                NX_MCUS_SetNFBank
                0x80105e0c                NX_MCUS_GetInterruptEnable
                0x80106b48                NX_MCUS_GetECCMode
                0x80106a08                NX_MCUS_GetNFBootEnable
                0x80106d80                NX_MCUS_GetNFECCOddSyndrome8
                0x801069e0                NX_MCUS_SetNFBootEnable
                0x80106a48                NX_MCUS_GetNFBank
                0x80106b90                NX_MCUS_GetNFReadDataCount
                0x801062e4                NX_MCUS_GetStaticBUSConfig
                0x80105f68                NX_MCUS_GetInterruptPendingNumber
                0x80105dcc                NX_MCUS_CloseModule
                0x80106de8                NX_MCUS_GetNFECCOddSyndrome16
                0x80105fbc                NX_MCUS_GetIROMCS
                0x80105d90                NX_MCUS_GetPhysicalAddress
                0x80105e84                NX_MCUS_GetInterruptEnableAll
                0x80106730                NX_MCUS_GetIDEDMAEnable
                0x80105dc4                NX_MCUS_OpenModule
                0x80106be4                NX_MCUS_IsNFWriteEnd
                0x801066c8                NX_MCUS_SetIDEDMATimeOut
                0x80105de4                NX_MCUS_GetInterruptNumber
                0x80106d40                NX_MCUS_GetNFECCOddSyndrome4
                0x80106bfc                NX_MCUS_GetNFECC4
                0x80105ec0                NX_MCUS_ClearInterruptPendingAll
                0x8010676c                NX_MCUS_GetIDEDMAMode
                0x80106a60                NX_MCUS_SetNFCSEnable
                0x801066e0                NX_MCUS_GetIDEDMATimeOut
                0x80106b20                NX_MCUS_SetECCMode
                0x80105da4                NX_MCUS_SetBaseAddress
                0x801069a0                NX_MCUS_SetNFType
                0x80105f8c                NX_MCUS_GetDMAIndex
                0x80105d5c                NX_MCUS_Initialize
                0x80105db4                NX_MCUS_GetBaseAddress
                0x801066a8                NX_MCUS_ResetIDEDMA
                0x80105ddc                NX_MCUS_CanPowerDown
                0x801069c4                NX_MCUS_GetNFType
                0x80105ee0                NX_MCUS_SetInterruptEnable32
                0x80106a88                NX_MCUS_GetNFCSEnable
                0x80106cf8                NX_MCUS_SetNFOriginECC16
                0x80105ea0                NX_MCUS_GetInterruptPendingAll
                0x80106ae4                NX_MCUS_GetAutoResetEnable
                0x80105f9c                NX_MCUS_GetISRAMCS
                0x80106ca8                NX_MCUS_SetNFOriginECC4
                0x80105e64                NX_MCUS_SetInterruptEnableAll
                0x80106c58                NX_MCUS_GetNFECC16
 .text          0x80106e9c     0x10f4 arch/arm/cpu/arm1176/nxp2120/libnxp2120.a(nx_mlc.o)
                0x80107b18                NX_MLC_SetVideoLayerStride
                0x80107ec4                NX_MLC_SetVideoLayerGamaTableSleepMode
                0x80107e0c                NX_MLC_SetVideoLayerLineBufferSleepMode
                0x80106fd4                NX_MLC_SetTopPowerMode
                0x80107bb8                NX_MLC_SetVideoLayerScaleFilter
                0x80106ec8                NX_MLC_GetNumberOfModule
                0x80107990                NX_MLC_SetRGBLayerGamaTablePowerMode
                0x80107b68                NX_MLC_SetVideoLayerScaleFactor
                0x80107f74                NX_MLC_GetVideoLayerGammaEnable
                0x80107c58                NX_MLC_SetVideoLayerScale
                0x80107dcc                NX_MLC_SetVideoLayerLineBufferPowerMode
                0x80107710                NX_MLC_SetFormatRGB
                0x80106ff8                NX_MLC_GetTopPowerMode
                0x80106f70                NX_MLC_SetClockBClkMode
                0x801073d8                NX_MLC_SetColorInversion
                0x80107a40                NX_MLC_GetRGBLayerGamaTableSleepMode
                0x8010705c                NX_MLC_SetTopDirtyFlag
                0x80106ef8                NX_MLC_GetBaseAddress
                0x80107df0                NX_MLC_GetVideoLayerLineBufferPowerMode
                0x80107094                NX_MLC_SetMLCEnable
                0x80106e9c                NX_MLC_Initialize
                0x80106ee0                NX_MLC_GetSizeOfRegisterSet
                0x801071b0                NX_MLC_SetDirtyFlag
                0x80106f18                NX_MLC_CheckBusy
                0x80107818                NX_MLC_SetDitherEnableWhenUsingGamma
                0x801070b4                NX_MLC_GetMLCEnable
                0x80107b50                NX_MLC_SetVideoLayerAddressYUYV
                0x80106fa8                NX_MLC_GetClockBClkMode
                0x80107128                NX_MLC_SetScreenSize
                0x80106ed0                NX_MLC_GetPhysicalAddress
                0x80107a04                NX_MLC_SetRGBLayerGamaTableSleepMode
                0x8010723c                NX_MLC_SetLayerEnable
                0x80107870                NX_MLC_GetGammaPriority
                0x80107838                NX_MLC_GetDitherEnableWhenUsingGamma
                0x80107d48                NX_MLC_SetVideoLayerLumaEnhance
                0x80107f00                NX_MLC_GetVideoLayerGamaTableSleepMode
                0x80107e34                NX_MLC_GetVideoLayerLineBufferSleepMode
                0x80107928                NX_MLC_SetRGBLayerStride
                0x80107e54                NX_MLC_SetVideoLayerGamaTablePowerMode
                0x8010742c                NX_MLC_GetExtendedColor
                0x80106f54                NX_MLC_GetClockPClkMode
                0x80107c08                NX_MLC_GetVideoLayerScaleFilter
                0x8010788c                NX_MLC_SetRGBLayerInvalidPosition
                0x80107970                NX_MLC_SetRGBLayerAddress
                0x80107adc                NX_MLC_SetRGBLayerGammaEnable
                0x80106f28                NX_MLC_SetClockPClkMode
                0x80107afc                NX_MLC_GetRGBLayerGammaEnable
                0x801072d4                NX_MLC_SetLockSize
                0x80107b34                NX_MLC_SetVideoLayerAddress
                0x80106f08                NX_MLC_OpenModule
                0x80107310                NX_MLC_SetAlphaBlending
                0x8010703c                NX_MLC_GetTopSleepMode
                0x80107754                NX_MLC_SetFormatYUV
                0x80107d6c                NX_MLC_SetVideoLayerChromaEnhance
                0x80107288                NX_MLC_GetLayerEnable
                0x80106ee8                NX_MLC_SetBaseAddress
                0x80107ac4                NX_MLC_SetRGBLayerBGammaTable
                0x80106f20                NX_MLC_CanPowerDown
                0x8010719c                NX_MLC_SetBackground
                0x80107078                NX_MLC_GetTopDirtyFlag
                0x80107aac                NX_MLC_SetRGBLayerGGammaTable
                0x801071f0                NX_MLC_GetDirtyFlag
                0x80107f54                NX_MLC_SetVideoLayerGammaEnable
                0x801070f0                NX_MLC_GetFieldEnable
                0x80107384                NX_MLC_SetTransparency
                0x80107a94                NX_MLC_SetRGBLayerRGammaTable
                0x801070d0                NX_MLC_SetFieldEnable
                0x80107850                NX_MLC_SetGammaPriority
                0x80107e7c                NX_MLC_GetVideoLayerGamaTablePowerMode
                0x80106f10                NX_MLC_CloseModule
                0x80107108                NX_MLC_SetLayerPriority
                0x801079bc                NX_MLC_GetRGBLayerGamaTablePowerMode
                0x80107014                NX_MLC_SetTopSleepMode
                0x80107778                NX_MLC_SetPosition
                0x80107148                NX_MLC_GetScreenSize
 .text          0x80107f90      0x350 arch/arm/cpu/arm1176/nxp2120/libnxp2120.a(nx_pwm.o)
                0x801080d0                NX_PWM_GetClockSource
                0x80108074                NX_PWM_SetClockDivisorEnable
                0x80107fbc                NX_PWM_GetNumberOfModule
                0x80108258                NX_PWM_GetPeriod
                0x80107f90                NX_PWM_Initialize
                0x801082b8                NX_PWM_GetDutyCycle
                0x80108280                NX_PWM_SetDutyCycle
                0x80108000                NX_PWM_CloseModule
                0x801081ac                NX_PWM_SetPolarity
                0x80108178                NX_PWM_GetPreScale
                0x80107fd8                NX_PWM_SetBaseAddress
                0x80108114                NX_PWM_GetClockDivisor
                0x80108024                NX_PWM_CanPowerDown
                0x80107ff8                NX_PWM_OpenModule
                0x80108008                NX_PWM_CheckBusy
                0x801080ec                NX_PWM_SetClockDivisor
                0x80108228                NX_PWM_SetPeriod
                0x80108094                NX_PWM_GetClockDivisorEnable
                0x80107fc4                NX_PWM_GetPhysicalAddress
                0x80107fe8                NX_PWM_GetBaseAddress
                0x801081f4                NX_PWM_GetPolarity
                0x8010802c                NX_PWM_SetClockPClkMode
                0x80107fd0                NX_PWM_GetSizeOfRegisterSet
                0x80108058                NX_PWM_GetClockPClkMode
                0x801080b0                NX_PWM_SetClockSource
                0x80108134                NX_PWM_SetPreScale
 .text          0x801082e0      0xa30 arch/arm/cpu/arm1176/nxp2120/libnxp2120.a(nx_sdhc.o)
                0x80108b50                NX_SDHC_IsFIFOTxThreshold
                0x80108a70                NX_SDHC_IsDMAAck
                0x801087d8                NX_SDHC_SetOutputClockDivider
                0x80108bcc                NX_SDHC_SetFIFOTxThreshold
                0x80108314                NX_SDHC_GetPhysicalAddress
                0x80108ac4                NX_SDHC_IsCardDataBusy
                0x80108970                NX_SDHC_GetByteCount
                0x80108648                NX_SDHC_GetClockDivisor
                0x801085c8                NX_SDHC_GetClockPClkMode
                0x801088ac                NX_SDHC_GetDataTimeOut
                0x80108a28                NX_SDHC_GetAutoStopResponse
                0x801089b0                NX_SDHC_StartCommand
                0x80108764                NX_SDHC_ResetFIFO
                0x801085e4                NX_SDHC_SetClockSource
                0x80108560                NX_SDHC_ClearInterruptPending32
                0x801084ac                NX_SDHC_GetInterruptPendingAll
                0x80108694                NX_SDHC_GetClockDivisorEnable
                0x80108914                NX_SDHC_GetDataBusWidth
                0x80108c34                NX_SDHC_SetData
                0x8010830c                NX_SDHC_GetNumberOfModule
                0x80108374                NX_SDHC_CloseModule
                0x80108354                NX_SDHC_OpenModule
                0x80108c48                NX_SDHC_GetData
                0x80108670                NX_SDHC_SetClockDivisorEnable
                0x801088e4                NX_SDHC_GetResponseTimeOut
                0x801086b0                NX_SDHC_AbortReadData
                0x8010859c                NX_SDHC_SetClockPClkMode
                0x801087c0                NX_SDHC_IsResetController
                0x80108948                NX_SDHC_GetBlockSize
                0x80108a58                NX_SDHC_IsDMAReq
                0x801086cc                NX_SDHC_SendIRQResponse
                0x80108328                NX_SDHC_GetSizeOfRegisterSet
                0x80108450                NX_SDHC_ClearInterruptPending
                0x801087a0                NX_SDHC_ResetController
                0x80108bf0                NX_SDHC_GetFIFOTxThreshold
                0x801089f8                NX_SDHC_GetLongResponse
                0x80108a3c                NX_SDHC_GetResponseIndex
                0x801089e4                NX_SDHC_GetShortResponse
                0x801084e0                NX_SDHC_GetInterruptPendingNumber
                0x80108934                NX_SDHC_SetBlockSize
                0x80108aa8                NX_SDHC_IsDataTransferBusy
                0x8010888c                NX_SDHC_SetDataTimeOut
                0x80108ae0                NX_SDHC_IsCardPresent
                0x80108394                NX_SDHC_CheckBusy
                0x801087f0                NX_SDHC_GetOutputClockDivider
                0x80108334                NX_SDHC_SetBaseAddress
                0x80108574                NX_SDHC_GetDMAIndex
                0x801083f4                NX_SDHC_SetInterruptEnable
                0x80108c0c                NX_SDHC_GetDataTransferSize
                0x80108a8c                NX_SDHC_GetFIFOCount
                0x80108434                NX_SDHC_GetInterruptPending
                0x80108c20                NX_SDHC_GetFIFOTransferSize
                0x80108620                NX_SDHC_SetClockDivisor
                0x80108cac                NX_SDHC_GetData32
                0x80108afc                NX_SDHC_GetCommandFSM
                0x80108b6c                NX_SDHC_IsFIFORxThreshold
                0x801082e0                NX_SDHC_Initialize
                0x80108604                NX_SDHC_GetClockSource
                0x80108344                NX_SDHC_GetBaseAddress
                0x80108c5c                NX_SDHC_SetData32
                0x80108708                NX_SDHC_SetDMAMode
                0x801084c8                NX_SDHC_ClearInterruptPendingAll
                0x80108538                NX_SDHC_GetInterruptEnable32
                0x80108874                NX_SDHC_GetOutputClockEnable
                0x80108518                NX_SDHC_SetInterruptEnable32
                0x80108748                NX_SDHC_IsResetDMA
                0x801089cc                NX_SDHC_IsCommandBusy
                0x80108b84                NX_SDHC_SetFIFORxThreshold
                0x80108cfc                NX_SDHC_GetDataPointer
                0x80108490                NX_SDHC_GetInterruptEnableAll
                0x801088fc                NX_SDHC_SetDataBusWidth
                0x8010895c                NX_SDHC_SetByteCount
                0x80108984                NX_SDHC_SetCommandArgument
                0x801088c4                NX_SDHC_SetResponseTimeOut
                0x80108b34                NX_SDHC_IsFIFOEmpty
                0x80108810                NX_SDHC_SetLowPowerClockMode
                0x80108784                NX_SDHC_IsResetFIFO
                0x80108728                NX_SDHC_ResetDMA
                0x80108998                NX_SDHC_SetCommand
                0x8010846c                NX_SDHC_SetInterruptEnableAll
                0x801083b4                NX_SDHC_CanPowerDown
                0x801083d4                NX_SDHC_GetInterruptNumber
                0x8010854c                NX_SDHC_GetInterruptPending32
                0x80108b18                NX_SDHC_IsFIFOFull
                0x80108418                NX_SDHC_GetInterruptEnable
                0x80108594                NX_SDHC_GetDMABusWidth
                0x80108834                NX_SDHC_GetLowPowerClockMode
                0x801086e8                NX_SDHC_SetReadWait
                0x80108ba8                NX_SDHC_GetFIFORxThreshold
                0x80108850                NX_SDHC_SetOutputClockEnable
 .text          0x80108d10      0x420 arch/arm/cpu/arm1176/nxp2120/libnxp2120.a(nx_timer.o)
                0x80108e3c                NX_TIMER_GetInterruptPending
                0x80108f28                NX_TIMER_GetInterruptPendingNumber
                0x80108dfc                NX_TIMER_SetInterruptEnable32
                0x80108ef0                NX_TIMER_GetInterruptPendingAll
                0x80108da0                NX_TIMER_CheckBusy
                0x80108db0                NX_TIMER_GetInterruptNumber
                0x80108f90                NX_TIMER_SetClockDivisorEnable
                0x80108e74                NX_TIMER_ClearInterruptPending
                0x80108d80                NX_TIMER_GetBaseAddress
                0x8010910c                NX_TIMER_GetTimerCounter
                0x80108e58                NX_TIMER_GetInterruptPending32
                0x80108ed4                NX_TIMER_GetInterruptEnableAll
                0x801090f8                NX_TIMER_SetTimerCounter
                0x80108d10                NX_TIMER_Initialize
                0x801090d0                NX_TIMER_SetMatchCounter
                0x80109070                NX_TIMER_Stop
                0x80108d70                NX_TIMER_SetBaseAddress
                0x80108f48                NX_TIMER_SetClockPClkMode
                0x80108d90                NX_TIMER_OpenModule
                0x80108e90                NX_TIMER_ClearInterruptPending32
                0x80108dc0                NX_TIMER_SetInterruptEnable
                0x80108de0                NX_TIMER_GetInterruptEnable
                0x80108e20                NX_TIMER_GetInterruptEnable32
                0x801090b0                NX_TIMER_SetTClkDivider
                0x80109008                NX_TIMER_SetClockDivisor
                0x80108fcc                NX_TIMER_SetClockSource
                0x80109050                NX_TIMER_Run
                0x80109030                NX_TIMER_GetClockDivisor
                0x80108fec                NX_TIMER_GetClockSource
                0x80108eb4                NX_TIMER_SetInterruptEnableAll
                0x80108f0c                NX_TIMER_ClearInterruptPendingAll
                0x8010908c                NX_TIMER_SetWatchDogEnable
                0x80108fb0                NX_TIMER_GetClockDivisorEnable
                0x80108da8                NX_TIMER_CanPowerDown
                0x80108d98                NX_TIMER_CloseModule
                0x80108d58                NX_TIMER_GetPhysicalAddress
                0x80108d68                NX_TIMER_GetSizeOfRegisterSet
                0x80108d50                NX_TIMER_GetNumberOfModule
                0x80108f74                NX_TIMER_GetClockPClkMode
                0x801090e4                NX_TIMER_GetMatchCounter
 .text          0x80109130     0x1294 arch/arm/cpu/arm1176/nxp2120/libnxp2120.a(nx_uart.o)
                0x801092b0                NX_UART_GetInterruptEnable32
                0x80109d08                NX_UART_GetModemStatus
                0x80109b10                NX_UART_SetSCTxMode
                0x80109394                NX_UART_GetInterruptPendingAll
                0x80109a00                NX_UART_IsTxFIFOReset
                0x80109794                NX_UART_SetTxIRQType
                0x80109220                NX_UART_CheckBusy
                0x80109354                NX_UART_SetInterruptEnableAll
                0x80109764                NX_UART_GetRxTimeOut
                0x80109f40                NX_UART_SetBaudRateConfig
                0x80109734                NX_UART_GetRxTimeOutEnb
                0x8010a1f8                NX_UART_GetBaudRateConfig
                0x8010a338                NX_UART_SetINTCON
                0x8010a2d4                NX_UART_SetLCON
                0x801094e0                NX_UART_SetClockDivisor
                0x801092cc                NX_UART_GetInterruptPending
                0x80109860                NX_UART_GetTxOperationMode
                0x80109a78                NX_UART_GetFIFOEnb
                0x8010a310                NX_UART_SetMCON
                0x80109374                NX_UART_GetInterruptEnableAll
                0x80109af4                NX_UART_GetSCRxEnb
                0x801094a4                NX_UART_SetClockSource
                0x8010962c                NX_UART_SetFrameConfiguration
                0x80109c88                NX_UART_SetAutoFlowControl
                0x80109418                NX_UART_GetDMAIndex_Tx
                0x8010956c                NX_UART_SetSIRMode
                0x80109a90                NX_UART_SetSCTxEnb
                0x801095d0                NX_UART_GetLoopBackMode
                0x80109c30                NX_UART_GetDTR
                0x801091e0                NX_UART_CloseModule
                0x80109c0c                NX_UART_SetDTR
                0x80109d20                NX_UART_SendByte
                0x80109160                NX_UART_GetNumberOfModule
                0x80109168                NX_UART_GetPhysicalAddress
                0x80109b60                NX_UART_GetSCMode
                0x8010a374                NX_UART_GetFCON
                0x8010a3b0                NX_UART_GetINTCON
                0x801092e8                NX_UART_GetInterruptPending32
                0x8010a388                NX_UART_GetMCON
                0x80109508                NX_UART_GetClockDivisor
                0x80109db4                NX_UART_SetControlConfig
                0x80109750                NX_UART_SetRxTimeOut
                0x801091a0                NX_UART_OpenModule
                0x80109274                NX_UART_GetInterruptEnable
                0x8010981c                NX_UART_SendBreak
                0x8010a21c                NX_UART_GetModemConfig
                0x80109b38                NX_UART_SetSCRxMode
                0x80109610                NX_UART_GetIntEnbWhenExceptionOccur
                0x8010a2e8                NX_UART_SetUCON
                0x80109550                NX_UART_GetClockDivisorEnable
                0x80109900                NX_UART_GetTxFIFOTriggerLevel
                0x801099e4                NX_UART_ResetTxFIFO
                0x80109530                NX_UART_SetClockDivisorEnable
                0x8010a2fc                NX_UART_SetFCON
                0x80109cec                NX_UART_GetHalfChannelEnable
                0x801096a8                NX_UART_SetBRD
                0x80109190                NX_UART_GetBaseAddress
                0x80109bac                NX_UART_GetFIFOStatus
                0x801098bc                NX_UART_SetTxFIFOTriggerLevel
                0x80109a38                NX_UART_IsRxFIFOReset
                0x8010a34c                NX_UART_GetLCON
                0x80109240                NX_UART_SetInterruptEnable
                0x80109d4c                NX_UART_SetLineConfig
                0x80109bc8                NX_UART_GetTxFIFOCount
                0x8010a0f8                NX_UART_GetFIFOConfig
                0x80109bec                NX_UART_GetRxFIFOCount
                0x80109a54                NX_UART_SetFIFOEnb
                0x801094c4                NX_UART_GetClockSource
                0x80109b94                NX_UART_GetErrorStatus
                0x80109e60                NX_UART_SetFIFOConfig
                0x80109ab4                NX_UART_GetSCTxEnb
                0x80109300                NX_UART_ClearInterruptPending
                0x8010a098                NX_UART_GetControlConfig
                0x801097bc                NX_UART_GetTxIRQType
                0x8010987c                NX_UART_SetRxOperationMode
                0x80109838                NX_UART_SetTxOperationMode
                0x80109944                NX_UART_SetRxFIFOTriggerLevel
                0x801093cc                NX_UART_GetInterruptPendingNumber
                0x80109704                NX_UART_SetRxTimeOutEnb
                0x80109230                NX_UART_GetInterruptNumber
                0x801096d0                NX_UART_MakeBRD
                0x8010a360                NX_UART_GetUCON
                0x80109178                NX_UART_GetSizeOfRegisterSet
                0x80109ad0                NX_UART_SetSCRxEnb
                0x80109488                NX_UART_GetClockPClkMode
                0x80109f5c                NX_UART_SetModemConfig
                0x801095ec                NX_UART_SetIntEnbWhenExceptionOccur
                0x80109800                NX_UART_GetRxIRQType
                0x80109454                NX_UART_GetDMABusWidth
                0x801097d8                NX_UART_SetRxIRQType
                0x8010a324                NX_UART_SetTIMEOUT
                0x80109130                NX_UART_Initialize
                0x8010945c                NX_UART_SetClockPClkMode
                0x80109cac                NX_UART_GetAutoFlowControl
                0x80109228                NX_UART_CanPowerDown
                0x80109988                NX_UART_GetRxFIFOTriggerLevel
                0x80109d34                NX_UART_GetByte
                0x80109c4c                NX_UART_SetRTS
                0x80109294                NX_UART_SetInterruptEnable32
                0x80109c70                NX_UART_GetRTS
                0x801095ac                NX_UART_SetLoopBackMode
                0x80109180                NX_UART_SetBaseAddress
                0x8010a39c                NX_UART_GetTIMEOUT
                0x80109590                NX_UART_GetSIRMode
                0x80109cc8                NX_UART_SetHalfChannelEnable
                0x8010932c                NX_UART_ClearInterruptPending32
                0x8010a024                NX_UART_GetLineConfig
                0x80109444                NX_UART_GetDMAIndex_Rx
                0x80109b7c                NX_UART_GetTxRxStatus
                0x801093b0                NX_UART_ClearInterruptPendingAll
                0x80109778                NX_UART_SetSYNCPendClear
                0x80109664                NX_UART_GetFrameConfiguration
                0x801096bc                NX_UART_GetBRD
                0x80109a1c                NX_UART_ResetRxFIFO
                0x801098a4                NX_UART_GetRxOperationMode
 .text          0x8010a3c4       0x1c arch/arm/cpu/arm1176/nxp2120/libnxp2120.a(reset.o)
                0x8010a3c4                reset_cpu
 .text          0x8010a3e0      0x280 arch/arm/lib/libarm.a(board.o)
                0x8010a3f8                __yellow_LED_off
                0x8010a3ec                green_LED_on
                0x8010a404                hang
                0x8010a3ec                __green_LED_on
                0x8010a3f4                __yellow_LED_on
                0x8010a3f4                yellow_LED_on
                0x8010a3f0                __green_LED_off
                0x8010a3e8                __red_LED_off
                0x8010a4dc                start_armboot
                0x8010a400                blue_LED_off
                0x8010a3e0                coloured_LED_init
                0x8010a400                __blue_LED_off
                0x8010a3fc                blue_LED_on
                0x8010a3f8                yellow_LED_off
                0x8010a3e8                red_LED_off
                0x8010a3f0                green_LED_off
                0x8010a3e0                __coloured_LED_init
                0x8010a3e4                red_LED_on
                0x8010a3fc                __blue_LED_on
                0x8010a3e4                __red_LED_on
 .text          0x8010a660      0x26c arch/arm/lib/libarm.a(interrupts.o)
                0x8010a7f4                do_fiq
                0x8010a8a8                do_undefined_instruction
                0x8010a66c                show_regs
                0x8010a7d0                do_irq
                0x8010a7ac                bad_mode
                0x8010a860                do_prefetch_abort
                0x8010a664                disable_interrupts
                0x8010a818                do_not_used
                0x8010a83c                do_data_abort
                0x8010a884                do_software_interrupt
                0x8010a660                enable_interrupts
 .text          0x8010a8cc      0x878 net/libnet.a(eth.o)
                0x8010aa3c                eth_get_dev_by_name
                0x8010a978                eth_halt
                0x8010a8cc                cpu_eth_init
                0x8010ac0c                eth_register
                0x8010ad48                eth_getenv_enetaddr
                0x8010a8d4                eth_get_dev
                0x8010ace0                eth_parse_enetaddr
                0x8010ab50                eth_try_another
                0x8010ada0                eth_getenv_enetaddr_by_index
                0x8010aec4                eth_initialize
                0x8010aa90                eth_set_current
                0x8010a9e8                eth_rx
                0x8010a924                eth_get_dev_index
                0x8010adec                eth_init
                0x8010aca8                eth_setenv_enetaddr
                0x8010aa1c                eth_get_name
                0x8010a8e4                eth_get_dev_by_index
                0x8010a9ac                eth_send
 .text          0x8010b144     0x1718 net/libnet.a(net.o)
                0x8010b16c                NetCksumOk
                0x8010b3e4                NetSetTimeout
                0x8010b20c                copy_filename
                0x8010b2d8                NetEthHdrSize
                0x8010b368                ip_to_string
                0x8010c2fc                ArpTimeoutCheck
                0x8010b644                NetReceive
                0x8010c034                NetSendUDPPacket
                0x8010b554                NetSetEther
                0x8010c398                NetLoop
                0x8010bce4                ArpRequest
                0x8010b3c0                random_port
                0x8010b31c                VLAN_to_string
                0x8010b2c0                getenv_VLAN
                0x8010b1c4                NetCksum
                0x8010b420                NetSetIP
                0x8010b264                string_to_VLAN
                0x8010c1cc                NetStartAgain
                0x8010b15c                NetSetHandler
                0x8010be24                PingSend
                0x8010b640                NetSendPacket
 .text          0x8010c85c     0x10b0 net/libnet.a(nfs.o)
                0x8010d184                NfsStart
 .text          0x8010d90c      0x1d0 net/libnet.a(rarp.o)
                0x8010d90c                RarpRequest
 .text          0x8010dadc      0x8e0 net/libnet.a(tftp.o)
                0x8010dcac                TftpStart
 .text          0x8010e3bc      0xa38 net/libnet.a(bootp.o)
                0x8010e9d0                DhcpRequest
                0x8010e7b4                BootpRequest
 .text          0x8010edf4     0x11e8 drivers/mmc/libmmc.a(mmc.o)
                0x8010f17c                cpu_mmc_init
                0x8010ee4c                mmc_send_ext_csd
                0x8010efc0                sd_switch
                0x8010f74c                mmc_startup
                0x8010edf4                __board_mmc_getcd
                0x8010f184                print_mmc_devices
                0x8010ee14                mmc_set_blocklen
                0x8010edfc                mmc_send_cmd
                0x8010f048                mmc_set_clock
                0x8010ff3c                mmc_init
                0x8010fe88                mmc_send_op_cond
                0x8010f114                mmc_register
                0x8010f368                mmc_get_dev
                0x8010fd28                sd_send_op_cond
                0x8010eea0                mmc_switch
                0x8010f030                mmc_set_ios
                0x8010eee8                mmc_change_freq
                0x8010edf4                board_mmc_getcd
                0x8010f238                mmc_read_blocks
                0x8010f07c                mmc_set_bus_width
                0x8010f314                find_mmc_device
                0x8010fe34                mmc_go_idle
                0x8010f098                mmc_send_if_cond
                0x8010f55c                sd_change_freq
                0x8010f1ec                mmc_initialize
 .text          0x8010ffdc       0xc4 drivers/mtd/nand/libnand.a(nand.o)
                0x8010ffdc                nand_init
 .text          0x801100a0     0x3f38 drivers/mtd/nand/libnand.a(nand_base.o)
                0x8011337c                nand_wait_ready
                0x801115c0                nand_scan_ident
                0x8011233c                nand_scan
                0x80112e7c                nand_erase_nand
                0x80111d54                nand_scan_tail
                0x80111558                nand_release
 .text          0x80113fd8     0x2038 drivers/mtd/nand/libnand.a(nand_bbt.o)
                0x8011420c                nand_isbad_bbt
                0x80115ef4                nand_default_bbt
                0x80114cf0                nand_update_bbt
                0x80115a28                nand_scan_bbt
 .text          0x80116010      0x224 drivers/mtd/nand/libnand.a(nand_ecc.o)
                0x80116108                nand_correct_data
                0x80116010                nand_calculate_ecc
 .text          0x80116234        0x0 drivers/mtd/nand/libnand.a(nand_ids.o)
 .text          0x80116234       0xf4 common/libcommon.a(cmd_bdinfo.o)
                0x80116234                do_bdinfo
 .text          0x80116328       0x98 common/libcommon.a(cmd_boot.o)
                0x80116348                do_go
                0x80116328                do_go_exec
 .text          0x801163c0      0xc64 common/libcommon.a(cmd_bootm.o)
                0x8011651c                do_bootd
                0x80116d94                do_bootm
                0x80116be8                do_bootm_subcommand
                0x801163c0                __arch_preboot_os
                0x801164b0                do_iminfo
 .text          0x80117024       0xe8 common/libcommon.a(cmd_console.o)
                0x80117024                do_coninfo
 .text          0x8011710c       0x80 common/libcommon.a(cmd_echo.o)
                0x8011710c                do_echo
 .text          0x8011718c       0x38 common/libcommon.a(cmd_exit.o)
                0x8011718c                do_exit
 .text          0x801171c4      0x890 common/libcommon.a(cmd_falinux.o)
 .text          0x80117a54      0x374 common/libcommon.a(cmd_fat.o)
                0x80117c44                do_fat_fsload
                0x80117a54                do_fat_fsinfo
                0x80117b34                do_fat_ls
 .text          0x80117dc8       0x74 common/libcommon.a(cmd_flash.o)
                0x80117dc8                do_flinfo
                0x80117dd8                do_protect
                0x80117dd0                do_flerase
 .text          0x80117e3c       0x54 common/libcommon.a(cmd_help.o)
                0x80117e3c                do_help
 .text          0x80117e90      0x30c common/libcommon.a(cmd_itest.o)
                0x80117efc                binary_test
                0x80118100                do_itest
 .text          0x8011819c      0xf30 common/libcommon.a(cmd_load.o)
                0x80118240                k_data_init
                0x801183d4                s1_sendpacket
                0x80118408                handle_send_packet
                0x801182bc                k_data_restore
                0x80118644                send_nack
                0x80118878                do_load_serial_bin
                0x80118308                k_data_char
                0x801181bc                chk1
                0x80118270                k_data_save
                0x8011819c                ktrans
                0x80118398                send_pad
                0x801186c4                send_ack
                0x80118fe4                do_load_serial
 .text          0x801190cc      0x9a0 common/libcommon.a(cmd_mem.o)
                0x80119178                do_mem_base
                0x801196e8                do_mem_mw
                0x801190cc                do_mem_crc
                0x80119928                do_mem_nm
                0x80119950                do_mem_mm
                0x8011946c                do_mem_cp
                0x801191c4                do_mem_mtest
                0x80119548                do_mem_cmp
                0x80119374                do_mem_loop
                0x80119978                do_mem_md
 .text          0x80119a6c       0x88 common/libcommon.a(cmd_misc.o)
                0x80119a6c                do_sleep
 .text          0x80119af4      0x454 common/libcommon.a(cmd_mmc.o)
                0x80119c3c                do_mmcops
                0x80119af4                do_mmcinfo
 .text          0x80119f48      0xfd4 common/libcommon.a(cmd_nand.o)
                0x80119fac                do_nandboot
                0x8011a690                do_nand
 .text          0x8011af1c      0x3d8 common/libcommon.a(cmd_net.o)
                0x8011b2d0                do_rarpb
                0x8011af1c                do_ping
                0x8011b2dc                do_tftpb
                0x8011b2c4                do_dhcp
                0x8011b2e8                do_bootp
                0x8011b2b8                do_nfs
 .text          0x8011b2f4      0x8a4 common/libcommon.a(cmd_nvedit.o)
                0x8011b444                getenv
                0x8011b4c0                _do_setenv
                0x8011b364                getenv_r
                0x8011bb04                do_printenv
                0x8011b950                setenv
                0x8011b2f4                get_env_id
                0x8011b410                do_saveenv
                0x8011b918                do_setenv
                0x8011b9a0                do_editenv
                0x8011b304                envmatch
 .text          0x8011bb98      0x1a4 common/libcommon.a(cmd_source.o)
                0x8011bb98                source
                0x8011bcf4                do_source
 .text          0x8011bd3c      0x48c common/libcommon.a(cmd_test.o)
                0x8011bd4c                do_test
                0x8011bd3c                do_false
                0x8011bd44                do_true
 .text          0x8011c1c8     0x11ac common/libcommon.a(cmd_usb.o)
                0x8011ccf0                usb_display_conf_desc
                0x8011c87c                usb_show_tree_graph
                0x8011c1c8                usb_get_class_desc
                0x8011c270                usb_display_ep_desc
                0x8011cae0                usb_display_desc
                0x8011c344                usb_display_class_sub
                0x8011caac                usb_show_tree
                0x8011cc18                usb_display_string
                0x8011cc58                usb_display_if_desc
                0x8011cda0                usb_display_config
                0x8011c4c4                do_usbboot
                0x8011ce30                do_usb
 .text          0x8011d374       0x28 common/libcommon.a(cmd_version.o)
                0x8011d374                do_version
 .text          0x8011d39c      0x2d8 common/libcommon.a(cmd_ximg.o)
                0x8011d39c                do_imgextract
 .text          0x8011d674      0x120 common/libcommon.a(cmd_zmac.o)
 .text          0x8011d794      0x32c common/libcommon.a(command.o)
                0x8011d874                find_cmd_tbl
                0x8011d814                cmd_usage
                0x8011d914                find_cmd
                0x8011d794                cmd_get_data_size
                0x8011d93c                _do_help
 .text          0x8011dac0      0x5a0 common/libcommon.a(console.o)
                0x8011de84                console_init_r
                0x8011dd80                printf
                0x8011dcb0                console_assign
                0x8011dfe8                getc
                0x8011dc88                search_device
                0x8011dd34                puts
                0x8011dc6c                dbg
                0x8011df74                serial_printf
                0x8011db98                ftstc
                0x8011dcf0                fprintf
                0x8011dfd0                tstc
                0x8011dd50                vprintf
                0x8011e000                ctrlc
                0x8011dfb4                putc
                0x8011dc30                disable_ctrlc
                0x8011db68                fgetc
                0x8011dc48                had_ctrlc
                0x8011dbc8                fputc
                0x8011dc78                console_init_f
                0x8011dc58                clear_ctrlc
                0x8011ddc0                stdio_print_current_devices
                0x8011dbfc                fputs
 .text          0x8011e060     0x11f4 common/libcommon.a(dlmalloc.o)
                0x8011e41c                malloc
                0x8011ebc0                pvalloc
                0x8011ec9c                calloc
                0x8011ebe4                malloc_usable_size
                0x8011ed84                mem_malloc_init
                0x8011edc4                realloc
                0x8011e0a8                malloc_trim
                0x8011e060                sbrk
                0x8011ec28                mallopt
                0x8011eaa4                memalign
                0x8011e418                cfree
                0x8011ebd8                valloc
                0x8011e1dc                free
 .text          0x8011f254      0x154 common/libcommon.a(env_common.o)
                0x8011f294                env_get_char
                0x8011f274                env_get_addr
                0x8011f304                set_default_env
                0x8011f348                env_relocate
                0x8011f2d8                env_crc_update
                0x8011f254                env_get_char_memory
 .text          0x8011f3a8      0x2ac common/libcommon.a(env_nand.o)
                0x8011f550                env_relocate_spec
                0x8011f5a8                saveenv
                0x8011f3a8                env_get_char_spec
                0x8011f3b4                env_init
                0x8011f3d0                writeenv
                0x8011f490                readenv
 .text          0x8011f654      0x194 common/libcommon.a(exports.o)
                0x8011f660                jumptable_init
                0x8011f658                get_version
 .text          0x8011f7e8     0x1ed8 common/libcommon.a(hush.o)
                0x8011fa0c                new_pipe
                0x8011f870                mapset
                0x80120d78                parse_string_outer
                0x80120618                update_ifs_map
                0x80120468                set_local_var
                0x80120d30                parse_file_outer
                0x8011f7e8                simple_itoa
                0x8011fce8                unset_local_var
                0x8011f898                do_showvar
                0x8011fec8                reserved_word
                0x8011f984                u_boot_hush_start
 .text          0x801216c0      0x964 common/libcommon.a(image.o)
                0x80121cbc                getenv_bootm_size
                0x801219fc                image_print_contents
                0x80121858                genimg_get_comp_id
                0x801218a0                genimg_get_os_id
                0x801216e4                get_table_entry_name
                0x80121800                genimg_has_config
                0x80121888                genimg_get_arch_id
                0x80121748                genimg_get_arch_name
                0x80121dac                boot_get_ramdisk
                0x80121d44                image_check_hcrc
                0x8012170c                genimg_get_os_name
                0x80121784                genimg_get_type_name
                0x801218b8                genimg_get_format
                0x801217c0                genimg_get_comp_name
                0x80121cf8                image_check_dcrc
                0x801219cc                genimg_print_size
                0x80121c50                getenv_bootm_low
                0x801217fc                genimg_get_image
                0x80121870                genimg_get_type_id
                0x801216c0                image_multi_count
                0x80121c44                memmove_wd
                0x80121808                get_table_entry_id
                0x8012190c                image_multi_getimg
                0x80121c90                getenv_yesno
 .text          0x80122024     0x10f4 common/libcommon.a(main.o)
                0x80122024                __show_boot_progress
                0x80122124                run_command
                0x801220b4                do_run
                0x80122028                parse_line
                0x80122fdc                readline
                0x80122024                show_boot_progress
                0x80122ff4                main_loop
                0x8012272c                readline_into_buffer
 .text          0x80123118      0x300 common/libcommon.a(s_record.o)
                0x801231a0                srec_decode
 .text          0x80123418      0x180 common/libcommon.a(stdio.o)
                0x80123424                stdio_clone
                0x80123418                stdio_get_list
                0x80123544                stdio_get_by_name
                0x801234b8                stdio_init
                0x80123474                stdio_register
 .text          0x80123598     0x1758 common/libcommon.a(usb.o)
                0x801240d4                usb_set_idle
                0x801235b0                usb_maxpacket
                0x801248d8                usb_hub_probe
                0x80123930                usb_stop
                0x80124c5c                usb_init
                0x80123598                usb_disable_asynch
                0x80124420                usb_clear_halt
                0x80123990                usb_bulk_msg
                0x80123ff4                usb_get_class_descriptor
                0x80124be4                usb_scan_devices
                0x80123d08                usb_get_hub_descriptor
                0x80123b38                usb_get_port_status
                0x8012392c                usb_submit_int_msg
                0x801237e0                usb_parse_config
                0x801239fc                usb_control_msg
                0x80124138                usb_set_protocol
                0x801245c0                usb_hub_port_connect_change
                0x80124200                usb_set_interface
                0x801236ec                usb_hub_allocate
                0x80123ef0                usb_string
                0x80124064                usb_get_report
                0x80124314                usb_get_descriptor
                0x801246c0                usb_hub_configure
                0x80123d68                usb_get_string
                0x80123ae8                usb_hub_clear_tt_buffer
                0x8012396c                wait_ms
                0x80123cb0                usb_clear_hub_feature
                0x80124380                usb_get_configuration_no
                0x80123c50                usb_clear_port_feature
                0x80123bf0                usb_set_port_feature
                0x80124938                usb_new_device
                0x80123b98                usb_get_hub_status
                0x80124198                usb_set_configuration
                0x8012364c                usb_set_maxpacket
                0x801242cc                usb_set_address
                0x80123738                usb_alloc_new_device
                0x801236d8                usb_hub_reset
                0x801236b0                usb_get_dev_index
 .text          0x80124cf0     0x1610 common/libcommon.a(usb_storage.o)
                0x80125100                usb_storage_probe
                0x80126090                usb_stor_CB_transport
                0x80125ae0                usb_stor_CB_comdat
                0x80125548                usb_stor_write
                0x80124cf0                usb_stor_get_dev
                0x80125760                usb_stor_read
                0x80124d38                usb_show_progress
                0x80125978                usb_stor_scan
                0x80125d10                usb_stor_BBB_comdat
                0x8012628c                usb_stor_info
                0x80124e1c                usb_stor_get_info
                0x8012532c                usb_stor_BBB_clear_endpt_stall
                0x80125fb8                usb_stor_CBI_get_status
                0x80125dec                usb_stor_BBB_transport
 .text          0x80126300      0x9a8 common/libcommon.a(xyzModem.o)
                0x80126428                xyzModem_error
                0x801264c4                xyzModem_stream_close
                0x80126520                CYGACC_COMM_IF_GETC_TIMEOUT
                0x80126300                parse_num
                0x80126574                xyzModem_stream_terminate
                0x80126b4c                xyzModem_stream_open
                0x80126518                CYGACC_COMM_IF_PUTC
                0x801268f8                xyzModem_stream_read
 .text          0x80126ca8      0x894 board/nxp2120/dtk/libdtk.a(board.o)
                0x80127524                board_eth_init
                0x80126ca8                board_init
                0x80126f48                board_late_init
 .text          0x8012753c      0x7b4 board/nxp2120/dtk/libdtk.a(logo.o)
                0x801275dc                PutPixel565To888
                0x80127660                PutPixel565To8888
                0x80127630                PutPixel888To8888
                0x80127598                PutPixel565To565
                0x801275ac                PutPixel888To888
                0x8012756c                PutPixel555To565
                0x80127988                nx_boot_logo
                0x8012753c                PutPixel888To565
 .text          0x80127cf0       0x48 lib/libgeneric.a(crc16.o)
                0x80127cf0                cyg_crc16
 .text          0x80127d38      0x114 lib/libgeneric.a(crc32.o)
                0x80127e2c                crc32
                0x80127e48                crc32_wd
                0x80127d38                crc32_no_comp
 .text          0x80127e4c        0x0 lib/libgeneric.a(ctype.o)
 .text          0x80127e4c      0x2d4 lib/libgeneric.a(display_options.o)
                0x80127fc0                print_buffer
                0x80127f98                display_options
                0x80127e4c                print_size
 .text          0x80128120      0x1c0 lib/libgeneric.a(div64.o)
                0x80128120                __div64_32
                0x80128214                div64_u64
 .text          0x801282e0      0x1dc lib/libgeneric.a(gunzip.o)
                0x801283d4                gunzip
                0x801284a4                zfree
                0x801282e0                zunzip
                0x801284ac                zalloc
 .text          0x801284bc       0x84 lib/libgeneric.a(net_utils.o)
                0x801284bc                string_to_ip
 .text          0x80128540      0x738 lib/libgeneric.a(string.o)
                0x80128540                strcpy
                0x80128b2c                memscan
                0x80128a90                memmove
                0x80128a14                memcpy
                0x80128924                strswab
                0x80128738                strnlen
                0x801286d0                strrchr
                0x80128584                strcat
                0x80128be0                memchr
                0x80128b5c                strstr
                0x80128654                strncmp
                0x8012855c                strncpy
                0x801289e8                bcopy
                0x801287e4                strtok
                0x80128aec                memcmp
                0x801285b8                strncat
                0x80128c10                strdup
                0x80128970                memset
                0x8012861c                strcmp
                0x801288bc                strsep
                0x80128760                strspn
                0x80128718                strlen
                0x801286a4                strchr
                0x801287a4                strpbrk
 .text          0x80128c78       0x30 lib/libgeneric.a(time.o)
                0x80128c78                udelay
 .text          0x80128ca8      0xea4 lib/libgeneric.a(vsprintf.o)
                0x80129464                vsprintf
                0x80128d94                ustrtoul
                0x80128d60                simple_strtol
                0x80128fc8                panic
                0x80129b2c                sprintf
                0x80128ca8                simple_strtoul
                0x80128e08                simple_strtoull
 .text          0x80129b4c     0x28bc lib/libgeneric.a(zlib.o)
                0x8012ac2c                inflate
                0x80129b4c                inflate_fast
                0x8012a840                inflateInit_
                0x8012a8e0                adler32
                0x8012ac1c                zcfree
                0x8012a690                inflateReset
                0x8012ac24                zcalloc
                0x8012a850                inflateEnd
                0x8012a72c                inflateInit2_
                0x8012a0dc                inflate_table
 .text          0x8012c408      0x2ac arch/arm/cpu/arm1176/nxp2120/libnxp2120.a(timer.o)
                0x8012c620                __udelay
                0x8012c408                set_timer
                0x8012c54c                reset_timer
                0x8012c418                get_tbclk
                0x8012c4f8                get_timer
                0x8012c518                reset_timer_masked
                0x8012c550                timer_init
                0x8012c424                get_timer_masked
                0x8012c498                udelay_masked
                0x8012c480                get_ticks
 .text          0x8012c6b4      0x190 arch/arm/cpu/arm1176/nxp2120/libnxp2120.a(nand.o)
                0x8012c6b4                nand_dev_check
                0x8012c6b8                board_nand_init
 .text          0x8012c844     0x1080 arch/arm/cpu/arm1176/nxp2120/libnxp2120.a(nand_ecc.o)
                0x8012d698                nand_hw_ecc_check
                0x8012c88c                NX_NAND_CreateLookupTable
                0x8012c99c                NX_NAND_WaitForDecoding
                0x8012c9e4                NX_NAND_GetOddSyndrome
                0x8012d074                NX_NAND_GetGenECC
                0x8012c9cc                NX_NAND_GetErrorStatus
                0x8012cfe0                NX_NAND_SetOriECC
                0x8012ca1c                NX_NAND_GetErrorLocation
                0x8012c9b4                NX_NAND_WaitForEncoding
                0x8012d62c                nand_hw_ecc_init
                0x8012c96c                NX_NAND_SetResetECC
 .text          0x8012d8c4      0x15c arch/arm/lib/libarm.a(bootm.o)
                0x8012d8c4                do_bootm_linux
 .text          0x8012da20        0x4 arch/arm/lib/libarm.a(cache.o)
                0x8012da20                flush_cache
 .text          0x8012da24       0x38 arch/arm/lib/libarm.a(reset.o)
                0x8012da24                do_reset
 .text          0x8012da5c     0x1484 fs/fat/libfat.a(fat.o)
                0x8012ed74                file_fat_read
                0x8012e2e0                do_fat_read
                0x8012edac                file_fat_ls
                0x8012e180                file_fat_detectfs
                0x8012edbc                fat_register_device
 .text          0x8012eee0      0x39c disk/libdisk.a(part.o)
                0x8012efc8                dev_print
                0x8012eee0                print_part
                0x8012f21c                get_dev
                0x8012f1d4                get_partition_info
                0x8012f200                init_part
 .text          0x8012f27c      0x568 disk/libdisk.a(part_dos.o)
                0x8012f554                get_partition_info_dos
                0x8012f7b8                print_part_dos
                0x8012f27c                test_part_dos
 .text          0x8012f7e4      0x940 drivers/mtd/nand/libnand.a(nand_util.o)
                0x8012facc                nand_write_skip_bad
                0x8012f7ec                nand_read_skip_bad
                0x8012fdac                nand_erase_opts
 .text          0x80130124      0x9f8 drivers/net/libnet.a(dm9000x.o)
                0x801308e8                dm9000_write_srom_word
                0x801309b4                dm9000_initialize
                0x80130950                dm9000_read_srom_word
 .text          0x80130b1c      0xca0 drivers/usb/host/libusb_host.a(ehci-hcd.o)
                0x8013122c                usb_lowlevel_stop
                0x80131230                ehci_submit_root
                0x80130b1c                submit_int_msg
                0x8013101c                submit_bulk_msg
                0x80131754                submit_control_msg
                0x80131048                usb_lowlevel_init
 .text          0x801317bc      0x158 drivers/usb/host/libusb_host.a(ehci-nxp2120.o)
                0x801317bc                ehci_hcd_stop
                0x801317c4                ehci_hcd_init
 .text          0x80131914       0x2c arch/arm/cpu/arm1176/libarm1176.a(cpu.o)
                0x80131914                cleanup_before_linux
 .text          0x80131940      0x120 arch/arm/lib/libarm.a(cache-cp15.o)
                0x801319d0                dcache_enable
                0x80131940                icache_enable
                0x80131980                icache_disable
                0x80131a50                dcache_status
                0x801319c0                icache_status
                0x80131a10                dcache_disable
 .text          0x80131a60       0x28 /staff/I15-0248_webcon_u-boot/bootloader/arch/arm/lib/eabi_compat.o
                0x80131a60                __aeabi_unwind_cpp_pr0
                0x80131a64                raise
 .text          0x80131a88       0xc4 /usr/lib/gcc/arm-generic-linux-gnueabi/4.3.2/libgcc.a(_udivsi3.o)
                0x80131a88                __udivsi3
                0x80131a88                __aeabi_uidiv
                0x80131b34                __aeabi_uidivmod
 .text          0x80131b4c       0xf4 /usr/lib/gcc/arm-generic-linux-gnueabi/4.3.2/libgcc.a(_divsi3.o)
                0x80131b4c                __aeabi_idiv
                0x80131b4c                __divsi3
                0x80131c28                __aeabi_idivmod
 .text          0x80131c40       0x1c /usr/lib/gcc/arm-generic-linux-gnueabi/4.3.2/libgcc.a(_lshrdi3.o)
                0x80131c40                __aeabi_llsr
                0x80131c40                __lshrdi3
 .text          0x80131c5c       0x1c /usr/lib/gcc/arm-generic-linux-gnueabi/4.3.2/libgcc.a(_ashrdi3.o)
                0x80131c5c                __ashrdi3
                0x80131c5c                __aeabi_lasr
 .text          0x80131c78       0x1c /usr/lib/gcc/arm-generic-linux-gnueabi/4.3.2/libgcc.a(_ashldi3.o)
                0x80131c78                __ashldi3
                0x80131c78                __aeabi_llsl
 .text          0x80131c94       0x10 /usr/lib/gcc/arm-generic-linux-gnueabi/4.3.2/libgcc.a(_dvmd_lnx.o)
                0x80131c94                __div0

.glue_7         0x80131ca4        0x0
 .glue_7        0x80131ca4        0x0 arch/arm/cpu/arm1176/start.o
 .glue_7        0x80131ca4        0x0 arch/arm/cpu/arm1176/nxp2120/libnxp2120.a(cpu.o)
 .glue_7        0x80131ca4        0x0 arch/arm/cpu/arm1176/nxp2120/libnxp2120.a(nxp2120.o)
 .glue_7        0x80131ca4        0x0 arch/arm/cpu/arm1176/nxp2120/libnxp2120.a(wakeup.o)
 .glue_7        0x80131ca4        0x0 arch/arm/cpu/arm1176/nxp2120/libnxp2120.a(pm.o)
 .glue_7        0x80131ca4        0x0 arch/arm/cpu/arm1176/nxp2120/libnxp2120.a(serial.o)
 .glue_7        0x80131ca4        0x0 arch/arm/cpu/arm1176/nxp2120/libnxp2120.a(sdhc.o)
 .glue_7        0x80131ca4        0x0 arch/arm/cpu/arm1176/nxp2120/libnxp2120.a(cmd.o)
 .glue_7        0x80131ca4        0x0 arch/arm/cpu/arm1176/nxp2120/libnxp2120.a(cmd_udown.o)
 .glue_7        0x80131ca4        0x0 arch/arm/cpu/arm1176/nxp2120/libnxp2120.a(BootHeader.o)
 .glue_7        0x80131ca4        0x0 arch/arm/cpu/arm1176/nxp2120/libnxp2120.a(nx_alive.o)
 .glue_7        0x80131ca4        0x0 arch/arm/cpu/arm1176/nxp2120/libnxp2120.a(nx_clkpwr.o)
 .glue_7        0x80131ca4        0x0 arch/arm/cpu/arm1176/nxp2120/libnxp2120.a(nx_dpc.o)
 .glue_7        0x80131ca4        0x0 arch/arm/cpu/arm1176/nxp2120/libnxp2120.a(nx_gpio.o)
 .glue_7        0x80131ca4        0x0 arch/arm/cpu/arm1176/nxp2120/libnxp2120.a(nx_intc.o)
 .glue_7        0x80131ca4        0x0 arch/arm/cpu/arm1176/nxp2120/libnxp2120.a(nx_mcud.o)
 .glue_7        0x80131ca4        0x0 arch/arm/cpu/arm1176/nxp2120/libnxp2120.a(nx_mcus.o)
 .glue_7        0x80131ca4        0x0 arch/arm/cpu/arm1176/nxp2120/libnxp2120.a(nx_mlc.o)
 .glue_7        0x80131ca4        0x0 arch/arm/cpu/arm1176/nxp2120/libnxp2120.a(nx_pwm.o)
 .glue_7        0x80131ca4        0x0 arch/arm/cpu/arm1176/nxp2120/libnxp2120.a(nx_sdhc.o)
 .glue_7        0x80131ca4        0x0 arch/arm/cpu/arm1176/nxp2120/libnxp2120.a(nx_timer.o)
 .glue_7        0x80131ca4        0x0 arch/arm/cpu/arm1176/nxp2120/libnxp2120.a(nx_uart.o)
 .glue_7        0x80131ca4        0x0 arch/arm/cpu/arm1176/nxp2120/libnxp2120.a(reset.o)
 .glue_7        0x80131ca4        0x0 arch/arm/lib/libarm.a(board.o)
 .glue_7        0x80131ca4        0x0 arch/arm/lib/libarm.a(interrupts.o)
 .glue_7        0x80131ca4        0x0 net/libnet.a(eth.o)
 .glue_7        0x80131ca4        0x0 net/libnet.a(net.o)
 .glue_7        0x80131ca4        0x0 net/libnet.a(nfs.o)
 .glue_7        0x80131ca4        0x0 net/libnet.a(rarp.o)
 .glue_7        0x80131ca4        0x0 net/libnet.a(tftp.o)
 .glue_7        0x80131ca4        0x0 net/libnet.a(bootp.o)
 .glue_7        0x80131ca4        0x0 drivers/mmc/libmmc.a(mmc.o)
 .glue_7        0x80131ca4        0x0 drivers/mtd/nand/libnand.a(nand.o)
 .glue_7        0x80131ca4        0x0 drivers/mtd/nand/libnand.a(nand_base.o)
 .glue_7        0x80131ca4        0x0 drivers/mtd/nand/libnand.a(nand_bbt.o)
 .glue_7        0x80131ca4        0x0 drivers/mtd/nand/libnand.a(nand_ecc.o)
 .glue_7        0x80131ca4        0x0 drivers/mtd/nand/libnand.a(nand_ids.o)
 .glue_7        0x80131ca4        0x0 common/libcommon.a(cmd_bdinfo.o)
 .glue_7        0x80131ca4        0x0 common/libcommon.a(cmd_boot.o)
 .glue_7        0x80131ca4        0x0 common/libcommon.a(cmd_bootm.o)
 .glue_7        0x80131ca4        0x0 common/libcommon.a(cmd_console.o)
 .glue_7        0x80131ca4        0x0 common/libcommon.a(cmd_echo.o)
 .glue_7        0x80131ca4        0x0 common/libcommon.a(cmd_exit.o)
 .glue_7        0x80131ca4        0x0 common/libcommon.a(cmd_falinux.o)
 .glue_7        0x80131ca4        0x0 common/libcommon.a(cmd_fat.o)
 .glue_7        0x80131ca4        0x0 common/libcommon.a(cmd_flash.o)
 .glue_7        0x80131ca4        0x0 common/libcommon.a(cmd_help.o)
 .glue_7        0x80131ca4        0x0 common/libcommon.a(cmd_itest.o)
 .glue_7        0x80131ca4        0x0 common/libcommon.a(cmd_load.o)
 .glue_7        0x80131ca4        0x0 common/libcommon.a(cmd_mem.o)
 .glue_7        0x80131ca4        0x0 common/libcommon.a(cmd_misc.o)
 .glue_7        0x80131ca4        0x0 common/libcommon.a(cmd_mmc.o)
 .glue_7        0x80131ca4        0x0 common/libcommon.a(cmd_nand.o)
 .glue_7        0x80131ca4        0x0 common/libcommon.a(cmd_net.o)
 .glue_7        0x80131ca4        0x0 common/libcommon.a(cmd_nvedit.o)
 .glue_7        0x80131ca4        0x0 common/libcommon.a(cmd_source.o)
 .glue_7        0x80131ca4        0x0 common/libcommon.a(cmd_test.o)
 .glue_7        0x80131ca4        0x0 common/libcommon.a(cmd_usb.o)
 .glue_7        0x80131ca4        0x0 common/libcommon.a(cmd_version.o)
 .glue_7        0x80131ca4        0x0 common/libcommon.a(cmd_ximg.o)
 .glue_7        0x80131ca4        0x0 common/libcommon.a(cmd_zmac.o)
 .glue_7        0x80131ca4        0x0 common/libcommon.a(command.o)
 .glue_7        0x80131ca4        0x0 common/libcommon.a(console.o)
 .glue_7        0x80131ca4        0x0 common/libcommon.a(dlmalloc.o)
 .glue_7        0x80131ca4        0x0 common/libcommon.a(env_common.o)
 .glue_7        0x80131ca4        0x0 common/libcommon.a(env_nand.o)
 .glue_7        0x80131ca4        0x0 common/libcommon.a(exports.o)
 .glue_7        0x80131ca4        0x0 common/libcommon.a(hush.o)
 .glue_7        0x80131ca4        0x0 common/libcommon.a(image.o)
 .glue_7        0x80131ca4        0x0 common/libcommon.a(main.o)
 .glue_7        0x80131ca4        0x0 common/libcommon.a(s_record.o)
 .glue_7        0x80131ca4        0x0 common/libcommon.a(stdio.o)
 .glue_7        0x80131ca4        0x0 common/libcommon.a(usb.o)
 .glue_7        0x80131ca4        0x0 common/libcommon.a(usb_storage.o)
 .glue_7        0x80131ca4        0x0 common/libcommon.a(xyzModem.o)
 .glue_7        0x80131ca4        0x0 board/nxp2120/dtk/libdtk.a(board.o)
 .glue_7        0x80131ca4        0x0 board/nxp2120/dtk/libdtk.a(logo.o)
 .glue_7        0x80131ca4        0x0 lib/libgeneric.a(crc16.o)
 .glue_7        0x80131ca4        0x0 lib/libgeneric.a(crc32.o)
 .glue_7        0x80131ca4        0x0 lib/libgeneric.a(ctype.o)
 .glue_7        0x80131ca4        0x0 lib/libgeneric.a(display_options.o)
 .glue_7        0x80131ca4        0x0 lib/libgeneric.a(div64.o)
 .glue_7        0x80131ca4        0x0 lib/libgeneric.a(gunzip.o)
 .glue_7        0x80131ca4        0x0 lib/libgeneric.a(net_utils.o)
 .glue_7        0x80131ca4        0x0 lib/libgeneric.a(string.o)
 .glue_7        0x80131ca4        0x0 lib/libgeneric.a(time.o)
 .glue_7        0x80131ca4        0x0 lib/libgeneric.a(vsprintf.o)
 .glue_7        0x80131ca4        0x0 lib/libgeneric.a(zlib.o)
 .glue_7        0x80131ca4        0x0 arch/arm/cpu/arm1176/nxp2120/libnxp2120.a(timer.o)
 .glue_7        0x80131ca4        0x0 arch/arm/cpu/arm1176/nxp2120/libnxp2120.a(nand.o)
 .glue_7        0x80131ca4        0x0 arch/arm/cpu/arm1176/nxp2120/libnxp2120.a(nand_ecc.o)
 .glue_7        0x80131ca4        0x0 arch/arm/lib/libarm.a(bootm.o)
 .glue_7        0x80131ca4        0x0 arch/arm/lib/libarm.a(cache.o)
 .glue_7        0x80131ca4        0x0 arch/arm/lib/libarm.a(reset.o)
 .glue_7        0x80131ca4        0x0 fs/fat/libfat.a(fat.o)
 .glue_7        0x80131ca4        0x0 disk/libdisk.a(part.o)
 .glue_7        0x80131ca4        0x0 disk/libdisk.a(part_dos.o)
 .glue_7        0x80131ca4        0x0 drivers/mtd/nand/libnand.a(nand_util.o)
 .glue_7        0x80131ca4        0x0 drivers/net/libnet.a(dm9000x.o)