Archive member included because of file (symbol)

arch/arm/cpu/arm1176/nxp2120/libnxp2120.a(cpu.o)
                              arch/arm/cpu/arm1176/start.o (lowlevel_init)
arch/arm/cpu/arm1176/nxp2120/libnxp2120.a(nxp2120.o)
                              arch/arm/cpu/arm1176/nxp2120/libnxp2120.a(cpu.o) (cpu_mach_init)
arch/arm/cpu/arm1176/nxp2120/libnxp2120.a(wakeup.o)
                              arch/arm/cpu/arm1176/nxp2120/libnxp2120.a(cpu.o) (cpu_mach_wakeup)
arch/arm/cpu/arm1176/nxp2120/libnxp2120.a(pm.o)
                              arch/arm/cpu/arm1176/nxp2120/libnxp2120.a(wakeup.o) (asm_cpu_wakeup)
arch/arm/cpu/arm1176/nxp2120/libnxp2120.a(serial.o)
                              arch/arm/cpu/arm1176/nxp2120/libnxp2120.a(wakeup.o) (serial_init)
arch/arm/cpu/arm1176/nxp2120/libnxp2120.a(sdhc.o)
                              arch/arm/cpu/arm1176/nxp2120/libnxp2120.a(cpu.o) (sdhc_arch_init)
arch/arm/cpu/arm1176/nxp2120/libnxp2120.a(cmd.o)
                              (__u_boot_cmd_info)
arch/arm/cpu/arm1176/nxp2120/libnxp2120.a(cmd_udown.o)
                              (__u_boot_cmd_udown)
arch/arm/cpu/arm1176/nxp2120/libnxp2120.a(BootHeader.o)
                              arch/arm/cpu/arm1176/nxp2120/libnxp2120.a(cmd_udown.o) (ProcessBootHeader)
arch/arm/cpu/arm1176/nxp2120/libnxp2120.a(nx_alive.o)
                              arch/arm/cpu/arm1176/nxp2120/libnxp2120.a(nxp2120.o) (NX_ALIVE_Initialize)
arch/arm/cpu/arm1176/nxp2120/libnxp2120.a(nx_clkpwr.o)
                              arch/arm/cpu/arm1176/nxp2120/libnxp2120.a(nxp2120.o) (NX_CLKPWR_Initialize)
arch/arm/cpu/arm1176/nxp2120/libnxp2120.a(nx_dpc.o)
                              arch/arm/cpu/arm1176/nxp2120/libnxp2120.a(nxp2120.o) (NX_DPC_Initialize)
arch/arm/cpu/arm1176/nxp2120/libnxp2120.a(nx_gpio.o)
                              arch/arm/cpu/arm1176/nxp2120/libnxp2120.a(nxp2120.o) (NX_GPIO_Initialize)
arch/arm/cpu/arm1176/nxp2120/libnxp2120.a(nx_intc.o)
                              arch/arm/cpu/arm1176/nxp2120/libnxp2120.a(nxp2120.o) (NX_INTC_Initialize)
arch/arm/cpu/arm1176/nxp2120/libnxp2120.a(nx_mcud.o)
                              arch/arm/cpu/arm1176/nxp2120/libnxp2120.a(nxp2120.o) (NX_MCUD_Initialize)
arch/arm/cpu/arm1176/nxp2120/libnxp2120.a(nx_mcus.o)
                              arch/arm/cpu/arm1176/nxp2120/libnxp2120.a(nxp2120.o) (NX_MCUS_Initialize)
arch/arm/cpu/arm1176/nxp2120/libnxp2120.a(nx_mlc.o)
                              arch/arm/cpu/arm1176/nxp2120/libnxp2120.a(nxp2120.o) (NX_MLC_Initialize)
arch/arm/cpu/arm1176/nxp2120/libnxp2120.a(nx_pwm.o)
                              arch/arm/cpu/arm1176/nxp2120/libnxp2120.a(nxp2120.o) (NX_PWM_Initialize)
arch/arm/cpu/arm1176/nxp2120/libnxp2120.a(nx_sdhc.o)
                              arch/arm/cpu/arm1176/nxp2120/libnxp2120.a(sdhc.o) (NX_SDHC_Initialize)
arch/arm/cpu/arm1176/nxp2120/libnxp2120.a(nx_timer.o)
                              arch/arm/cpu/arm1176/nxp2120/libnxp2120.a(nxp2120.o) (NX_TIMER_Initialize)
arch/arm/cpu/arm1176/nxp2120/libnxp2120.a(nx_uart.o)
                              arch/arm/cpu/arm1176/nxp2120/libnxp2120.a(serial.o) (NX_UART_Initialize)
arch/arm/cpu/arm1176/nxp2120/libnxp2120.a(reset.o)
                              arch/arm/cpu/arm1176/nxp2120/libnxp2120.a(wakeup.o) (reset_cpu)
arch/arm/lib/libarm.a(board.o)
                              arch/arm/cpu/arm1176/start.o (start_armboot)
arch/arm/lib/libarm.a(interrupts.o)
                              arch/arm/lib/libarm.a(board.o) (enable_interrupts)
net/libnet.a(eth.o)           arch/arm/lib/libarm.a(board.o) (eth_initialize)
net/libnet.a(net.o)           arch/arm/lib/libarm.a(board.o) (copy_filename)
net/libnet.a(nfs.o)           net/libnet.a(net.o) (NfsStart)
net/libnet.a(rarp.o)          net/libnet.a(net.o) (RarpRequest)
net/libnet.a(tftp.o)          net/libnet.a(net.o) (TftpStart)
net/libnet.a(bootp.o)         net/libnet.a(net.o) (BootpRequest)
drivers/mmc/libmmc.a(mmc.o)   arch/arm/cpu/arm1176/nxp2120/libnxp2120.a(sdhc.o) (mmc_register)
drivers/mtd/nand/libnand.a(nand.o)
                              arch/arm/lib/libarm.a(board.o) (nand_init)
drivers/mtd/nand/libnand.a(nand_base.o)
                              drivers/mtd/nand/libnand.a(nand.o) (nand_scan)
drivers/mtd/nand/libnand.a(nand_bbt.o)
                              drivers/mtd/nand/libnand.a(nand_base.o) (nand_update_bbt)
drivers/mtd/nand/libnand.a(nand_ecc.o)
                              drivers/mtd/nand/libnand.a(nand_base.o) (nand_calculate_ecc)
drivers/mtd/nand/libnand.a(nand_ids.o)
                              drivers/mtd/nand/libnand.a(nand_base.o) (nand_manuf_ids)
common/libcommon.a(cmd_bdinfo.o)
                              (__u_boot_cmd_bdinfo)
common/libcommon.a(cmd_boot.o)
                              (__u_boot_cmd_reset)
common/libcommon.a(cmd_bootm.o)
                              (__u_boot_cmd_iminfo)
common/libcommon.a(cmd_console.o)
                              (__u_boot_cmd_coninfo)
[...]
Memory Configuration

Name             Origin             Length             Attributes
*default*        0x00000000         0xffffffff

Linker script and memory map

                0x00000000                . = 0x0
                0x00000000                . = ALIGN (0x4)

.text           0x80100000    0x2f3d4
 arch/arm/cpu/arm1176/start.o(.text)
 .text          0x80100000      0x3c0 arch/arm/cpu/arm1176/start.o
                0x80100000                _start
                0x80100044                _armboot_start
                0x80100048                _bss_start
                0x8010004c                _bss_end
 *(.text)
 .text          0x801003c0       0xd8 arch/arm/cpu/arm1176/nxp2120/libnxp2120.a(cpu.o)
                0x801003c0                lowlevel_init
                0x801003cc                arch_cpu_init
                0x80100400                print_cpuinfo
                0x80100468                dram_init
                0x8010048c                arch_misc_init
                0x80100494                arch_preboot_os
 .text          0x80100498      0xa30 arch/arm/cpu/arm1176/nxp2120/libnxp2120.a(nxp2120.o)
                0x80100498                mem_cfg_info
                0x80100738                cpu_cfg_info
                0x80100a34                cpu_get_clock_hz
                0x80100b7c                cpu_mach_init
                0x80100eac                cpu_stat_info
 .text          0x80100ec8       0xfc arch/arm/cpu/arm1176/nxp2120/libnxp2120.a(wakeup.o)
                0x80100ec8                cpu_mach_wakeup
 .text          0x80100fc4      0x184 arch/arm/cpu/arm1176/nxp2120/libnxp2120.a(pm.o)
                0x80100fc4                goto_wakeup_asm
                0x8010106c                asm_cpu_wakeup
 .text          0x80101148      0x29c arch/arm/cpu/arm1176/nxp2120/libnxp2120.a(serial.o)
                0x80101170                serial_init
                0x80101320                serial_putc
                0x80101364                serial_tstc
                0x80101380                serial_getc
                0x801013c0                serial_puts
                0x801013e0                serial_setbrg
 .text          0x801013e4      0xc6c arch/arm/cpu/arm1176/nxp2120/libnxp2120.a(sdhc.o)
                0x80101da4                sdhc_arch_init
                0x80101f98                board_mmc_init
 .text          0x80102050      0x2ac arch/arm/cpu/arm1176/nxp2120/libnxp2120.a(cmd.o)
                0x80102050                do_zimage
                0x801021a8                do_info
 .text          0x801022fc      0x5d0 arch/arm/cpu/arm1176/nxp2120/libnxp2120.a(cmd_udown.o)
                0x80102344                iUSBBOOT
                0x8010284c                do_usbdown
 .text          0x801028cc      0x1d0 arch/arm/cpu/arm1176/nxp2120/libnxp2120.a(BootHeader.o)
                0x801028cc                MemoryInitWithRstCfg
                0x80102a50                ProcessBootHeader
 .text          0x80102a9c      0x5f8 arch/arm/cpu/arm1176/nxp2120/libnxp2120.a(nx_alive.o)
                0x80102a9c                NX_ALIVE_Initialize
                0x80102ac0                NX_ALIVE_GetNumberOfModule
                0x80102ac8                NX_ALIVE_GetPhysicalAddress
                0x80102ad4                NX_ALIVE_GetSizeOfRegisterSet
                0x80102adc                NX_ALIVE_SetBaseAddress
                0x80102aec                NX_ALIVE_GetBaseAddress
                0x80102afc                NX_ALIVE_OpenModule
                0x80102b04                NX_ALIVE_CloseModule
                0x80102b0c                NX_ALIVE_CheckBusy
                0x80102b14                NX_ALIVE_CanPowerDown
                0x80102b1c                NX_ALIVE_GetInterruptNumber
                0x80102b24                NX_ALIVE_SetInterruptEnable
                0x80102b48                NX_ALIVE_GetInterruptEnable
                0x80102b64                NX_ALIVE_SetInterruptEnable32
                0x80102b88                NX_ALIVE_GetInterruptEnable32
                0x80102ba0                NX_ALIVE_GetInterruptPending
                0x80102bbc                NX_ALIVE_GetInterruptPending32
                0x80102bd4                NX_ALIVE_ClearInterruptPending
                0x80102bf0                NX_ALIVE_ClearInterruptPending32
                0x80102c08                NX_ALIVE_SetInterruptEnableAll
                0x80102c28                NX_ALIVE_GetInterruptEnableAll
                0x80102c44                NX_ALIVE_GetInterruptPendingAll
                0x80102c60                NX_ALIVE_ClearInterruptPendingAll
                0x80102c78                NX_ALIVE_GetInterruptPendingNumber
                0x80102cc8                NX_ALIVE_SetWriteEnable
                0x80102cdc                NX_ALIVE_GetWriteEnable
                0x80102cf4                NX_ALIVE_SetScratchReg
                0x80102d10                NX_ALIVE_GetScratchReg
                0x80102d24                NX_ALIVE_SetPullUpEnable
                0x80102d48                NX_ALIVE_GetPullUpEnable
                0x80102d64                NX_ALIVE_SetPadRetentionEnable
                0x80102d8c                NX_ALIVE_GetPadRetentionEnable
                0x80102dac                NX_ALIVE_SetPadRetentionHold
                0x80102dd4                NX_ALIVE_GetPadRetentionHold
                0x80102df4                NX_ALIVE_SetDetectEnable
                0x80102e18                NX_ALIVE_GetDetectEnable
                0x80102e34                NX_ALIVE_SetDetectMode
                0x80102ef4                NX_ALIVE_GetDetectMode
                0x80102f8c                NX_ALIVE_GetVDDPWRTOGGLE
                0x80102fa8                NX_ALIVE_SetOutputEnable
                0x80102fcc                NX_ALIVE_GetOutputEnable
                0x80102fe8                NX_ALIVE_SetOutputValue
                0x8010300c                NX_ALIVE_GetOutputValue
                0x80103028                NX_ALIVE_SetVDDPWRON
                0x8010305c                NX_ALIVE_GetVDDPWRON
                0x80103074                NX_ALIVE_GetVDDPWRON_DDR
 .text          0x80103094      0x770 arch/arm/cpu/arm1176/nxp2120/libnxp2120.a(nx_clkpwr.o)
                0x80103094                NX_CLKPWR_Initialize
                0x801030b8                NX_CLKPWR_GetNumberOfModule
                0x801030c0                NX_CLKPWR_GetPhysicalAddress
                0x801030cc                NX_CLKPWR_GetSizeOfRegisterSet
                0x801030d4                NX_CLKPWR_SetBaseAddress
                0x801030e4                NX_CLKPWR_GetBaseAddress
                0x801030f4                NX_CLKPWR_OpenModule
                0x801030fc                NX_CLKPWR_CloseModule
                0x80103104                NX_CLKPWR_GetInterruptNumber
                0x8010310c                NX_CLKPWR_SetInterruptEnable
                0x80103154                NX_CLKPWR_GetInterruptEnable
                0x80103184                NX_CLKPWR_SetInterruptEnable32
                0x801031ac                NX_CLKPWR_GetInterruptEnable32
                0x801031d4                NX_CLKPWR_GetInterruptPending
                0x80103204                NX_CLKPWR_GetInterruptPending32
                0x8010322c                NX_CLKPWR_ClearInterruptPending
                0x80103258                NX_CLKPWR_ClearInterruptPending32
                0x80103280                NX_CLKPWR_SetInterruptEnableAll
                0x801032b0                NX_CLKPWR_GetInterruptEnableAll
                0x801032e0                NX_CLKPWR_GetInterruptPendingAll
                0x80103310                NX_CLKPWR_ClearInterruptPendingAll
                0x80103334                NX_CLKPWR_GetInterruptPendingNumber
                0x80103380                NX_CLKPWR_SetPLLPMS
                0x801033a0                NX_CLKPWR_SetPLLPowerOn
                0x801033c4                NX_CLKPWR_DoPLLChange
                0x801033e0                NX_CLKPWR_IsPLLStable
                0x80103400                NX_CLKPWR_CanPowerDown
                0x80103414                NX_CLKPWR_CheckBusy
                0x80103428                NX_CLKPWR_SetClockCPU
                0x8010344c                NX_CLKPWR_SetClockMCLK
                0x80103478                NX_CLKPWR_SetCPUBUSSyncMode
                0x8010349c                NX_CLKPWR_GetCPUBUSSyncMode
                0x801034b8                NX_CLKPWR_SetRTCWakeUpEnable
                0x801034d8                NX_CLKPWR_GetRTCWakeUpEnable
                0x801034f4                NX_CLKPWR_SetALIVEGPIOWakeupEnable
                0x80103518                NX_CLKPWR_GetALIVEGPIOWakeupEnable
                0x80103534                NX_CLKPWR_SetALIVEGPIOWakeUpRiseEdgeDetectEnable
                0x80103558                NX_CLKPWR_GetALIVEGPIOWakeUpRiseEdgeDetectEnable
                0x80103574                NX_CLKPWR_SetALIVEGPIOWakeUpFallEdgeDetectEnable
                0x80103598                NX_CLKPWR_GetALIVEGPIOWakeUpFallEdgeDetectEnable
                0x801035b4                NX_CLKPWR_SetSoftwareResetEnable
                0x801035d4                NX_CLKPWR_GetSoftwareResetEnable
                0x801035f4                NX_CLKPWR_DoSoftwareReset
                0x8010360c                NX_CLKPWR_SetALIVEGPIOResetEnable
                0x80103630                NX_CLKPWR_GetALIVEGPIOResetEnable
                0x8010364c                NX_CLKPWR_GetResetStatus
                0x80103664                NX_CLKPWR_GoStopMode
                0x8010367c                NX_CLKPWR_GoIdleMode
                0x80103694                NX_CLKPWR_GetLastPowerMode
                0x801036ac                NX_CLKPWR_SetScratchPad
                0x801036c4                NX_CLKPWR_GetScratchPad
                0x801036dc                NX_CLKPWR_GetSystemResetConfiguration
                0x801036f0                NX_CLKPWR_SetGPIOPadStrength
                0x80103750                NX_CLKPWR_GetGPIOPadStrength
                0x80103798                NX_CLKPWR_SetBusPadStrength
                0x801037d8                NX_CLKPWR_GetBusPadStrength
 .text          0x80103804      0xdbc arch/arm/cpu/arm1176/nxp2120/libnxp2120.a(nx_dpc.o)
                0x80103804                NX_DPC_Initialize
                0x80103828                NX_DPC_GetNumberOfModule
                0x80103830                NX_DPC_GetPhysicalAddress
                0x80103840                NX_DPC_GetSizeOfRegisterSet
                0x80103848                NX_DPC_SetBaseAddress
                0x8010385c                NX_DPC_GetBaseAddress
                0x80103870                NX_DPC_OpenModule
                0x80103878                NX_DPC_CloseModule
                0x80103880                NX_DPC_CheckBusy
                0x80103888                NX_DPC_CanPowerDown
                0x80103890                NX_DPC_GetInterruptNumber
                0x80103898                NX_DPC_SetInterruptEnable
                0x801038c4                NX_DPC_GetInterruptEnable
                0x801038e4                NX_DPC_SetInterruptEnable32
                0x8010390c                NX_DPC_GetInterruptEnable32
                0x8010392c                NX_DPC_GetInterruptPending
                0x8010394c                NX_DPC_GetInterruptPending32
                0x8010396c                NX_DPC_ClearInterruptPending
                0x8010398c                NX_DPC_ClearInterruptPending32
                0x801039b4                NX_DPC_SetInterruptEnableAll
                0x801039e0                NX_DPC_GetInterruptEnableAll
                0x80103a00                NX_DPC_GetInterruptPendingAll
                0x80103a20                NX_DPC_ClearInterruptPendingAll
                0x80103a40                NX_DPC_GetInterruptPendingNumber
                0x80103a78                NX_DPC_SetClockPClkMode
                0x80103aa8                NX_DPC_GetClockPClkMode
                0x80103acc                NX_DPC_SetClockSource
                0x80103af4                NX_DPC_GetClockSource
                0x80103b18                NX_DPC_SetClockDivisor
                0x80103b48                NX_DPC_GetClockDivisor
                0x80103b78                NX_DPC_SetClockOutInv
                0x80103ba0                NX_DPC_GetClockOutInv
                0x80103bc4                NX_DPC_SetClockOutSelect
                0x80103bf0                NX_DPC_GetClockOutSelect
                0x80103c14                NX_DPC_SetClockPolarity
                0x80103c3c                NX_DPC_GetClockPolarity
                0x80103c60                NX_DPC_SetClockOutEnb
                0x80103c8c                NX_DPC_GetClockOutEnb
                0x80103cb4                NX_DPC_SetClockOutDelay
                0x80103ce8                NX_DPC_GetClockOutDelay
                0x80103d08                NX_DPC_SetClockDivisorEnable
                0x80103d2c                NX_DPC_GetClockDivisorEnable
                0x80103d4c                NX_DPC_SetDPCEnable
                0x80103d78                NX_DPC_GetDPCEnable
                0x80103d94                NX_DPC_SetDelay
                0x80103dec                NX_DPC_GetDelay
                0x80103e60                NX_DPC_SetDither
                0x80103e94                NX_DPC_GetDither
                0x80103ed8                NX_DPC_SetMode
                0x80103ff0                NX_DPC_GetMode
                0x80104138                NX_DPC_SetHSync
                0x801041d8                NX_DPC_GetHSync
                0x80104254                NX_DPC_SetVSync
                0x80104368                NX_DPC_GetVSync
                0x8010444c                NX_DPC_SetVSyncOffset
                0x80104494                NX_DPC_GetVSyncOffset
                0x801044f0                NX_DPC_SetHorizontalUpScaler
                0x80104550                NX_DPC_GetHorizontalUpScaler
 .text          0x801045c0      0x4c4 arch/arm/cpu/arm1176/nxp2120/libnxp2120.a(nx_gpio.o)
                0x801045c0                NX_GPIO_SetBit
                0x801045d8                NX_GPIO_GetBit
                0x801045e4                NX_GPIO_SetBit2
                0x80104600                NX_GPIO_GetBit2
                0x80104610                NX_GPIO_Initialize
                0x8010463c                NX_GPIO_GetNumberOfModule
                0x80104644                NX_GPIO_GetPhysicalAddress
                0x80104654                NX_GPIO_GetSizeOfRegisterSet
                0x8010465c                NX_GPIO_SetBaseAddress
                0x80104670                NX_GPIO_GetBaseAddress
                0x80104684                NX_GPIO_OpenModule
                0x8010468c                NX_GPIO_CloseModule
                0x80104694                NX_GPIO_CheckBusy
                0x8010469c                NX_GPIO_CanPowerDown
                0x801046a4                NX_GPIO_GetInterruptNumber
                0x801046ac                NX_GPIO_GetInterruptEnable
                0x801046cc                NX_GPIO_SetInterruptEnable32
                0x801046f8                NX_GPIO_GetInterruptEnable32
                0x80104720                NX_GPIO_GetInterruptPending
                0x80104740                NX_GPIO_GetInterruptPending32
                0x80104768                NX_GPIO_ClearInterruptPending
                0x80104788                NX_GPIO_ClearInterruptPending32
                0x801047b0                NX_GPIO_SetInterruptEnableAll
                0x801047d0                NX_GPIO_GetInterruptEnableAll
                0x801047f0                NX_GPIO_GetInterruptPendingAll
                0x80104810                NX_GPIO_ClearInterruptPendingAll
                0x8010482c                NX_GPIO_GetInterruptPendingNumber
                0x8010486c                NX_GPIO_SetInterruptMode
                0x80104890                NX_GPIO_GetInterruptMode
                0x801048c0                NX_GPIO_SetOutputEnable
                0x801048d8                NX_GPIO_GetDetectEnable
                0x801048f8                NX_GPIO_GetDetectEnable32
                0x80104910                NX_GPIO_SetDetectEnable
                0x80104928                NX_GPIO_SetInterruptEnable
                0x80104958                NX_GPIO_SetDetectEnable32
                0x80104970                NX_GPIO_GetOutputEnable
                0x80104990                NX_GPIO_SetOutputValue
                0x801049a4                NX_GPIO_GetOutputValue
                0x801049c4                NX_GPIO_GetInputValue
                0x801049e4                NX_GPIO_SetPullUpEnable
                0x801049fc                NX_GPIO_GetPullUpEnable
                0x80104a1c                NX_GPIO_SetPadFunction
                0x80104a40                NX_GPIO_GetPadFunction
                0x80104a70                NX_GPIO_GetValidBit
 .text          0x80104a84      0x350 arch/arm/cpu/arm1176/nxp2120/libnxp2120.a(nx_intc.o)
                0x80104a84                NX_INTC_Initialize
                0x80104aa8                NX_INTC_GetNumberOfModule
                0x80104ab0                NX_INTC_GetPhysicalAddress
                0x80104abc                NX_INTC_GetSizeOfRegisterSet
                0x80104ac4                NX_INTC_SetBaseAddress
                0x80104ad4                NX_INTC_GetBaseAddress
                0x80104ae4                NX_INTC_OpenModule
                0x80104aec                NX_INTC_CloseModule
                0x80104af4                NX_INTC_CheckBusy
                0x80104afc                NX_INTC_CanPowerDown
                0x80104b04                NX_INTC_SetInterruptEnable
                0x80104b3c                NX_INTC_GetInterruptEnable
                0x80104b68                NX_INTC_SetInterruptEnable64
                0x80104b94                NX_INTC_GetInterruptEnable64
                0x80104bc8                NX_INTC_GetInterruptPending
                0x80104bf0                NX_INTC_GetInterruptPending64
                0x80104c24                NX_INTC_ClearInterruptPending
                0x80104c50                NX_INTC_ClearInterruptPending64
                0x80104c7c                NX_INTC_SetInterruptEnableAll
                0x80104ca0                NX_INTC_GetInterruptEnableAll
                0x80104cd0                NX_INTC_GetInterruptPendingAll
                0x80104d00                NX_INTC_ClearInterruptPendingAll
                0x80104d1c                NX_INTC_GetInterruptPendingNumber
                0x80104d68                NX_INTC_SetInterruptMode
                0x80104d9c                NX_INTC_SetPriorityMode
 .text          0x80104dd4      0xd40 arch/arm/cpu/arm1176/nxp2120/libnxp2120.a(nx_mcud.o)
                0x80104dd4                NX_MCUD_Initialize
                0x80104df8                NX_MCUD_GetNumberOfModule
                0x80104e00                NX_MCUD_GetPhysicalAddress
                0x80104e0c                NX_MCUD_GetSizeOfRegisterSet
                0x80104e14                NX_MCUD_SetBaseAddress
                0x80104e24                NX_MCUD_GetBaseAddress
                0x80104e34                NX_MCUD_OpenModule
                0x80104e3c                NX_MCUD_CloseModule
                0x80104e44                NX_MCUD_CheckBusy
                0x80104e4c                NX_MCUD_CanPowerDown
                0x80104e54                NX_MCUD_SetEnable
                0x80104e78                NX_MCUD_GetEnable
                0x80104e94                NX_MCUD_SetDLLReset
                0x80104eb8                NX_MCUD_GetDLLReset
                0x80104ed8                NX_MCUD_SetMCLKConfig
                0x80104f08                NX_MCUD_GetMCLKConfig
                0x80104f40                NX_MCUD_ApplyModeSetting
                0x80104f5c                NX_MCUD_IsBusyModeSetting
                0x80104f7c                NX_MCUD_SetType
                0x80104f9c                NX_MCUD_GetType
                0x80104fb8                NX_MCUD_SetBusWidth
                0x80104fdc                NX_MCUD_GetBusWidth
                0x80104ff8                NX_MCUD_SetDataWidth
                0x8010501c                NX_MCUD_GetDataWidth
                0x80105034                NX_MCUD_SetCapacity
                0x8010505c                NX_MCUD_GetCapacity
                0x80105080                NX_MCUD_SetCASLatency
                0x801050a0                NX_MCUD_GetCASLatency
                0x801050bc                NX_MCUD_SetAdditiveLatency
                0x801050dc                NX_MCUD_GetAdditiveLatency
                0x801050f8                NX_MCUD_SetDelayLatency
                0x8010511c                NX_MCUD_GetDelayLatency
                0x8010513c                NX_MCUD_SetDIC
                0x80105160                NX_MCUD_GetDIC
                0x80105180                NX_MCUD_SetODT
                0x801051a0                NX_MCUD_GetODT
                0x801051bc                NX_MCUD_SetDQSMode
                0x801051f0                NX_MCUD_GetDQSMode
                0x80105210                NX_MCUD_SetDLLEnable
                0x80105234                NX_MCUD_GetDLLEnable
                0x80105254                NX_MCUD_SetRCD
                0x80105278                NX_MCUD_GetRCD
                0x80105294                NX_MCUD_SetRP
                0x801052b8                NX_MCUD_GetRP
                0x801052d8                NX_MCUD_SetRAS
                0x801052fc                NX_MCUD_GetRAS
                0x8010531c                NX_MCUD_SetRFC
                0x80105340                NX_MCUD_GetRFC
                0x8010535c                NX_MCUD_SetMRD
                0x80105380                NX_MCUD_GetMRD
                0x801053a0                NX_MCUD_SetRTP
                0x801053c4                NX_MCUD_GetRTP
                0x801053e4                NX_MCUD_SetWR
                0x80105408                NX_MCUD_GetWR
                0x80105428                NX_MCUD_SetWTR
                0x8010544c                NX_MCUD_GetWTR
                0x80105468                NX_MCUD_SetActivePowerDownEnable
                0x8010548c                NX_MCUD_GetActivePowerDownEnable
                0x801054ac                NX_MCUD_SetActivePowerDownPeriod
                0x801054d0                NX_MCUD_GetActivePowerDownPeriod
                0x801054ec                NX_MCUD_SetRefreshPeriod
                0x80105520                NX_MCUD_GetRefreshPeriod
                0x80105540                NX_MCUD_PHYDLL_SetAutoMode
                0x80105564                NX_MCUD_PHYDLL_GetAutoMode
                0x80105584                NX_MCUD_PHYDLL_SetConfig
                0x801055c0                NX_MCUD_PHYDLL_GetConfig
                0x8010561c                NX_MCUD_PHYDLL_Run
                0x80105638                NX_MCUD_PHYDLL_Stop
                0x80105654                NX_MCUD_PHYDLL_IsRun
                0x8010566c                NX_MCUD_PHYDLL_IsLockCoarse
                0x8010568c                NX_MCUD_PHYDLL_IsLockFine
                0x801056ac                NX_MCUD_PHYDLL_GetAutoDelay
                0x801056f0                NX_MCUD_PHYDLL_SetManualDelay
                0x80105710                NX_MCUD_PHYDLL_GetManualDelay
                0x80105728                NX_MCUD_PHYDLL_SetDQSDelay
                0x80105774                NX_MCUD_PHYDLL_GetDQSDelay
                0x801057bc                NX_MCUD_PHYZQ_SetAutoMode
                0x801057e0                NX_MCUD_PHYZQ_GetAutoMode
                0x80105800                NX_MCUD_PHYZQ_SetODT
                0x8010582c                NX_MCUD_PHYZQ_GetODT
                0x80105874                NX_MCUD_PHYZQ_SetControlCode
                0x80105898                NX_MCUD_PHYZQ_GetControlCode
                0x801058c8                NX_MCUD_PHYZQ_GetAutoResult
                0x801058fc                NX_MCUD_PHYZQ_Run
                0x80105918                NX_MCUD_PHYZQ_Stop
                0x80105934                NX_MCUD_PHYZQ_IsRun
                0x8010594c                NX_MCUD_PHYZQ_IsError
                0x8010596c                NX_MCUD_PHYZQ_IsCompleted
                0x8010598c                NX_MCUD_PHYZQ_Update
                0x801059a4                NX_MCUD_SetFastArbiter
                0x801059f4                NX_MCUD_GetFastArbiter
                0x80105a38                NX_MCUD_SetSlowArbiter
                0x80105a88                NX_MCUD_GetSlowArbiter
                0x80105ad0                NX_MCUD_SetInitPerformanceCounter
                0x80105ae4                NX_MCUD_GetInitPerformanceCounter
                0x80105af8                NX_MCUD_GetPerformanceCounter
 .text          0x80105b14     0x10cc arch/arm/cpu/arm1176/nxp2120/libnxp2120.a(nx_mcus.o)
                0x80105b14                NX_MCUS_Initialize
                0x80105b38                NX_MCUS_GetNumberOfModule
                0x80105b40                NX_MCUS_GetPhysicalAddress
                0x80105b4c                NX_MCUS_GetSizeOfRegisterSet
                0x80105b54                NX_MCUS_SetBaseAddress
                0x80105b64                NX_MCUS_GetBaseAddress
                0x80105b74                NX_MCUS_OpenModule
                0x80105b7c                NX_MCUS_CloseModule
                0x80105b84                NX_MCUS_CheckBusy
                0x80105b8c                NX_MCUS_CanPowerDown
                0x80105b94                NX_MCUS_GetInterruptNumber
                0x80105b9c                NX_MCUS_SetInterruptEnable
                0x80105bbc                NX_MCUS_GetInterruptEnable
                0x80105bd8                NX_MCUS_GetInterruptPending
                0x80105bf4                NX_MCUS_ClearInterruptPending
                0x80105c14                NX_MCUS_SetInterruptEnableAll
                0x80105c34                NX_MCUS_GetInterruptEnableAll
                0x80105c50                NX_MCUS_GetInterruptPendingAll
                0x80105c70                NX_MCUS_ClearInterruptPendingAll
                0x80105c90                NX_MCUS_SetInterruptEnable32
                0x80105cb4                NX_MCUS_GetInterruptEnable32
                0x80105cd0                NX_MCUS_GetInterruptPending32
                0x80105cec                NX_MCUS_ClearInterruptPending32
                0x80105d10                NX_MCUS_GetInterruptPendingNumber
                0x80105d34                NX_MCUS_GetDMAIndex
                0x80105d3c                NX_MCUS_GetDMABusWidth
                0x80105d44                NX_MCUS_GetISRAMCS
                0x80105d64                NX_MCUS_GetIROMCS
                0x80105d80                NX_MCUS_SetStaticBUSConfig
                0x80106048                NX_MCUS_GetStaticBUSConfig
                0x801063c8                NX_MCUS_ResetIDEDMA
                0x801063e8                NX_MCUS_SetIDEDMATimeOut
                0x80106400                NX_MCUS_GetIDEDMATimeOut
                0x80106430                NX_MCUS_SetIDEDMAEnable
                0x80106450                NX_MCUS_GetIDEDMAEnable
                0x8010646c                NX_MCUS_SetIDEDMAMode
                0x8010648c                NX_MCUS_GetIDEDMAMode
                0x801064a4                NX_MCUS_SetIDEDMAConfig
                0x80106570                NX_MCUS_GetIDEDMAConfig
                0x801066b8                NX_MCUS_SetNFType
                0x801066dc                NX_MCUS_GetNFType
                0x801066f8                NX_MCUS_SetNFBootEnable
                0x80106720                NX_MCUS_GetNFBootEnable
                0x80106740                NX_MCUS_SetNFBank
                0x80106764                NX_MCUS_GetNFBank
                0x8010677c                NX_MCUS_SetNFCSEnable
                0x801067a4                NX_MCUS_GetNFCSEnable
                0x801067bc                NX_MCUS_IsNFReady
                0x801067d8                NX_MCUS_SetAutoResetEnable
                0x80106800                NX_MCUS_GetAutoResetEnable
                0x80106820                NX_MCUS_ResetNFECCBlock
                0x80106840                NX_MCUS_SetECCMode
                0x80106868                NX_MCUS_GetECCMode
                0x8010688c                NX_MCUS_GetNFWriteDataCount
                0x801068b0                NX_MCUS_GetNFReadDataCount
                0x801068cc                NX_MCUS_IsNFError
                0x801068e8                NX_MCUS_IsNFReadEnd
                0x80106904                NX_MCUS_IsNFWriteEnd
                0x8010691c                NX_MCUS_GetNFECC4
                0x80106944                NX_MCUS_GetNFECC8
                0x80106978                NX_MCUS_GetNFECC16
                0x801069c8                NX_MCUS_SetNFOriginECC4
                0x801069e8                NX_MCUS_SetNFOriginECC8
                0x80106a18                NX_MCUS_SetNFOriginECC16
                0x80106a60                NX_MCUS_GetNFECCOddSyndrome4
                0x80106aa0                NX_MCUS_GetNFECCOddSyndrome8
                0x80106b10                NX_MCUS_GetNFECCOddSyndrome16
 .text          0x80106be0     0x11ac arch/arm/cpu/arm1176/nxp2120/libnxp2120.a(nx_mlc.o)
                0x80106be0                NX_MLC_Initialize
                0x80106c04                NX_MLC_GetNumberOfModule
                0x80106c0c                NX_MLC_GetPhysicalAddress
                0x80106c1c                NX_MLC_GetSizeOfRegisterSet
                0x80106c24                NX_MLC_SetBaseAddress
                0x80106c38                NX_MLC_GetBaseAddress
                0x80106c4c                NX_MLC_OpenModule
                0x80106c54                NX_MLC_CloseModule
                0x80106c5c                NX_MLC_CheckBusy
                0x80106c64                NX_MLC_CanPowerDown
                0x80106c6c                NX_MLC_SetClockPClkMode
                0x80106c9c                NX_MLC_GetClockPClkMode
                0x80106cc0                NX_MLC_SetClockBClkMode
                0x80106d00                NX_MLC_GetClockBClkMode
                0x80106d38                NX_MLC_SetTopPowerMode
                0x80106d60                NX_MLC_GetTopPowerMode
                0x80106d80                NX_MLC_SetTopSleepMode
                0x80106dac                NX_MLC_GetTopSleepMode
                0x80106dd0                NX_MLC_SetTopDirtyFlag
                0x80106df0                NX_MLC_GetTopDirtyFlag
                0x80106e10                NX_MLC_SetMLCEnable
                0x80106e34                NX_MLC_GetMLCEnable
                0x80106e54                NX_MLC_SetFieldEnable
                0x80106e78                NX_MLC_GetFieldEnable
                0x80106e94                NX_MLC_SetLayerPriority
                0x80106eb8                NX_MLC_SetScreenSize
                0x80106edc                NX_MLC_GetScreenSize
                0x80106f34                NX_MLC_SetBackground
                0x80106f4c                NX_MLC_SetDirtyFlag
                0x80106f90                NX_MLC_GetDirtyFlag
                0x80106fe4                NX_MLC_SetLayerEnable
                0x80107030                NX_MLC_GetLayerEnable
                0x80107084                NX_MLC_SetLockSize
                0x801070c0                NX_MLC_SetAlphaBlending
                0x80107128                NX_MLC_SetTransparency
                0x80107170                NX_MLC_SetColorInversion
                0x801071b8                NX_MLC_GetExtendedColor
                0x801074c8                NX_MLC_SetFormatRGB
                0x80107504                NX_MLC_SetFormatYUV
                0x80107528                NX_MLC_SetPosition
                0x801075b4                NX_MLC_SetDitherEnableWhenUsingGamma
                0x801075d8                NX_MLC_GetDitherEnableWhenUsingGamma
                0x801075f4                NX_MLC_SetGammaPriority
                0x80107618                NX_MLC_GetGammaPriority
                0x80107638                NX_MLC_SetRGBLayerInvalidPosition
                0x801076b4                NX_MLC_SetRGBLayerStride
                0x801076f0                NX_MLC_SetRGBLayerAddress
                0x80107714                NX_MLC_SetRGBLayerGamaTablePowerMode
                0x80107744                NX_MLC_GetRGBLayerGamaTablePowerMode
                0x801077a4                NX_MLC_SetRGBLayerGamaTableSleepMode
                0x801077e4                NX_MLC_GetRGBLayerGamaTableSleepMode
                0x80107844                NX_MLC_SetRGBLayerRGammaTable
                0x80107860                NX_MLC_SetRGBLayerGGammaTable
                0x8010787c                NX_MLC_SetRGBLayerBGammaTable
                0x80107898                NX_MLC_SetRGBLayerGammaEnable
                0x801078bc                NX_MLC_GetRGBLayerGammaEnable
                0x801078dc                NX_MLC_SetVideoLayerStride
                0x801078fc                NX_MLC_SetVideoLayerAddress
                0x8010791c                NX_MLC_SetVideoLayerAddressYUYV
                0x80107938                NX_MLC_SetVideoLayerScaleFactor
                0x80107988                NX_MLC_SetVideoLayerScaleFilter
                0x801079d8                NX_MLC_GetVideoLayerScaleFilter
                0x80107a2c                NX_MLC_SetVideoLayerScale
                0x80107b14                NX_MLC_SetVideoLayerLumaEnhance
                0x80107b34                NX_MLC_SetVideoLayerChromaEnhance
                0x80107b84                NX_MLC_SetVideoLayerLineBufferPowerMode
                0x80107bac                NX_MLC_GetVideoLayerLineBufferPowerMode
                0x80107bcc                NX_MLC_SetVideoLayerLineBufferSleepMode
                0x80107bf8                NX_MLC_GetVideoLayerLineBufferSleepMode
                0x80107c1c                NX_MLC_SetVideoLayerGamaTablePowerMode
                0x80107c48                NX_MLC_GetVideoLayerGamaTablePowerMode
                0x80107ca8                NX_MLC_SetVideoLayerGamaTableSleepMode
                0x80107ce8                NX_MLC_GetVideoLayerGamaTableSleepMode
                0x80107d48                NX_MLC_SetVideoLayerGammaEnable
                0x80107d6c                NX_MLC_GetVideoLayerGammaEnable
 .text          0x80107d8c      0x348 arch/arm/cpu/arm1176/nxp2120/libnxp2120.a(nx_pwm.o)
                0x80107d8c                NX_PWM_Initialize
                0x80107db0                NX_PWM_GetNumberOfModule
                0x80107db8                NX_PWM_GetPhysicalAddress
                0x80107dc4                NX_PWM_GetSizeOfRegisterSet
                0x80107dcc                NX_PWM_SetBaseAddress
                0x80107ddc                NX_PWM_GetBaseAddress
                0x80107dec                NX_PWM_OpenModule
                0x80107df4                NX_PWM_CloseModule
                0x80107dfc                NX_PWM_CheckBusy
                0x80107e1c                NX_PWM_CanPowerDown
                0x80107e24                NX_PWM_SetClockPClkMode
                0x80107e50                NX_PWM_GetClockPClkMode
                0x80107e70                NX_PWM_SetClockDivisorEnable
                0x80107e90                NX_PWM_GetClockDivisorEnable
                0x80107eac                NX_PWM_SetClockSource
                0x80107ecc                NX_PWM_GetClockSource
                0x80107ee8                NX_PWM_SetClockDivisor
                0x80107f10                NX_PWM_GetClockDivisor
                0x80107f30                NX_PWM_SetPreScale
                0x80107f74                NX_PWM_GetPreScale
                0x80107fa4                NX_PWM_SetPolarity
                0x80107fec                NX_PWM_GetPolarity
                0x8010801c                NX_PWM_SetPeriod
                0x8010804c                NX_PWM_GetPeriod
                0x80108074                NX_PWM_SetDutyCycle
                0x801080ac                NX_PWM_GetDutyCycle
 .text          0x801080d4      0xb30 arch/arm/cpu/arm1176/nxp2120/libnxp2120.a(nx_sdhc.o)
                0x801080d4                NX_SDHC_Initialize
                0x801080f8                NX_SDHC_GetNumberOfModule
                0x80108100                NX_SDHC_GetPhysicalAddress
                0x80108114                NX_SDHC_GetSizeOfRegisterSet
                0x80108120                NX_SDHC_SetBaseAddress
                0x80108134                NX_SDHC_GetBaseAddress
                0x80108148                NX_SDHC_OpenModule
                0x8010816c                NX_SDHC_CloseModule
                0x80108190                NX_SDHC_GetInterruptNumber
                0x80108198                NX_SDHC_SetInterruptEnable
                0x801081c0                NX_SDHC_GetInterruptEnable
                0x801081e0                NX_SDHC_GetInterruptPending
                0x80108200                NX_SDHC_ClearInterruptPending
                0x80108220                NX_SDHC_SetInterruptEnableAll
                0x80108248                NX_SDHC_GetInterruptEnableAll
                0x80108268                NX_SDHC_GetInterruptPendingAll
                0x80108288                NX_SDHC_ClearInterruptPendingAll
                0x801082a4                NX_SDHC_GetInterruptPendingNumber
                0x801082e0                NX_SDHC_SetInterruptEnable32
                0x80108304                NX_SDHC_GetInterruptEnable32
                0x8010831c                NX_SDHC_GetInterruptPending32
                0x80108334                NX_SDHC_ClearInterruptPending32
                0x8010834c                NX_SDHC_GetDMAIndex
                0x80108354                NX_SDHC_GetDMABusWidth
                0x8010835c                NX_SDHC_SetClockPClkMode
                0x8010838c                NX_SDHC_GetClockPClkMode
                0x801083b0                NX_SDHC_SetClockSource
                0x801083d4                NX_SDHC_GetClockSource
                0x801083f4                NX_SDHC_SetClockDivisor
                0x80108420                NX_SDHC_GetClockDivisor
                0x8010844c                NX_SDHC_SetClockDivisorEnable
                0x80108474                NX_SDHC_GetClockDivisorEnable
                0x80108498                NX_SDHC_AbortReadData
                0x801084b8                NX_SDHC_SendIRQResponse
                0x801084d8                NX_SDHC_SetReadWait
                0x801084fc                NX_SDHC_SetDMAMode
                0x80108520                NX_SDHC_ResetDMA
                0x80108544                NX_SDHC_IsResetDMA
                0x80108564                NX_SDHC_ResetFIFO
                0x80108588                NX_SDHC_IsResetFIFO
                0x801085a8                NX_SDHC_ResetController
                0x801085cc                NX_SDHC_IsResetController
                0x801085e8                NX_SDHC_SetOutputClockDivider
                0x80108604                NX_SDHC_GetOutputClockDivider
                0x80108628                NX_SDHC_SetLowPowerClockMode
                0x80108650                NX_SDHC_GetLowPowerClockMode
                0x80108674                NX_SDHC_SetOutputClockEnable
                0x8010869c                NX_SDHC_GetOutputClockEnable
                0x801086b8                NX_SDHC_SetDataTimeOut
                0x801086dc                NX_SDHC_GetDataTimeOut
                0x801086f8                NX_SDHC_SetResponseTimeOut
                0x8010871c                NX_SDHC_GetResponseTimeOut
                0x80108738                NX_SDHC_SetDataBusWidth
                0x80108754                NX_SDHC_GetDataBusWidth
                0x80108778                NX_SDHC_SetBlockSize
                0x80108790                NX_SDHC_GetBlockSize
                0x801087a8                NX_SDHC_SetByteCount
                0x801087c0                NX_SDHC_GetByteCount
                0x801087d8                NX_SDHC_SetCommandArgument
                0x801087f0                NX_SDHC_SetCommand
                0x8010880c                NX_SDHC_StartCommand
                0x8010882c                NX_SDHC_IsCommandBusy
                0x80108848                NX_SDHC_GetShortResponse
                0x80108860                NX_SDHC_GetLongResponse
                0x80108894                NX_SDHC_GetAutoStopResponse
                0x801088ac                NX_SDHC_GetResponseIndex
                0x801088cc                NX_SDHC_IsDMAReq
                0x801088e8                NX_SDHC_IsDMAAck
                0x80108908                NX_SDHC_GetFIFOCount
                0x80108928                NX_SDHC_IsDataTransferBusy
                0x80108948                NX_SDHC_IsCardDataBusy
                0x80108968                NX_SDHC_IsCardPresent
                0x80108988                NX_SDHC_GetCommandFSM
                0x801089a8                NX_SDHC_CheckBusy
                0x801089bc                NX_SDHC_CanPowerDown
                0x801089d0                NX_SDHC_IsFIFOFull
                0x801089f0                NX_SDHC_IsFIFOEmpty
                0x80108a10                NX_SDHC_IsFIFOTxThreshold
                0x80108a30                NX_SDHC_IsFIFORxThreshold
                0x80108a4c                NX_SDHC_SetFIFORxThreshold
                0x80108a74                NX_SDHC_GetFIFORxThreshold
                0x80108a9c                NX_SDHC_SetFIFOTxThreshold
                0x80108ac4                NX_SDHC_GetFIFOTxThreshold
                0x80108ae4                NX_SDHC_GetDataTransferSize
                0x80108afc                NX_SDHC_GetFIFOTransferSize
                0x80108b14                NX_SDHC_SetData
                0x80108b2c                NX_SDHC_GetData
                0x80108b44                NX_SDHC_SetData32
                0x80108b98                NX_SDHC_GetData32
                0x80108bec                NX_SDHC_GetDataPointer
 .text          0x80108c04      0x498 arch/arm/cpu/arm1176/nxp2120/libnxp2120.a(nx_timer.o)
                0x80108c04                NX_TIMER_Initialize
                0x80108c3c                NX_TIMER_GetNumberOfModule
                0x80108c44                NX_TIMER_GetPhysicalAddress
                0x80108c54                NX_TIMER_GetSizeOfRegisterSet
                0x80108c5c                NX_TIMER_SetBaseAddress
                0x80108c70                NX_TIMER_GetBaseAddress
                0x80108c84                NX_TIMER_OpenModule
                0x80108c8c                NX_TIMER_CloseModule
                0x80108c94                NX_TIMER_CheckBusy
                0x80108c9c                NX_TIMER_CanPowerDown
                0x80108ca4                NX_TIMER_GetInterruptNumber
                0x80108cb4                NX_TIMER_SetInterruptEnable
                0x80108cd8                NX_TIMER_GetInterruptEnable
                0x80108cf8                NX_TIMER_SetInterruptEnable32
                0x80108d20                NX_TIMER_GetInterruptEnable32
                0x80108d40                NX_TIMER_GetInterruptPending
                0x80108d60                NX_TIMER_GetInterruptPending32
                0x80108d80                NX_TIMER_ClearInterruptPending
                0x80108da0                NX_TIMER_ClearInterruptPending32
                0x80108dc8                NX_TIMER_SetInterruptEnableAll
                0x80108dec                NX_TIMER_GetInterruptEnableAll
                0x80108e0c                NX_TIMER_GetInterruptPendingAll
                0x80108e2c                NX_TIMER_ClearInterruptPendingAll
                0x80108e4c                NX_TIMER_GetInterruptPendingNumber
                0x80108e70                NX_TIMER_SetClockPClkMode
                0x80108ea0                NX_TIMER_GetClockPClkMode
                0x80108ec4                NX_TIMER_SetClockDivisorEnable
                0x80108ee8                NX_TIMER_GetClockDivisorEnable
                0x80108f08                NX_TIMER_SetClockSource
                0x80108f2c                NX_TIMER_GetClockSource
                0x80108f4c                NX_TIMER_SetClockDivisor
                0x80108f78                NX_TIMER_GetClockDivisor
                0x80108f9c                NX_TIMER_Run
                0x80108fc0                NX_TIMER_Stop
                0x80108fe0                NX_TIMER_SetWatchDogEnable
                0x80109008                NX_TIMER_SetTClkDivider
                0x8010902c                NX_TIMER_SetMatchCounter
                0x80109044                NX_TIMER_GetMatchCounter
                0x8010905c                NX_TIMER_SetTimerCounter
                0x80109074                NX_TIMER_GetTimerCounter
 .text          0x8010909c     0x11c8 arch/arm/cpu/arm1176/nxp2120/libnxp2120.a(nx_uart.o)
                0x8010909c                NX_UART_Initialize
                0x801090c4                NX_UART_GetNumberOfModule
                0x801090cc                NX_UART_GetPhysicalAddress
                0x801090dc                NX_UART_GetSizeOfRegisterSet
                0x801090e4                NX_UART_SetBaseAddress
                0x801090f8                NX_UART_GetBaseAddress
                0x8010910c                NX_UART_OpenModule
                0x80109150                NX_UART_CloseModule
                0x80109194                NX_UART_CheckBusy
                0x8010919c                NX_UART_CanPowerDown
                0x801091a4                NX_UART_GetInterruptNumber
                0x801091d0                NX_UART_SetInterruptEnable
                0x80109208                NX_UART_GetInterruptEnable
                0x8010922c                NX_UART_SetInterruptEnable32
                0x8010924c                NX_UART_GetInterruptEnable32
                0x8010926c                NX_UART_GetInterruptPending
                0x8010928c                NX_UART_GetInterruptPending32
                0x801092a8                NX_UART_ClearInterruptPending
                0x801092d8                NX_UART_ClearInterruptPending32
                0x80109304                NX_UART_SetInterruptEnableAll
                0x80109328                NX_UART_GetInterruptEnableAll
                0x8010934c                NX_UART_GetInterruptPendingAll
                0x8010936c                NX_UART_ClearInterruptPendingAll
                0x8010938c                NX_UART_GetInterruptPendingNumber
                0x801093e0                NX_UART_GetDMAIndex_Tx
                0x80109404                NX_UART_GetDMAIndex_Rx
                0x80109430                NX_UART_GetDMABusWidth
                0x80109438                NX_UART_SetClockPClkMode
                0x80109468                NX_UART_GetClockPClkMode
                0x8010948c                NX_UART_SetClockSource
                0x801094b0                NX_UART_GetClockSource
                0x801094d0                NX_UART_SetClockDivisor
                0x801094fc                NX_UART_GetClockDivisor
                0x80109528                NX_UART_SetClockDivisorEnable
                0x8010954c                NX_UART_GetClockDivisorEnable
                0x8010956c                NX_UART_SetSIRMode
                0x80109594                NX_UART_GetSIRMode
                0x801095b8                NX_UART_SetLoopBackMode
                0x801095e0                NX_UART_GetLoopBackMode
                0x80109604                NX_UART_SetIntEnbWhenExceptionOccur
                0x8010962c                NX_UART_GetIntEnbWhenExceptionOccur
                0x80109650                NX_UART_SetFrameConfiguration
                0x8010968c                NX_UART_GetFrameConfiguration
                0x801096d0                NX_UART_SetBRD
                0x801096e8                NX_UART_GetBRD
                0x80109700                NX_UART_MakeBRD
                0x8010972c                NX_UART_SetRxTimeOutEnb
                0x8010975c                NX_UART_GetRxTimeOutEnb
                0x80109780                NX_UART_SetRxTimeOut
                0x80109798                NX_UART_GetRxTimeOut
                0x801097b0                NX_UART_SetSYNCPendClear
                0x801097d0                NX_UART_SetTxIRQType
                0x801097fc                NX_UART_GetTxIRQType
                0x8010981c                NX_UART_SetRxIRQType
                0x80109848                NX_UART_GetRxIRQType
                0x80109868                NX_UART_SendBreak
                0x80109888                NX_UART_SetTxOperationMode
                0x801098b4                NX_UART_GetTxOperationMode
                0x801098d4                NX_UART_SetRxOperationMode
                0x80109900                NX_UART_GetRxOperationMode
                0x8010991c                NX_UART_SetTxFIFOTriggerLevel
                0x8010995c                NX_UART_GetTxFIFOTriggerLevel
                0x80109998                NX_UART_SetRxFIFOTriggerLevel
                0x801099d8                NX_UART_GetRxFIFOTriggerLevel
                0x80109a04                NX_UART_ResetTxFIFO
                0x80109a24                NX_UART_IsTxFIFOReset
                0x80109a48                NX_UART_ResetRxFIFO
                0x80109a68                NX_UART_IsRxFIFOReset
                0x80109a8c                NX_UART_SetFIFOEnb
                0x80109ab4                NX_UART_GetFIFOEnb
                0x80109ad0                NX_UART_SetSCTxEnb
                0x80109af8                NX_UART_GetSCTxEnb
                0x80109b1c                NX_UART_SetSCRxEnb
                0x80109b44                NX_UART_GetSCRxEnb
                0x80109b68                NX_UART_SetSCTxMode
                0x80109b94                NX_UART_SetSCRxMode
                0x80109bc0                NX_UART_GetSCMode
                0x80109be0                NX_UART_GetTxRxStatus
                0x80109bfc                NX_UART_GetErrorStatus
                0x80109c18                NX_UART_GetFIFOStatus
                0x80109c38                NX_UART_GetTxFIFOCount
                0x80109c60                NX_UART_GetRxFIFOCount
                0x80109c84                NX_UART_SetDTR
                0x80109cac                NX_UART_GetDTR
                0x80109cd0                NX_UART_SetRTS
                0x80109cf8                NX_UART_GetRTS
                0x80109d14                NX_UART_SetAutoFlowControl
                0x80109d3c                NX_UART_GetAutoFlowControl
                0x80109d60                NX_UART_SetHalfChannelEnable
                0x80109d88                NX_UART_GetHalfChannelEnable
                0x80109dac                NX_UART_GetModemStatus
                0x80109dc8                NX_UART_SendByte
                0x80109de0                NX_UART_GetByte
                0x80109dfc                NX_UART_SetLineConfig
                0x80109e2c                NX_UART_SetControlConfig
                0x80109e84                NX_UART_SetFIFOConfig
                0x80109edc                NX_UART_SetBaudRateConfig
                0x80109ef8                NX_UART_SetModemConfig
                0x80109f58                NX_UART_GetLineConfig
                0x80109f9c                NX_UART_GetControlConfig
                0x80109ff4                NX_UART_GetFIFOConfig
                0x8010a070                NX_UART_GetBaudRateConfig
                0x8010a094                NX_UART_GetModemConfig
                0x8010a144                NX_UART_SetLCON
                0x8010a15c                NX_UART_SetUCON
                0x8010a174                NX_UART_SetFCON
                0x8010a18c                NX_UART_SetMCON
                0x8010a1a4                NX_UART_SetTIMEOUT
                0x8010a1bc                NX_UART_SetINTCON
                0x8010a1d4                NX_UART_GetLCON
                0x8010a1ec                NX_UART_GetUCON
                0x8010a204                NX_UART_GetFCON
                0x8010a21c                NX_UART_GetMCON
                0x8010a234                NX_UART_GetTIMEOUT
                0x8010a24c                NX_UART_GetINTCON
 .text          0x8010a264       0x14 arch/arm/cpu/arm1176/nxp2120/libnxp2120.a(reset.o)
                0x8010a264                reset_cpu
 .text          0x8010a278      0x254 arch/arm/lib/libarm.a(board.o)
                0x8010a328                coloured_LED_init
                0x8010a328                __coloured_LED_init
                0x8010a32c                red_LED_on
                0x8010a32c                __red_LED_on
                0x8010a330                __red_LED_off
                0x8010a330                red_LED_off
                0x8010a334                green_LED_on
                0x8010a334                __green_LED_on
                0x8010a338                __green_LED_off
                0x8010a338                green_LED_off
                0x8010a33c                __yellow_LED_on
                0x8010a33c                yellow_LED_on
                0x8010a340                __yellow_LED_off
                0x8010a340                yellow_LED_off
                0x8010a344                blue_LED_on
                0x8010a344                __blue_LED_on
                0x8010a348                blue_LED_off
                0x8010a348                __blue_LED_off
                0x8010a34c                hang
                0x8010a360                start_armboot
 .text          0x8010a4cc      0x264 arch/arm/lib/libarm.a(interrupts.o)
                0x8010a4cc                enable_interrupts
                0x8010a4d0                disable_interrupts
                0x8010a4d8                bad_mode
                0x8010a4f4                show_regs
                0x8010a634                do_undefined_instruction
                0x8010a658                do_software_interrupt
                0x8010a67c                do_prefetch_abort
                0x8010a6a0                do_data_abort
                0x8010a6c4                do_not_used
                0x8010a6e8                do_fiq
                0x8010a70c                do_irq
 .text          0x8010a730      0x7d4 net/libnet.a(eth.o)
                0x8010a730                eth_parse_enetaddr
                0x8010a784                eth_getenv_enetaddr
                0x8010a7e0                eth_setenv_enetaddr
                0x8010a814                eth_getenv_enetaddr_by_index
                0x8010a858                cpu_eth_init
                0x8010a860                eth_get_dev
                0x8010a870                eth_get_dev_by_name
                0x8010a8c4                eth_get_dev_by_index
                0x8010a90c                eth_get_dev_index
                0x8010a95c                eth_register
                0x8010a9e4                eth_initialize
                0x8010ac48                eth_halt
                0x8010ac78                eth_send
                0x8010acb0                eth_rx
                0x8010acdc                eth_try_another
                0x8010ad84                eth_init
                0x8010ae48                eth_set_current
                0x8010aee4                eth_get_name
 .text          0x8010af04     0x1334 net/libnet.a(net.o)
                0x8010af84                NetSetHandler
                0x8010af94                NetSetTimeout
                0x8010afc4                NetStartAgain
                0x8010b0d0                NetSendPacket
                0x8010b0d4                NetCksum
                0x8010b10c                NetCksumOk
                0x8010b130                NetEthHdrSize
                0x8010b170                NetSetEther
                0x8010b218                NetReceive
                0x8010b7d8                ArpRequest
                0x8010b8cc                ArpTimeoutCheck
                0x8010b940                PingSend
                0x8010ba88                NetSetIP
                0x8010bb80                NetSendUDPPacket
                0x8010bcb8                copy_filename
                0x8010bcfc                random_port
                0x8010bd18                ip_to_string
                0x8010bd68                VLAN_to_string
                0x8010bdb8                string_to_VLAN
                0x8010be10                getenv_VLAN
                0x8010be20                NetLoop
 .text          0x8010c238      0xe38 net/libnet.a(nfs.o)
                0x8010ce3c                NfsStart
 .text          0x8010d070      0x19c net/libnet.a(rarp.o)
                0x8010d0cc                RarpRequest
 .text          0x8010d20c      0x7d8 net/libnet.a(tftp.o)
                0x8010d6fc                TftpStart
 .text          0x8010d9e4      0x900 net/libnet.a(bootp.o)
                0x8010e0e0                BootpRequest
                0x8010e2e0                DhcpRequest
 .text          0x8010e2e4     0x1168 drivers/mmc/libmmc.a(mmc.o)
                0x8010e300                __board_mmc_getcd
                0x8010e300                board_mmc_getcd
                0x8010e308                mmc_send_cmd
                0x8010e318                mmc_set_blocklen
                0x8010e350                find_mmc_device
                0x8010e504                mmc_read_blocks
                0x8010e658                mmc_go_idle
                0x8010e6ac                sd_send_op_cond
                0x8010e7b8                mmc_send_op_cond
                0x8010e864                mmc_send_ext_csd
                0x8010e8b8                mmc_switch
                0x8010e8fc                mmc_change_freq
                0x8010e9d4                sd_switch
                0x8010ea44                sd_change_freq
                0x8010ec18                mmc_set_ios
                0x8010ec28                mmc_set_clock
                0x8010ec54                mmc_set_bus_width
                0x8010ec68                mmc_startup
                0x8010f204                mmc_send_if_cond
                0x8010f284                mmc_register
                0x8010f2f0                mmc_get_dev
                0x8010f304                mmc_init
                0x8010f394                cpu_mmc_init
                0x8010f39c                print_mmc_devices
                0x8010f400                mmc_initialize
 .text          0x8010f44c       0xb4 drivers/mtd/nand/libnand.a(nand.o)
                0x8010f44c                nand_init
 .text          0x8010f500     0x3c78 drivers/mtd/nand/libnand.a(nand_base.o)
                0x8011142c                nand_wait_ready
                0x80111fec                nand_erase_nand
                0x80112418                nand_scan_ident
                0x80112b4c                nand_scan_tail
                0x80113130                nand_scan
                0x80113150                nand_release
 .text          0x80113178     0x207c drivers/mtd/nand/libnand.a(nand_bbt.o)
                0x801148e4                nand_update_bbt
                0x80114bb0                nand_scan_bbt
                0x801150a0                nand_default_bbt
                0x801151a0                nand_isbad_bbt
 .text          0x801151f4      0x214 drivers/mtd/nand/libnand.a(nand_ecc.o)
                0x801151f4                nand_calculate_ecc
                0x801152e4                nand_correct_data
 .text          0x80115408        0x0 drivers/mtd/nand/libnand.a(nand_ids.o)
 .text          0x80115408       0xe8 common/libcommon.a(cmd_bdinfo.o)
                0x80115408                do_bdinfo
 .text          0x801154f0       0x8c common/libcommon.a(cmd_boot.o)
                0x801154f0                do_go_exec
                0x80115508                do_go
 .text          0x8011557c      0xbd4 common/libcommon.a(cmd_bootm.o)
                0x80115684                do_bootd
                0x801156a8                do_iminfo
                0x80115d18                __arch_preboot_os
                0x80115d1c                do_bootm_subcommand
                0x80115ecc                do_bootm
 .text          0x80116150       0xb8 common/libcommon.a(cmd_console.o)
                0x80116150                do_coninfo
 .text          0x80116208       0x80 common/libcommon.a(cmd_echo.o)
                0x80116208                do_echo
 .text          0x80116288       0x30 common/libcommon.a(cmd_exit.o)
                0x80116288                do_exit
 .text          0x801162b8      0x870 common/libcommon.a(cmd_falinux.o)
 .text          0x80116b28      0x360 common/libcommon.a(cmd_fat.o)
                0x80116b28                do_fat_fsinfo
                0x80116c00                do_fat_ls
                0x80116d08                do_fat_fsload
 .text          0x80116e88       0x70 common/libcommon.a(cmd_flash.o)
                0x80116e88                do_flinfo
                0x80116e90                do_flerase
                0x80116e98                do_protect
 .text          0x80116ef8       0x44 common/libcommon.a(cmd_help.o)
                0x80116ef8                do_help
 .text          0x80116f3c      0x2f8 common/libcommon.a(cmd_itest.o)
                0x80116fac                binary_test
                0x80117198                do_itest
 .text          0x80117234      0xc44 common/libcommon.a(cmd_load.o)
                0x8011755c                do_load_serial
                0x80117658                send_pad
                0x80117684                ktrans
                0x801176a4                chk1
                0x801176cc                s1_sendpacket
                0x801176f0                send_ack
                0x8011774c                send_nack
                0x801177a8                k_data_init
                0x801177c8                k_data_save
                0x801177ec                k_data_restore
                0x80117810                k_data_char
                0x80117860                handle_send_packet
                0x80117a20                do_load_serial_bin
 .text          0x80117e78      0x910 common/libcommon.a(cmd_mem.o)
                0x80117e78                do_mem_base
                0x80117eb8                do_mem_mtest
                0x8011805c                do_mem_loop
                0x80118150                do_mem_md
                0x80118224                do_mem_crc
                0x801182d4                do_mem_cp
                0x801183b4                do_mem_cmp
                0x8011853c                do_mem_mw
                0x80118738                do_mem_nm
                0x80118760                do_mem_mm
 .text          0x80118788       0x84 common/libcommon.a(cmd_misc.o)
                0x80118788                do_sleep
 .text          0x8011880c      0x420 common/libcommon.a(cmd_mmc.o)
                0x8011880c                do_mmcinfo
                0x80118954                do_mmcops
 .text          0x80118c2c      0xd40 common/libcommon.a(cmd_nand.o)
                0x80118c88                do_nandboot
                0x8011914c                do_nand
 .text          0x8011996c      0x3b4 common/libcommon.a(cmd_net.o)
                0x80119c5c                do_nfs
                0x80119c68                do_dhcp
                0x80119c74                do_rarpb
                0x80119c80                do_tftpb
                0x80119c8c                do_bootp
                0x80119c98                do_ping
 .text          0x80119d20      0x860 common/libcommon.a(cmd_nvedit.o)
                0x80119d20                do_saveenv
                0x80119d4c                get_env_id
                0x80119d5c                envmatch
                0x80119dc0                getenv_r
                0x80119e68                getenv
                0x80119edc                _do_setenv
                0x8011a324                do_setenv
                0x8011a350                setenv
                0x8011a39c                do_editenv
                0x8011a4f0                do_printenv
 .text          0x8011a580      0x190 common/libcommon.a(cmd_source.o)
                0x8011a580                source
                0x8011a6c8                do_source
 .text          0x8011a710      0x47c common/libcommon.a(cmd_test.o)
                0x8011a710                do_false
                0x8011a718                do_true
                0x8011a720                do_test
 .text          0x8011ab8c     0x1130 common/libcommon.a(cmd_usb.o)
                0x8011ab8c                do_usbboot
                0x8011af2c                usb_get_class_desc
                0x8011afd8                usb_display_class_sub
                0x8011b14c                usb_display_string
                0x8011b188                usb_display_desc
                0x8011b2b4                usb_display_conf_desc
                0x8011b360                usb_display_if_desc
                0x8011b3e8                usb_display_ep_desc
                0x8011b4a4                usb_display_config
                0x8011b528                usb_show_tree_graph
                0x8011b74c                usb_show_tree
                0x8011b77c                do_usb
 .text          0x8011bcbc       0x20 common/libcommon.a(cmd_version.o)
                0x8011bcbc                do_version
 .text          0x8011bcdc      0x2cc common/libcommon.a(cmd_ximg.o)
                0x8011bcdc                do_imgextract
 .text          0x8011bfa8      0x110 common/libcommon.a(cmd_zmac.o)
 .text          0x8011c0b8      0x2f0 common/libcommon.a(command.o)
                0x8011c0b8                find_cmd_tbl
                0x8011c14c                find_cmd
                0x8011c174                cmd_usage
                0x8011c1d4                _do_help
                0x8011c358                cmd_get_data_size
 .text          0x8011c3a8      0x560 common/libcommon.a(console.o)
                0x8011c44c                serial_printf
                0x8011c490                fgetc
                0x8011c4bc                ftstc
                0x8011c4e8                fputc
                0x8011c510                fputs
                0x8011c538                fprintf
                0x8011c580                getc
                0x8011c598                tstc
                0x8011c5b0                putc
                0x8011c5cc                puts
                0x8011c5e8                printf
                0x8011c62c                vprintf
                0x8011c660                ctrlc
                0x8011c6ac                disable_ctrlc
                0x8011c6c4                had_ctrlc
                0x8011c6d4                clear_ctrlc
                0x8011c6e8                dbg
                0x8011c6f4                search_device
                0x8011c71c                console_assign
                0x8011c75c                console_init_f
                0x8011c76c                stdio_print_current_devices
                0x8011c820                console_init_r
 .text          0x8011c908      0xfe0 common/libcommon.a(dlmalloc.o)
                0x8011c908                sbrk
                0x8011c940                mem_malloc_init
                0x8011c964                malloc_trim
                0x8011ca34                free
                0x8011cc58                cfree
                0x8011cc5c                malloc
                0x8011d228                calloc
                0x8011d2fc                memalign
                0x8011d40c                pvalloc
                0x8011d424                valloc
                0x8011d430                realloc
                0x8011d838                malloc_usable_size
                0x8011d874                mallopt
 .text          0x8011d8e8      0x13c common/libcommon.a(env_common.o)
                0x8011d8e8                env_crc_update
                0x8011d914                env_get_char_memory
                0x8011d938                env_get_char
                0x8011d968                env_get_addr
                0x8011d98c                set_default_env
                0x8011d9d0                env_relocate
 .text          0x8011da24      0x2a0 common/libcommon.a(env_nand.o)
                0x8011da24                env_get_char_spec
                0x8011da30                env_init
                0x8011da4c                writeenv
                0x8011db04                saveenv
                0x8011dbb4                readenv
                0x8011dc6c                env_relocate_spec
 .text          0x8011dcc4      0x194 common/libcommon.a(exports.o)
                0x8011dcc8                get_version
                0x8011dcd0                jumptable_init
 .text          0x8011de58     0x1d28 common/libcommon.a(hush.o)
                0x8011deb4                do_showvar
                0x8011e5a8                simple_itoa
                0x8011e604                set_local_var
                0x8011e7c0                unset_local_var
                0x8011e860                new_pipe
                0x8011e8d4                reserved_word
                0x8011eb98                mapset
                0x8011ebbc                update_ifs_map
                0x8011ec2c                parse_string_outer
                0x8011fae8                parse_file_outer
                0x8011fb2c                u_boot_hush_start
 .text          0x8011fb80      0x748 common/libcommon.a(image.o)
                0x8011fbc8                image_check_hcrc
                0x8011fc18                image_check_dcrc
                0x8011fc54                image_multi_count
                0x8011fc78                image_multi_getimg
                0x8011fcfc                getenv_yesno
                0x8011fd24                getenv_bootm_low
                0x8011fd58                getenv_bootm_size
                0x8011fd8c                memmove_wd
                0x8011fd98                genimg_print_size
                0x8011fdc8                get_table_entry_name
                0x8011fdf4                genimg_get_os_name
                0x8011fe0c                genimg_get_arch_name
                0x8011fe24                genimg_get_type_name
                0x8011fe3c                genimg_get_comp_name
                0x8011fe54                image_print_contents
                0x8011ffcc                get_table_entry_id
                0x80120018                genimg_get_os_id
                0x80120030                genimg_get_arch_id
                0x80120048                genimg_get_type_id
                0x80120060                genimg_get_comp_id
                0x80120078                genimg_get_format
                0x8012008c                genimg_get_image
                0x80120090                genimg_has_config
                0x80120098                boot_get_ramdisk
 .text          0x801202c8     0x1054 common/libcommon.a(main.o)
                0x80120488                __show_boot_progress
                0x80120488                show_boot_progress
                0x8012048c                main_loop
                0x801205a8                readline_into_buffer
                0x80120e30                readline
                0x80120e4c                parse_line
                0x80120ed8                run_command
                0x801212a8                do_run
 .text          0x8012131c      0x2d4 common/libcommon.a(s_record.o)
                0x80121388                srec_decode
 .text          0x801215f0      0x174 common/libcommon.a(stdio.o)
                0x801215f0                stdio_get_list
                0x801215fc                stdio_get_by_name
                0x80121650                stdio_clone
                0x80121698                stdio_register
                0x801216dc                stdio_init
 .text          0x80121764     0x1654 common/libcommon.a(usb.o)
                0x801217d4                wait_ms
                0x801217f8                usb_stop
                0x80121824                usb_disable_asynch
                0x8012183c                usb_submit_int_msg
                0x80121840                usb_control_msg
                0x80121908                usb_bulk_msg
                0x80121970                usb_maxpacket
                0x8012198c                usb_set_maxpacket
                0x801219f4                usb_parse_config
                0x80121b40                usb_clear_halt
                0x80121bec                usb_get_descriptor
                0x80121c54                usb_get_configuration_no
                0x80121cf0                usb_set_address
                0x80121d30                usb_set_interface
                0x80121df4                usb_set_configuration
                0x80121e5c                usb_set_protocol
                0x80121eb8                usb_set_idle
                0x80121f1c                usb_get_report
                0x80121f90                usb_get_class_descriptor
                0x80122004                usb_get_string
                0x8012217c                usb_string
                0x80122278                usb_get_dev_index
                0x801222a8                usb_alloc_new_device
                0x80122330                usb_get_hub_descriptor
                0x8012238c                usb_clear_hub_feature
                0x801223e0                usb_clear_port_feature
                0x8012243c                usb_set_port_feature
                0x801224dc                usb_get_hub_status
                0x8012252c                usb_get_port_status
                0x80122620                usb_hub_clear_tt_buffer
                0x80122668                usb_hub_reset
                0x8012267c                usb_hub_allocate
                0x801226c4                usb_hub_probe
                0x8012271c                usb_new_device
                0x801229c4                usb_hub_port_connect_change
                0x80122aac                usb_hub_configure
                0x80122cb0                usb_scan_devices
                0x80122d3c                usb_init
 .text          0x80122db8     0x158c common/libcommon.a(usb_storage.o)
                0x80123074                usb_stor_get_dev
                0x80123098                usb_show_progress
                0x801230a4                usb_stor_write
                0x801232cc                usb_stor_read
                0x801234f4                usb_stor_info
                0x80123560                usb_stor_BBB_comdat
                0x80123638                usb_stor_CB_comdat
                0x80123880                usb_stor_CBI_get_status
                0x80123950                usb_stor_CB_transport
                0x80123b44                usb_stor_BBB_clear_endpt_stall
                0x80123b90                usb_stor_BBB_transport
                0x80123d4c                usb_storage_probe
                0x80123f6c                usb_stor_get_info
                0x801241d4                usb_stor_scan
 .text          0x80124344      0x8ac common/libcommon.a(xyzModem.o)
                0x80124344                CYGACC_COMM_IF_GETC_TIMEOUT
                0x8012462c                CYGACC_COMM_IF_PUTC
                0x80124634                parse_num
                0x80124750                xyzModem_stream_open
                0x8012489c                xyzModem_stream_read
                0x80124aec                xyzModem_stream_close
                0x80124b3c                xyzModem_stream_terminate
                0x80124bd0                xyzModem_error
 .text          0x80124bf0      0x8b8 board/nxp2120/dtk/libdtk.a(board.o)
                0x80124d64                board_eth_init
                0x80124d7c                board_init
                0x80124f00                board_late_init
 .text          0x801254a8      0x800 board/nxp2120/dtk/libdtk.a(logo.o)
                0x801254a8                PutPixel888To565
                0x801254d8                PutPixel555To565
                0x80125504                PutPixel888To888
                0x80125530                PutPixel565To888
                0x80125580                PutPixel888To8888
                0x801255b0                PutPixel565To8888
                0x801258fc                PutPixel565To565
                0x80125910                nx_boot_logo
 .text          0x80125ca8       0x48 lib/libgeneric.a(crc16.o)
                0x80125ca8                cyg_crc16
 .text          0x80125cf0       0xf8 lib/libgeneric.a(crc32.o)
                0x80125cf0                crc32_no_comp
                0x80125dd0                crc32
                0x80125de4                crc32_wd
 .text          0x80125de8        0x0 lib/libgeneric.a(ctype.o)
 .text          0x80125de8      0x2bc lib/libgeneric.a(display_options.o)
                0x80125de8                display_options
                0x80125e08                print_size
                0x80125f4c                print_buffer
 .text          0x801260a4      0x1b4 lib/libgeneric.a(div64.o)
                0x801260a4                __div64_32
                0x80126190                div64_u64
 .text          0x80126258      0x1b4 lib/libgeneric.a(gunzip.o)
                0x80126258                zfree
                0x80126260                zalloc
                0x80126270                zunzip
                0x80126360                gunzip
 .text          0x8012640c       0x70 lib/libgeneric.a(net_utils.o)
                0x8012640c                string_to_ip
 .text          0x8012647c      0x5dc lib/libgeneric.a(string.o)
                0x8012647c                strcpy
                0x80126494                strncpy
                0x801264b8                strcat
                0x801264e4                strncat
                0x80126538                strcmp
                0x80126560                strncmp
                0x801265a4                strchr
                0x801265d8                strlen
                0x801265f8                strrchr
                0x80126634                strnlen
                0x80126660                strdup
                0x80126694                strspn
                0x801266d4                strpbrk
                0x80126710                strtok
                0x80126788                strsep
                0x801267bc                strswab
                0x80126808                memset
                0x80126878                bcopy
                0x801268a0                memcpy
                0x80126904                memmove
                0x80126968                memcmp
                0x8012699c                memscan
                0x801269c8                strstr
                0x80126a28                memchr
 .text          0x80126a58       0x30 lib/libgeneric.a(time.o)
                0x80126a58                udelay
 .text          0x80126a88      0xe64 lib/libgeneric.a(vsprintf.o)
                0x80126fd8                simple_strtoul
                0x80127084                simple_strtol
                0x801270ac                ustrtoul
                0x80127120                simple_strtoull
                0x80127220                vsprintf
                0x8012787c                sprintf
                0x801278a0                panic
 .text          0x801278ec     0x2780 lib/libgeneric.a(zlib.o)
                0x801278ec                zcfree
                0x801278f4                zcalloc
                0x801278fc                inflate_fast
                0x80127ea8                inflate_table
                0x8012847c                inflateReset
                0x8012851c                inflateInit2_
                0x80128624                inflateInit_
                0x80128638                inflateEnd
                0x801286c4                adler32
                0x801289bc                inflate
 .text          0x8012a06c      0x254 arch/arm/cpu/arm1176/nxp2120/libnxp2120.a(timer.o)
                0x8012a06c                set_timer
                0x8012a07c                reset_timer_masked
                0x8012a0a0                reset_timer
                0x8012a0a4                timer_init
                0x8012a16c                get_timer_masked
                0x8012a1a8                get_timer
                0x8012a1c8                __udelay
                0x8012a24c                udelay_masked
                0x8012a2a4                get_ticks
                0x8012a2b4                get_tbclk
 .text          0x8012a2c0      0x180 arch/arm/cpu/arm1176/nxp2120/libnxp2120.a(nand.o)
                0x8012a3b0                board_nand_init
                0x8012a43c                nand_dev_check
 .text          0x8012a440      0xfac arch/arm/cpu/arm1176/nxp2120/libnxp2120.a(nand_ecc.o)
                0x8012a480                nand_hw_ecc_check
                0x8012a698                NX_NAND_CreateLookupTable
                0x8012a778                nand_hw_ecc_init
                0x8012a7dc                NX_NAND_SetResetECC
                0x8012a80c                NX_NAND_WaitForDecoding
                0x8012a824                NX_NAND_WaitForEncoding
                0x8012a83c                NX_NAND_GetErrorStatus
                0x8012a858                NX_NAND_GetGenECC
                0x8012a9b8                NX_NAND_SetOriECC
                0x8012aa4c                NX_NAND_GetOddSyndrome
                0x8012aa84                NX_NAND_GetErrorLocation
 .text          0x8012b3ec      0x14c arch/arm/lib/libarm.a(bootm.o)
                0x8012b3ec                do_bootm_linux
 .text          0x8012b538        0x4 arch/arm/lib/libarm.a(cache.o)
                0x8012b538                flush_cache
 .text          0x8012b53c       0x30 arch/arm/lib/libarm.a(reset.o)
                0x8012b53c                do_reset
 .text          0x8012b56c     0x1280 fs/fat/libfat.a(fat.o)
                0x8012bc48                fat_register_device
                0x8012bd58                do_fat_read
                0x8012c64c                file_fat_detectfs
                0x8012c7a4                file_fat_ls
                0x8012c7b4                file_fat_read
 .text          0x8012c7ec      0x39c disk/libdisk.a(part.o)
                0x8012c7ec                get_dev
                0x8012c844                dev_print
                0x8012ca5c                init_part
                0x8012ca78                get_partition_info
                0x8012caa0                print_part
 .text          0x8012cb88      0x4e8 disk/libdisk.a(part_dos.o)
                0x8012cfd4                test_part_dos
                0x8012d028                print_part_dos
                0x8012d054                get_partition_info_dos
 .text          0x8012d070      0x94c drivers/mtd/nand/libnand.a(nand_util.o)
                0x8012d078                nand_erase_opts
                0x8012d3c0                nand_write_skip_bad
                0x8012d6b4                nand_read_skip_bad
 .text          0x8012d9bc      0x994 drivers/net/libnet.a(dm9000x.o)
                0x8012e208                dm9000_read_srom_word
                0x8012e26c                dm9000_write_srom_word
                0x8012e2cc                dm9000_initialize
 .text          0x8012e350      0xc0c drivers/usb/host/libusb_host.a(ehci-hcd.o)
                0x8012e844                ehci_submit_root
                0x8012ed18                usb_lowlevel_stop
                0x8012ed1c                usb_lowlevel_init
                0x8012eecc                submit_bulk_msg
                0x8012eef0                submit_control_msg
                0x8012ef54                submit_int_msg
 .text          0x8012ef5c      0x154 drivers/usb/host/libusb_host.a(ehci-nxp2120.o)
                0x8012ef5c                ehci_hcd_init
                0x8012f0a8                ehci_hcd_stop
 .text          0x8012f0b0       0x24 arch/arm/cpu/arm1176/libarm1176.a(cpu.o)
                0x8012f0b0                cleanup_before_linux
 .text          0x8012f0d4       0xb8 arch/arm/lib/libarm.a(cache-cp15.o)
                0x8012f104                icache_enable
                0x8012f11c                icache_disable
                0x8012f134                icache_status
                0x8012f148                dcache_enable
                0x8012f160                dcache_disable
                0x8012f178                dcache_status
 .text          0x8012f18c       0x20 /work/arch/arm/lib/eabi_compat.o
                0x8012f18c                raise
                0x8012f1a8                __aeabi_unwind_cpp_pr0
 .text          0x8012f1ac       0xc8 /opt/crosstools/arm-eabi-4.6.3-glibc-2.13/lib/gcc/arm-generic-linux-gnueabi/4.6.3/libgcc.a(_udivsi3.o)
                0x8012f1ac                __udivsi3
                0x8012f1ac                __aeabi_uidiv
                0x8012f254                __aeabi_uidivmod
 .text          0x8012f274       0xfc /opt/crosstools/arm-eabi-4.6.3-glibc-2.13/lib/gcc/arm-generic-linux-gnueabi/4.6.3/libgcc.a(_divsi3.o)
                0x8012f274                __aeabi_idiv
                0x8012f274                __divsi3
                0x8012f350                __aeabi_idivmod
 .text          0x8012f370       0x1c /opt/crosstools/arm-eabi-4.6.3-glibc-2.13/lib/gcc/arm-generic-linux-gnueabi/4.6.3/libgcc.a(_lshrdi3.o)
                0x8012f370                __aeabi_llsr
                0x8012f370                __lshrdi3
 .text          0x8012f38c       0x1c /opt/crosstools/arm-eabi-4.6.3-glibc-2.13/lib/gcc/arm-generic-linux-gnueabi/4.6.3/libgcc.a(_ashrdi3.o)
                0x8012f38c                __ashrdi3
                0x8012f38c                __aeabi_lasr
 .text          0x8012f3a8       0x1c /opt/crosstools/arm-eabi-4.6.3-glibc-2.13/lib/gcc/arm-generic-linux-gnueabi/4.6.3/libgcc.a(_ashldi3.o)
                0x8012f3a8                __ashldi3
                0x8012f3a8                __aeabi_llsl
 .text          0x8012f3c4       0x10 /opt/crosstools/arm-eabi-4.6.3-glibc-2.13/lib/gcc/arm-generic-linux-gnueabi/4.6.3/libgcc.a(_dvmd_lnx.o)
                0x8012f3c4                __aeabi_ldiv0
                0x8012f3c4                __aeabi_idiv0

.glue_7         0x8012f3d4        0x0
 .glue_7        0x00000000        0x0 linker stubs

.glue_7t        0x8012f3d4        0x0
 .glue_7t       0x00000000        0x0 linker stubs

.vfp11_veneer   0x8012f3d4        0x0
 .vfp11_veneer  0x00000000        0x0 linker stubs

.v4_bx          0x8012f3d4        0x0
 .v4_bx         0x00000000        0x0 linker stubs

.iplt           0x8012f3d4        0x0
 .iplt          0x00000000        0x0 arch/arm/cpu/arm1176/start.o

.text.unlikely  0x8012f3d4      0x224
 .text.unlikely
                0x8012f3d4      0x224 common/libcommon.a(cmd_nand.o)
                0x8012f5f8                . = ALIGN (0x4)

.rodata         0x8012f5f8     0x9065
 *(SORT(.rodata*))
 .rodata        0x8012f5f8       0x14 arch/arm/cpu/arm1176/nxp2120/libnxp2120.a(nx_timer.o)
 .rodata        0x8012f60c       0x34 arch/arm/cpu/arm1176/nxp2120/libnxp2120.a(nx_uart.o)
 .rodata        0x8012f640       0x80 arch/arm/lib/libarm.a(interrupts.o)
 .rodata        0x8012f6c0       0x4c common/libcommon.a(cmd_bootm.o)
 .rodata        0x8012f70c       0x14 common/libcommon.a(cmd_nvedit.o)
 .rodata        0x8012f720       0x20 common/libcommon.a(xyzModem.o)
 .rodata        0x8012f740      0x1b0 board/nxp2120/dtk/libdtk.a(board.o)
 .rodata        0x8012f8f0      0x400 lib/libgeneric.a(crc32.o)
 .rodata        0x8012fcf0      0x9cc lib/libgeneric.a(zlib.o)
                0x80130694                z_errmsg
 .rodata        0x801306bc       0x18 disk/libdisk.a(part.o)
 .rodata        0x801306d4       0x64 arch/arm/cpu/arm1176/nxp2120/libnxp2120.a(cmd_udown.o)
 .rodata        0x80130738      0x200 lib/libgeneric.a(crc16.o)
 .rodata        0x80130938        0xc arch/arm/cpu/arm1176/nxp2120/libnxp2120.a(wakeup.o)
 .rodata        0x80130944       0x3f arch/arm/cpu/arm1176/nxp2120/libnxp2120.a(sdhc.o)
 .rodata        0x80130983       0x12 arch/arm/cpu/arm1176/nxp2120/libnxp2120.a(nx_clkpwr.o)
 .rodata        0x80130995        0x4 arch/arm/cpu/arm1176/nxp2120/libnxp2120.a(nx_mlc.o)
 .rodata        0x80130999       0x28 arch/arm/lib/libarm.a(board.o)
                0x80130999                version_string
 .rodata        0x801309c1        0x7 net/libnet.a(eth.o)
 .rodata        0x801309c8        0x7 net/libnet.a(net.o)
 .rodata        0x801309cf        0x5 drivers/mtd/nand/libnand.a(nand.o)
 .rodata        0x801309d4       0x64 drivers/mtd/nand/libnand.a(nand_base.o)
 .rodata        0x80130a38       0x1c drivers/mtd/nand/libnand.a(nand_bbt.o)
 .rodata        0x80130a54      0x100 drivers/mtd/nand/libnand.a(nand_ecc.o)
 .rodata        0x80130b54       0x16 common/libcommon.a(command.o)
 .rodata        0x80130b6a        0x2 common/libcommon.a(usb_storage.o)
 .rodata        0x80130b6c        0x6 lib/libgeneric.a(display_options.o)
 .rodata        0x80130b72       0x21 lib/libgeneric.a(vsprintf.o)
                0x80130b82                hex_asc
 .rodata        0x80130b93       0x10 arch/arm/cpu/arm1176/nxp2120/libnxp2120.a(nand.o)
 .rodata        0x80130ba3       0x3a arch/arm/cpu/arm1176/nxp2120/libnxp2120.a(nand_ecc.o)
 .rodata        0x80130bdd       0x3f drivers/usb/host/libusb_host.a(ehci-hcd.o)
 .rodata.str1.1
                0x80130c1c       0x63 arch/arm/cpu/arm1176/nxp2120/libnxp2120.a(cpu.o)
 .rodata.str1.1
                0x80130c7f      0x41e arch/arm/cpu/arm1176/nxp2120/libnxp2120.a(nxp2120.o)
                                0x43f (size before relaxing)
 .rodata.str1.1
                0x8013109d       0x5b arch/arm/cpu/arm1176/nxp2120/libnxp2120.a(wakeup.o)
 .rodata.str1.1
                0x801310f8      0x2b8 arch/arm/cpu/arm1176/nxp2120/libnxp2120.a(sdhc.o)
 .rodata.str1.1
                0x801313b0      0x1a6 arch/arm/cpu/arm1176/nxp2120/libnxp2120.a(cmd.o)
                                0x1c6 (size before relaxing)
 .rodata.str1.1
                0x80131556       0x4e arch/arm/cpu/arm1176/nxp2120/libnxp2120.a(cmd_udown.o)
 .rodata.str1.1
                0x801315a4       0x19 arch/arm/cpu/arm1176/nxp2120/libnxp2120.a(BootHeader.o)
 .rodata.str1.1
                0x801315bd       0x73 arch/arm/lib/libarm.a(board.o)
                                 0x75 (size before relaxing)
 .rodata.str1.1
                0x80131630      0x264 arch/arm/lib/libarm.a(interrupts.o)
                                0x27b (size before relaxing)
 .rodata.str1.1
                0x80131894       0xc5 net/libnet.a(eth.o)
                                 0xdf (size before relaxing)
 .rodata.str1.1
                0x80131959      0x20c net/libnet.a(net.o)
                                0x217 (size before relaxing)
 .rodata.str1.1
                0x80131b65      0x193 net/libnet.a(nfs.o)
                                0x1a9 (size before relaxing)
 .rodata.str1.1
                0x80131cf8       0x20 net/libnet.a(rarp.o)
                                 0x47 (size before relaxing)
 .rodata.str1.1
                0x80131d18      0x162 net/libnet.a(tftp.o)
                                0x249 (size before relaxing)
 .rodata.str1.1
                0x80131e7a      0x100 net/libnet.a(bootp.o)
                                0x13d (size before relaxing)
 .rodata.str1.1
                0x80131f7a       0xbf drivers/mmc/libmmc.a(mmc.o)
                                 0xcb (size before relaxing)
 .rodata.str1.1
                0x80132039        0x8 drivers/mtd/nand/libnand.a(nand.o)
 .rodata.str1.1
                0x80132041      0x331 drivers/mtd/nand/libnand.a(nand_base.o)
 .rodata.str1.1
                0x80132372      0x342 drivers/mtd/nand/libnand.a(nand_bbt.o)
                                0x364 (size before relaxing)
 .rodata.str1.1
                0x801326b4      0x4d9 drivers/mtd/nand/libnand.a(nand_ids.o)
                                0x4ef (size before relaxing)
 .rodata.str1.1
                0x80132b8d       0xaa common/libcommon.a(cmd_bdinfo.o)
                                 0xb3 (size before relaxing)
 .rodata.str1.1
                0x80132c37       0xef common/libcommon.a(cmd_boot.o)
                                 0xf0 (size before relaxing)
 .rodata.str1.1
                0x80132d26      0x7be common/libcommon.a(cmd_bootm.o)
                                0x829 (size before relaxing)
 .rodata.str1.1
                0x801334e4       0x5c common/libcommon.a(cmd_console.o)
                                 0x61 (size before relaxing)
 .rodata.str1.1
                0x80133540       0x50 common/libcommon.a(cmd_echo.o)
                                 0x55 (size before relaxing)
 .rodata.str1.1
                0x80133590       0x11 common/libcommon.a(cmd_exit.o)
                                 0x12 (size before relaxing)
 .rodata.str1.1
                0x801335a1      0x2c0 common/libcommon.a(cmd_falinux.o)
                                0x2f2 (size before relaxing)
 .rodata.str1.1
                0x80133861      0x396 common/libcommon.a(cmd_fat.o)
                                0x3a5 (size before relaxing)
 .rodata.str1.1
                0x80133bf7      0x4b6 common/libcommon.a(cmd_flash.o)
                                0x4bd (size before relaxing)
 .rodata.str1.1